#
# There is insufficient memory for the Java Runtime Environment to continue.
# Native memory allocation (malloc) failed to allocate 1426320 bytes. Error detail: Chunk::new
# Possible reasons:
#   The system is out of physical RAM or swap space
#   This process is running with CompressedOops enabled, and the Java Heap may be blocking the growth of the native heap
# Possible solutions:
#   Reduce memory load on the system
#   Increase physical memory or swap space
#   Check if swap backing store is full
#   Decrease Java heap size (-Xmx/-Xms)
#   Decrease number of Java threads
#   Decrease Java thread stack sizes (-Xss)
#   Set larger code cache with -XX:ReservedCodeCacheSize=
#   JVM is running with Unscaled Compressed Oops mode in which the Java heap is
#     placed in the first 4GB address space. The Java Heap base address is the
#     maximum limit for the native heap growth. Please use -XX:HeapBaseMinAddress
#     to set the Java Heap base and to place the Java Heap above 4GB virtual address.
# This output file may be truncated or incomplete.
#
#  Out of Memory Error (arena.cpp:168), pid=5536, tid=8584
#
# JRE version: OpenJDK Runtime Environment (21.0.9) (build 21.0.9+-14787801-b1163.94)
# Java VM: OpenJDK 64-Bit Server VM (21.0.9+-14787801-b1163.94, mixed mode, tiered, compressed oops, compressed class ptrs, g1 gc, windows-amd64)
# No core dump will be written. Minidumps are not enabled by default on client versions of Windows
#

---------------  S U M M A R Y ------------

Command Line: --add-opens=java.base/java.util=ALL-UNNAMED --add-opens=java.base/java.lang=ALL-UNNAMED --add-opens=java.base/java.lang.invoke=ALL-UNNAMED --add-opens=java.prefs/java.util.prefs=ALL-UNNAMED --add-opens=java.base/java.nio.charset=ALL-UNNAMED --add-opens=java.base/java.net=ALL-UNNAMED --add-opens=java.base/java.util.concurrent.atomic=ALL-UNNAMED -Xmx2048m -Dfile.encoding=UTF-8 -Duser.country=LU -Duser.language=fr -Duser.variant -javaagent:C:\Users\Tortue\.gradle\wrapper\dists\gradle-8.7-bin\bhs2wmbdwecv87pi65oeuq5iu\gradle-8.7\lib\agents\gradle-instrumentation-agent-8.7.jar org.gradle.launcher.daemon.bootstrap.GradleDaemon 8.7

Host: Intel(R) Core(TM) i3-4100M CPU @ 2.50GHz, 4 cores, 11G,  Windows 10 , 64 bit Build 19041 (10.0.19041.5915)
Time: Sun May 10 16:36:01 2026 elapsed time: 15.528128 seconds (0d 0h 0m 15s)

---------------  T H R E A D  ---------------

Current thread (0x0000011a8a6d25a0):  JavaThread "C2 CompilerThread1" daemon [_thread_in_native, id=8584, stack(0x0000000a32400000,0x0000000a32500000) (1024K)]


Current CompileTask:
C2:15528 7912       4       sun.nio.fs.WindowsFileSystemProvider::readAttributes (63 bytes)

Stack: [0x0000000a32400000,0x0000000a32500000]
Native frames: (J=compiled Java code, j=interpreted, Vv=VM code, C=native code)
V  [jvm.dll+0x6d6c99]
V  [jvm.dll+0x866b83]
V  [jvm.dll+0x8691ae]
V  [jvm.dll+0x869893]
V  [jvm.dll+0x280776]
V  [jvm.dll+0xc07cd]
V  [jvm.dll+0xc0d03]
V  [jvm.dll+0x3b986b]
V  [jvm.dll+0x3856a7]
V  [jvm.dll+0x384b1a]
V  [jvm.dll+0x249462]
V  [jvm.dll+0x248a31]
V  [jvm.dll+0x1c7344]
V  [jvm.dll+0x2581ae]
V  [jvm.dll+0x2566f6]
V  [jvm.dll+0x3f48a6]
V  [jvm.dll+0x80f118]
V  [jvm.dll+0x6d54ed]
C  [ucrtbase.dll+0x21bb2]
C  [KERNEL32.DLL+0x17374]
C  [ntdll.dll+0x4cc91]


---------------  P R O C E S S  ---------------

Threads class SMR info:
_java_thread_list=0x0000011a88fbaa00, length=48, elements={
0x0000011ae85a1030, 0x0000011aff7f75b0, 0x0000011aff8174e0, 0x0000011aff817f40,
0x0000011aff825cd0, 0x0000011aff826730, 0x0000011aff81bde0, 0x0000011aff81c840,
0x0000011aff81d5d0, 0x0000011aff804410, 0x0000011affad4ae0, 0x0000011a86c75020,
0x0000011a86b0d840, 0x0000011a87e63e60, 0x0000011a86b7fcf0, 0x0000011a86b80360,
0x0000011a87a407d0, 0x0000011a86bc04b0, 0x0000011a86bbfe20, 0x0000011a86bc0b40,
0x0000011a86bc1860, 0x0000011a86bc11d0, 0x0000011a86bc1ef0, 0x0000011a86bc2580,
0x0000011a86bbf790, 0x0000011a8a551060, 0x0000011a8a5516f0, 0x0000011a8a551d80,
0x0000011a8a54fcb0, 0x0000011a8a54ef90, 0x0000011a8a54e900, 0x0000011a8a550340,
0x0000011a8a5509d0, 0x0000011a8a295a10, 0x0000011a8a294cf0, 0x0000011a8a6d25a0,
0x0000011a8a295380, 0x0000011a8a29c310, 0x0000011a8a29bc80, 0x0000011a8a299520,
0x0000011a8a298170, 0x0000011a8a296dc0, 0x0000011a8a297450, 0x0000011a8a298800,
0x0000011a8a29a240, 0x0000011a8a298e90, 0x0000011a8a29a8d0, 0x0000011a8c056e80
}

Java Threads: ( => current thread )
  0x0000011ae85a1030 JavaThread "main"                              [_thread_blocked, id=5412, stack(0x0000000a2f700000,0x0000000a2f800000) (1024K)]
  0x0000011aff7f75b0 JavaThread "Common-Cleaner"             daemon [_thread_blocked, id=11252, stack(0x0000000a2ff00000,0x0000000a30000000) (1024K)]
  0x0000011aff8174e0 JavaThread "Reference Handler"          daemon [_thread_blocked, id=10324, stack(0x0000000a30000000,0x0000000a30100000) (1024K)]
  0x0000011aff817f40 JavaThread "Finalizer"                  daemon [_thread_blocked, id=1672, stack(0x0000000a30100000,0x0000000a30200000) (1024K)]
  0x0000011aff825cd0 JavaThread "Signal Dispatcher"          daemon [_thread_blocked, id=8140, stack(0x0000000a30200000,0x0000000a30300000) (1024K)]
  0x0000011aff826730 JavaThread "Attach Listener"            daemon [_thread_blocked, id=11168, stack(0x0000000a30300000,0x0000000a30400000) (1024K)]
  0x0000011aff81bde0 JavaThread "Service Thread"             daemon [_thread_blocked, id=9508, stack(0x0000000a30400000,0x0000000a30500000) (1024K)]
  0x0000011aff81c840 JavaThread "Monitor Deflation Thread"   daemon [_thread_blocked, id=12592, stack(0x0000000a30500000,0x0000000a30600000) (1024K)]
  0x0000011aff81d5d0 JavaThread "C2 CompilerThread0"         daemon [_thread_in_native, id=1920, stack(0x0000000a30600000,0x0000000a30700000) (1024K)]
  0x0000011aff804410 JavaThread "C1 CompilerThread0"         daemon [_thread_blocked, id=11960, stack(0x0000000a30700000,0x0000000a30800000) (1024K)]
  0x0000011affad4ae0 JavaThread "Notification Thread"        daemon [_thread_blocked, id=11552, stack(0x0000000a30800000,0x0000000a30900000) (1024K)]
  0x0000011a86c75020 JavaThread "Daemon health stats"               [_thread_blocked, id=10816, stack(0x0000000a30d00000,0x0000000a30e00000) (1024K)]
  0x0000011a86b0d840 JavaThread "Incoming local TCP Connector on port 51323"        [_thread_in_native, id=1412, stack(0x0000000a30e00000,0x0000000a30f00000) (1024K)]
  0x0000011a87e63e60 JavaThread "Daemon periodic checks"            [_thread_blocked, id=13324, stack(0x0000000a30f00000,0x0000000a31000000) (1024K)]
  0x0000011a86b7fcf0 JavaThread "Daemon"                            [_thread_blocked, id=3916, stack(0x0000000a31000000,0x0000000a31100000) (1024K)]
  0x0000011a86b80360 JavaThread "Handler for socket connection from /127.0.0.1:51323 to /127.0.0.1:51324"        [_thread_in_native, id=3944, stack(0x0000000a31100000,0x0000000a31200000) (1024K)]
  0x0000011a87a407d0 JavaThread "Cancel handler"                    [_thread_blocked, id=9032, stack(0x0000000a31200000,0x0000000a31300000) (1024K)]
  0x0000011a86bc04b0 JavaThread "Daemon worker"                     [_thread_in_vm, id=14468, stack(0x0000000a31300000,0x0000000a31400000) (1024K)]
  0x0000011a86bbfe20 JavaThread "Asynchronous log dispatcher for DefaultDaemonConnection: socket connection from /127.0.0.1:51323 to /127.0.0.1:51324"        [_thread_blocked, id=11268, stack(0x0000000a31400000,0x0000000a31500000) (1024K)]
  0x0000011a86bc0b40 JavaThread "Stdin handler"                     [_thread_blocked, id=14124, stack(0x0000000a31500000,0x0000000a31600000) (1024K)]
  0x0000011a86bc1860 JavaThread "Daemon client event forwarder"        [_thread_blocked, id=12756, stack(0x0000000a31600000,0x0000000a31700000) (1024K)]
  0x0000011a86bc11d0 JavaThread "Cache worker for journal cache (C:\Users\Tortue\.gradle\caches\journal-1)"        [_thread_blocked, id=13244, stack(0x0000000a31700000,0x0000000a31800000) (1024K)]
  0x0000011a86bc1ef0 JavaThread "File lock request listener"        [_thread_in_native, id=14384, stack(0x0000000a31800000,0x0000000a31900000) (1024K)]
  0x0000011a86bc2580 JavaThread "Cache worker for file hash cache (C:\Users\Tortue\.gradle\caches\8.7\fileHashes)"        [_thread_blocked, id=14732, stack(0x0000000a31900000,0x0000000a31a00000) (1024K)]
  0x0000011a86bbf790 JavaThread "Cache worker for file hash cache (E:\M1 Projet 2025\Kajimbatsiko\.gradle\8.7\fileHashes)"        [_thread_blocked, id=1324, stack(0x0000000a31a00000,0x0000000a31b00000) (1024K)]
  0x0000011a8a551060 JavaThread "File watcher server"        daemon [_thread_in_native, id=1248, stack(0x0000000a31b00000,0x0000000a31c00000) (1024K)]
  0x0000011a8a5516f0 JavaThread "File watcher consumer"      daemon [_thread_blocked, id=2072, stack(0x0000000a31c00000,0x0000000a31d00000) (1024K)]
  0x0000011a8a551d80 JavaThread "jar transforms"                    [_thread_blocked, id=1272, stack(0x0000000a31d00000,0x0000000a31e00000) (1024K)]
  0x0000011a8a54fcb0 JavaThread "jar transforms Thread 2"           [_thread_blocked, id=7996, stack(0x0000000a31e00000,0x0000000a31f00000) (1024K)]
  0x0000011a8a54ef90 JavaThread "jar transforms Thread 3"           [_thread_blocked, id=14404, stack(0x0000000a31f00000,0x0000000a32000000) (1024K)]
  0x0000011a8a54e900 JavaThread "jar transforms Thread 4"           [_thread_blocked, id=4404, stack(0x0000000a32000000,0x0000000a32100000) (1024K)]
  0x0000011a8a550340 JavaThread "Cache worker for checksums cache (E:\M1 Projet 2025\Kajimbatsiko\.gradle\8.7\checksums)"        [_thread_blocked, id=11656, stack(0x0000000a32100000,0x0000000a32200000) (1024K)]
  0x0000011a8a5509d0 JavaThread "Cache worker for cache directory md-supplier (C:\Users\Tortue\.gradle\caches\8.7\md-supplier)"        [_thread_blocked, id=232, stack(0x0000000a30900000,0x0000000a30a00000) (1024K)]
  0x0000011a8a295a10 JavaThread "Cache worker for cache directory md-rule (C:\Users\Tortue\.gradle\caches\8.7\md-rule)"        [_thread_blocked, id=2684, stack(0x0000000a32200000,0x0000000a32300000) (1024K)]
  0x0000011a8a294cf0 JavaThread "Cache worker for file content cache (C:\Users\Tortue\.gradle\caches\8.7\fileContent)"        [_thread_blocked, id=12464, stack(0x0000000a32300000,0x0000000a32400000) (1024K)]
=>0x0000011a8a6d25a0 JavaThread "C2 CompilerThread1"         daemon [_thread_in_native, id=8584, stack(0x0000000a32400000,0x0000000a32500000) (1024K)]
  0x0000011a8a295380 JavaThread "Unconstrained build operations"        [_thread_blocked, id=4732, stack(0x0000000a32500000,0x0000000a32600000) (1024K)]
  0x0000011a8a29c310 JavaThread "Unconstrained build operations Thread 2"        [_thread_blocked, id=11592, stack(0x0000000a32600000,0x0000000a32700000) (1024K)]
  0x0000011a8a29bc80 JavaThread "Unconstrained build operations Thread 3"        [_thread_blocked, id=7876, stack(0x0000000a32700000,0x0000000a32800000) (1024K)]
  0x0000011a8a299520 JavaThread "Unconstrained build operations Thread 4"        [_thread_blocked, id=2508, stack(0x0000000a32800000,0x0000000a32900000) (1024K)]
  0x0000011a8a298170 JavaThread "Unconstrained build operations Thread 5"        [_thread_blocked, id=15072, stack(0x0000000a32900000,0x0000000a32a00000) (1024K)]
  0x0000011a8a296dc0 JavaThread "Cache worker for Build Output Cleanup Cache (E:\M1 Projet 2025\Kajimbatsiko\.gradle\buildOutputCleanup)"        [_thread_blocked, id=7696, stack(0x0000000a32a00000,0x0000000a32b00000) (1024K)]
  0x0000011a8a297450 JavaThread "Unconstrained build operations Thread 6"        [_thread_blocked, id=7080, stack(0x0000000a32b00000,0x0000000a32c00000) (1024K)]
  0x0000011a8a298800 JavaThread "Unconstrained build operations Thread 7"        [_thread_blocked, id=12144, stack(0x0000000a32c00000,0x0000000a32d00000) (1024K)]
  0x0000011a8a29a240 JavaThread "Unconstrained build operations Thread 8"        [_thread_blocked, id=8948, stack(0x0000000a32d00000,0x0000000a32e00000) (1024K)]
  0x0000011a8a298e90 JavaThread "Unconstrained build operations Thread 9"        [_thread_blocked, id=4796, stack(0x0000000a32e00000,0x0000000a32f00000) (1024K)]
  0x0000011a8a29a8d0 JavaThread "Unconstrained build operations Thread 10"        [_thread_blocked, id=14400, stack(0x0000000a32f00000,0x0000000a33000000) (1024K)]
  0x0000011a8c056e80 JavaThread "Unconstrained build operations Thread 11"        [_thread_blocked, id=8492, stack(0x0000000a33000000,0x0000000a33100000) (1024K)]
Total: 48

Other Threads:
  0x0000011aff62eab0 VMThread "VM Thread"                           [id=13900, stack(0x0000000a2fe00000,0x0000000a2ff00000) (1024K)]
  0x0000011aff5dabe0 WatcherThread "VM Periodic Task Thread"        [id=3300, stack(0x0000000a2fd00000,0x0000000a2fe00000) (1024K)]
  0x0000011aea803260 WorkerThread "GC Thread#0"                     [id=5360, stack(0x0000000a2f800000,0x0000000a2f900000) (1024K)]
  0x0000011a861d1200 WorkerThread "GC Thread#1"                     [id=5888, stack(0x0000000a30a00000,0x0000000a30b00000) (1024K)]
  0x0000011a861d15a0 WorkerThread "GC Thread#2"                     [id=10820, stack(0x0000000a30b00000,0x0000000a30c00000) (1024K)]
  0x0000011a861d1940 WorkerThread "GC Thread#3"                     [id=14752, stack(0x0000000a30c00000,0x0000000a30d00000) (1024K)]
  0x0000011aea814150 ConcurrentGCThread "G1 Main Marker"            [id=13764, stack(0x0000000a2f900000,0x0000000a2fa00000) (1024K)]
  0x0000011aea814cd0 WorkerThread "G1 Conc#0"                       [id=14156, stack(0x0000000a2fa00000,0x0000000a2fb00000) (1024K)]
  0x0000011aff4b2570 ConcurrentGCThread "G1 Refine#0"               [id=9060, stack(0x0000000a2fb00000,0x0000000a2fc00000) (1024K)]
  0x0000011aff4b2f00 ConcurrentGCThread "G1 Service"                [id=14800, stack(0x0000000a2fc00000,0x0000000a2fd00000) (1024K)]
Total: 10

Threads with active compile tasks:
C2 CompilerThread0  15572 7941       4       org.objectweb.asm.ByteVector::putUTF8 (144 bytes)
C2 CompilerThread1  15572 7912       4       sun.nio.fs.WindowsFileSystemProvider::readAttributes (63 bytes)
Total: 2

VM state: not at safepoint (normal execution)

VM Mutex/Monitor currently owned by a thread: None

Heap address: 0x0000000080000000, size: 2048 MB, Compressed Oops mode: 32-bit

CDS archive(s) not mapped
Compressed class space mapped at: 0x0000000100000000-0x0000000140000000, reserved size: 1073741824
Narrow klass base: 0x0000000000000000, Narrow klass shift: 3, Narrow klass range: 0x140000000

GC Precious Log:
 CardTable entry size: 512
 Card Set container configuration: InlinePtr #cards 5 size 8 Array Of Cards #cards 12 size 40 Howl #buckets 4 coarsen threshold 1843 Howl Bitmap #cards 512 size 80 coarsen threshold 460 Card regions per heap region 1 cards per card region 2048
 CPUs: 4 total, 4 available
 Memory: 12196M
 Large Page Support: Disabled
 NUMA Support: Disabled
 Compressed Oops: Enabled (32-bit)
 Heap Region Size: 1M
 Heap Min Capacity: 8M
 Heap Initial Capacity: 192M
 Heap Max Capacity: 2G
 Pre-touch: Disabled
 Parallel Workers: 4
 Concurrent Workers: 1
 Concurrent Refinement Workers: 4
 Periodic GC: Disabled

Heap:
 garbage-first heap   total 144384K, used 105856K [0x0000000080000000, 0x0000000100000000)
  region size 1024K, 32 young (32768K), 5 survivors (5120K)
 Metaspace       used 67627K, committed 69312K, reserved 1114112K
  class space    used 9512K, committed 10368K, reserved 1048576K

Heap Regions: E=young(eden), S=young(survivor), O=old, HS=humongous(starts), HC=humongous(continues), CS=collection set, F=free, TAMS=top-at-mark-start, PB=parsable bottom
|   0|0x0000000080000000, 0x0000000080100000, 0x0000000080100000|100%|HS|  |TAMS 0x0000000080000000| PB 0x0000000080000000| Complete 
|   1|0x0000000080100000, 0x0000000080200000, 0x0000000080200000|100%|HC|  |TAMS 0x0000000080100000| PB 0x0000000080100000| Complete 
|   2|0x0000000080200000, 0x0000000080300000, 0x0000000080300000|100%|HC|  |TAMS 0x0000000080200000| PB 0x0000000080200000| Complete 
|   3|0x0000000080300000, 0x0000000080400000, 0x0000000080400000|100%|HC|  |TAMS 0x0000000080300000| PB 0x0000000080300000| Complete 
|   4|0x0000000080400000, 0x0000000080500000, 0x0000000080500000|100%| O|  |TAMS 0x0000000080400000| PB 0x0000000080400000| Untracked 
|   5|0x0000000080500000, 0x0000000080600000, 0x0000000080600000|100%| O|  |TAMS 0x0000000080500000| PB 0x0000000080500000| Untracked 
|   6|0x0000000080600000, 0x0000000080700000, 0x0000000080700000|100%|HS|  |TAMS 0x0000000080600000| PB 0x0000000080600000| Complete 
|   7|0x0000000080700000, 0x0000000080800000, 0x0000000080800000|100%| O|  |TAMS 0x0000000080700000| PB 0x0000000080700000| Untracked 
|   8|0x0000000080800000, 0x0000000080900000, 0x0000000080900000|100%| O|  |TAMS 0x0000000080800000| PB 0x0000000080800000| Untracked 
|   9|0x0000000080900000, 0x0000000080a00000, 0x0000000080a00000|100%| O|  |TAMS 0x0000000080900000| PB 0x0000000080900000| Untracked 
|  10|0x0000000080a00000, 0x0000000080b00000, 0x0000000080b00000|100%| O|  |TAMS 0x0000000080a00000| PB 0x0000000080a00000| Untracked 
|  11|0x0000000080b00000, 0x0000000080c00000, 0x0000000080c00000|100%| O|  |TAMS 0x0000000080b00000| PB 0x0000000080b00000| Untracked 
|  12|0x0000000080c00000, 0x0000000080d00000, 0x0000000080d00000|100%| O|  |TAMS 0x0000000080c00000| PB 0x0000000080c00000| Untracked 
|  13|0x0000000080d00000, 0x0000000080e00000, 0x0000000080e00000|100%| O|  |TAMS 0x0000000080d00000| PB 0x0000000080d00000| Untracked 
|  14|0x0000000080e00000, 0x0000000080f00000, 0x0000000080f00000|100%| O|  |TAMS 0x0000000080e00000| PB 0x0000000080e00000| Untracked 
|  15|0x0000000080f00000, 0x0000000081000000, 0x0000000081000000|100%| O|  |TAMS 0x0000000080f00000| PB 0x0000000080f00000| Untracked 
|  16|0x0000000081000000, 0x0000000081100000, 0x0000000081100000|100%| O|  |TAMS 0x0000000081000000| PB 0x0000000081000000| Untracked 
|  17|0x0000000081100000, 0x0000000081200000, 0x0000000081200000|100%| O|  |TAMS 0x0000000081100000| PB 0x0000000081100000| Untracked 
|  18|0x0000000081200000, 0x0000000081300000, 0x0000000081300000|100%| O|  |TAMS 0x0000000081200000| PB 0x0000000081200000| Untracked 
|  19|0x0000000081300000, 0x0000000081400000, 0x0000000081400000|100%| O|  |TAMS 0x0000000081300000| PB 0x0000000081300000| Untracked 
|  20|0x0000000081400000, 0x0000000081500000, 0x0000000081500000|100%|HS|  |TAMS 0x0000000081400000| PB 0x0000000081400000| Complete 
|  21|0x0000000081500000, 0x0000000081600000, 0x0000000081600000|100%|HS|  |TAMS 0x0000000081500000| PB 0x0000000081500000| Complete 
|  22|0x0000000081600000, 0x0000000081700000, 0x0000000081700000|100%|HC|  |TAMS 0x0000000081600000| PB 0x0000000081600000| Complete 
|  23|0x0000000081700000, 0x0000000081800000, 0x0000000081800000|100%|HC|  |TAMS 0x0000000081700000| PB 0x0000000081700000| Complete 
|  24|0x0000000081800000, 0x0000000081900000, 0x0000000081900000|100%|HC|  |TAMS 0x0000000081800000| PB 0x0000000081800000| Complete 
|  25|0x0000000081900000, 0x0000000081a00000, 0x0000000081a00000|100%|HC|  |TAMS 0x0000000081900000| PB 0x0000000081900000| Complete 
|  26|0x0000000081a00000, 0x0000000081b00000, 0x0000000081b00000|100%|HC|  |TAMS 0x0000000081a00000| PB 0x0000000081a00000| Complete 
|  27|0x0000000081b00000, 0x0000000081c00000, 0x0000000081c00000|100%|HS|  |TAMS 0x0000000081b00000| PB 0x0000000081b00000| Complete 
|  28|0x0000000081c00000, 0x0000000081d00000, 0x0000000081d00000|100%|HC|  |TAMS 0x0000000081c00000| PB 0x0000000081c00000| Complete 
|  29|0x0000000081d00000, 0x0000000081e00000, 0x0000000081e00000|100%| O|  |TAMS 0x0000000081d00000| PB 0x0000000081d00000| Untracked 
|  30|0x0000000081e00000, 0x0000000081f00000, 0x0000000081f00000|100%| O|  |TAMS 0x0000000081e00000| PB 0x0000000081e00000| Untracked 
|  31|0x0000000081f00000, 0x0000000082000000, 0x0000000082000000|100%|HS|  |TAMS 0x0000000081f00000| PB 0x0000000081f00000| Complete 
|  32|0x0000000082000000, 0x0000000082100000, 0x0000000082100000|100%|HC|  |TAMS 0x0000000082000000| PB 0x0000000082000000| Complete 
|  33|0x0000000082100000, 0x0000000082200000, 0x0000000082200000|100%|HC|  |TAMS 0x0000000082100000| PB 0x0000000082100000| Complete 
|  34|0x0000000082200000, 0x0000000082300000, 0x0000000082300000|100%|HC|  |TAMS 0x0000000082200000| PB 0x0000000082200000| Complete 
|  35|0x0000000082300000, 0x0000000082400000, 0x0000000082400000|100%|HC|  |TAMS 0x0000000082300000| PB 0x0000000082300000| Complete 
|  36|0x0000000082400000, 0x0000000082500000, 0x0000000082500000|100%|HC|  |TAMS 0x0000000082400000| PB 0x0000000082400000| Complete 
|  37|0x0000000082500000, 0x0000000082600000, 0x0000000082600000|100%|HS|  |TAMS 0x0000000082500000| PB 0x0000000082500000| Complete 
|  38|0x0000000082600000, 0x0000000082700000, 0x0000000082700000|100%|HC|  |TAMS 0x0000000082600000| PB 0x0000000082600000| Complete 
|  39|0x0000000082700000, 0x0000000082800000, 0x0000000082800000|100%|HS|  |TAMS 0x0000000082700000| PB 0x0000000082700000| Complete 
|  40|0x0000000082800000, 0x0000000082900000, 0x0000000082900000|100%| O|  |TAMS 0x0000000082800000| PB 0x0000000082800000| Untracked 
|  41|0x0000000082900000, 0x0000000082a00000, 0x0000000082a00000|100%| O|  |TAMS 0x0000000082900000| PB 0x0000000082900000| Untracked 
|  42|0x0000000082a00000, 0x0000000082b00000, 0x0000000082b00000|100%| O|  |TAMS 0x0000000082a00000| PB 0x0000000082a00000| Untracked 
|  43|0x0000000082b00000, 0x0000000082c00000, 0x0000000082c00000|100%| O|  |TAMS 0x0000000082b00000| PB 0x0000000082b00000| Untracked 
|  44|0x0000000082c00000, 0x0000000082d00000, 0x0000000082d00000|100%| O|  |TAMS 0x0000000082c00000| PB 0x0000000082c00000| Untracked 
|  45|0x0000000082d00000, 0x0000000082e00000, 0x0000000082e00000|100%| O|  |TAMS 0x0000000082d00000| PB 0x0000000082d00000| Untracked 
|  46|0x0000000082e00000, 0x0000000082f00000, 0x0000000082f00000|100%| O|  |TAMS 0x0000000082e00000| PB 0x0000000082e00000| Untracked 
|  47|0x0000000082f00000, 0x0000000083000000, 0x0000000083000000|100%| O|  |TAMS 0x0000000082f00000| PB 0x0000000082f00000| Untracked 
|  48|0x0000000083000000, 0x0000000083100000, 0x0000000083100000|100%|HS|  |TAMS 0x0000000083000000| PB 0x0000000083000000| Complete 
|  49|0x0000000083100000, 0x0000000083200000, 0x0000000083200000|100%|HC|  |TAMS 0x0000000083100000| PB 0x0000000083100000| Complete 
|  50|0x0000000083200000, 0x0000000083300000, 0x0000000083300000|100%| O|  |TAMS 0x0000000083200000| PB 0x0000000083200000| Untracked 
|  51|0x0000000083300000, 0x0000000083400000, 0x0000000083400000|100%| O|  |TAMS 0x0000000083300000| PB 0x0000000083300000| Untracked 
|  52|0x0000000083400000, 0x0000000083500000, 0x0000000083500000|100%| O|  |TAMS 0x0000000083400000| PB 0x0000000083400000| Untracked 
|  53|0x0000000083500000, 0x0000000083600000, 0x0000000083600000|100%| O|  |TAMS 0x0000000083500000| PB 0x0000000083500000| Untracked 
|  54|0x0000000083600000, 0x0000000083700000, 0x0000000083700000|100%| O|  |TAMS 0x0000000083600000| PB 0x0000000083600000| Untracked 
|  55|0x0000000083700000, 0x0000000083800000, 0x0000000083800000|100%| O|  |TAMS 0x0000000083700000| PB 0x0000000083700000| Untracked 
|  56|0x0000000083800000, 0x0000000083900000, 0x0000000083900000|100%| O|  |TAMS 0x0000000083800000| PB 0x0000000083800000| Untracked 
|  57|0x0000000083900000, 0x0000000083a00000, 0x0000000083a00000|100%| O|  |TAMS 0x0000000083900000| PB 0x0000000083900000| Untracked 
|  58|0x0000000083a00000, 0x0000000083b00000, 0x0000000083b00000|100%| O|  |TAMS 0x0000000083a00000| PB 0x0000000083a00000| Untracked 
|  59|0x0000000083b00000, 0x0000000083c00000, 0x0000000083c00000|100%| O|  |TAMS 0x0000000083b00000| PB 0x0000000083b00000| Untracked 
|  60|0x0000000083c00000, 0x0000000083d00000, 0x0000000083d00000|100%| O|  |TAMS 0x0000000083c00000| PB 0x0000000083c00000| Untracked 
|  61|0x0000000083d00000, 0x0000000083e00000, 0x0000000083e00000|100%| O|  |TAMS 0x0000000083d00000| PB 0x0000000083d00000| Untracked 
|  62|0x0000000083e00000, 0x0000000083f00000, 0x0000000083f00000|100%| O|  |TAMS 0x0000000083e00000| PB 0x0000000083e00000| Untracked 
|  63|0x0000000083f00000, 0x0000000083f60210, 0x0000000084000000| 37%| O|  |TAMS 0x0000000083f00000| PB 0x0000000083f00000| Untracked 
|  64|0x0000000084000000, 0x0000000084100000, 0x0000000084100000|100%| O|  |TAMS 0x0000000084000000| PB 0x0000000084000000| Untracked 
|  65|0x0000000084100000, 0x0000000084200000, 0x0000000084200000|100%|HS|  |TAMS 0x0000000084100000| PB 0x0000000084100000| Complete 
|  66|0x0000000084200000, 0x0000000084300000, 0x0000000084300000|100%|HS|  |TAMS 0x0000000084200000| PB 0x0000000084200000| Complete 
|  67|0x0000000084300000, 0x0000000084400000, 0x0000000084400000|100%|HS|  |TAMS 0x0000000084300000| PB 0x0000000084300000| Complete 
|  68|0x0000000084400000, 0x0000000084400000, 0x0000000084500000|  0%| F|  |TAMS 0x0000000084400000| PB 0x0000000084400000| Untracked 
|  69|0x0000000084500000, 0x0000000084500000, 0x0000000084600000|  0%| F|  |TAMS 0x0000000084500000| PB 0x0000000084500000| Untracked 
|  70|0x0000000084600000, 0x0000000084700000, 0x0000000084700000|100%| S|CS|TAMS 0x0000000084600000| PB 0x0000000084600000| Complete 
|  71|0x0000000084700000, 0x0000000084800000, 0x0000000084800000|100%| S|CS|TAMS 0x0000000084700000| PB 0x0000000084700000| Complete 
|  72|0x0000000084800000, 0x0000000084900000, 0x0000000084900000|100%| S|CS|TAMS 0x0000000084800000| PB 0x0000000084800000| Complete 
|  73|0x0000000084900000, 0x0000000084a00000, 0x0000000084a00000|100%| S|CS|TAMS 0x0000000084900000| PB 0x0000000084900000| Complete 
|  74|0x0000000084a00000, 0x0000000084b00000, 0x0000000084b00000|100%| S|CS|TAMS 0x0000000084a00000| PB 0x0000000084a00000| Complete 
|  75|0x0000000084b00000, 0x0000000084b00000, 0x0000000084c00000|  0%| F|  |TAMS 0x0000000084b00000| PB 0x0000000084b00000| Untracked 
|  76|0x0000000084c00000, 0x0000000084c00000, 0x0000000084d00000|  0%| F|  |TAMS 0x0000000084c00000| PB 0x0000000084c00000| Untracked 
|  77|0x0000000084d00000, 0x0000000084d00000, 0x0000000084e00000|  0%| F|  |TAMS 0x0000000084d00000| PB 0x0000000084d00000| Untracked 
|  78|0x0000000084e00000, 0x0000000084e00000, 0x0000000084f00000|  0%| F|  |TAMS 0x0000000084e00000| PB 0x0000000084e00000| Untracked 
|  79|0x0000000084f00000, 0x0000000084f00000, 0x0000000085000000|  0%| F|  |TAMS 0x0000000084f00000| PB 0x0000000084f00000| Untracked 
|  80|0x0000000085000000, 0x0000000085000000, 0x0000000085100000|  0%| F|  |TAMS 0x0000000085000000| PB 0x0000000085000000| Untracked 
|  81|0x0000000085100000, 0x0000000085100000, 0x0000000085200000|  0%| F|  |TAMS 0x0000000085100000| PB 0x0000000085100000| Untracked 
|  82|0x0000000085200000, 0x0000000085200000, 0x0000000085300000|  0%| F|  |TAMS 0x0000000085200000| PB 0x0000000085200000| Untracked 
|  83|0x0000000085300000, 0x0000000085300000, 0x0000000085400000|  0%| F|  |TAMS 0x0000000085300000| PB 0x0000000085300000| Untracked 
|  84|0x0000000085400000, 0x0000000085400000, 0x0000000085500000|  0%| F|  |TAMS 0x0000000085400000| PB 0x0000000085400000| Untracked 
|  85|0x0000000085500000, 0x0000000085500000, 0x0000000085600000|  0%| F|  |TAMS 0x0000000085500000| PB 0x0000000085500000| Untracked 
|  86|0x0000000085600000, 0x0000000085600000, 0x0000000085700000|  0%| F|  |TAMS 0x0000000085600000| PB 0x0000000085600000| Untracked 
|  87|0x0000000085700000, 0x0000000085700000, 0x0000000085800000|  0%| F|  |TAMS 0x0000000085700000| PB 0x0000000085700000| Untracked 
|  88|0x0000000085800000, 0x0000000085800000, 0x0000000085900000|  0%| F|  |TAMS 0x0000000085800000| PB 0x0000000085800000| Untracked 
|  89|0x0000000085900000, 0x0000000085900000, 0x0000000085a00000|  0%| F|  |TAMS 0x0000000085900000| PB 0x0000000085900000| Untracked 
|  90|0x0000000085a00000, 0x0000000085a00000, 0x0000000085b00000|  0%| F|  |TAMS 0x0000000085a00000| PB 0x0000000085a00000| Untracked 
|  91|0x0000000085b00000, 0x0000000085b00000, 0x0000000085c00000|  0%| F|  |TAMS 0x0000000085b00000| PB 0x0000000085b00000| Untracked 
|  92|0x0000000085c00000, 0x0000000085c00000, 0x0000000085d00000|  0%| F|  |TAMS 0x0000000085c00000| PB 0x0000000085c00000| Untracked 
|  93|0x0000000085d00000, 0x0000000085d00000, 0x0000000085e00000|  0%| F|  |TAMS 0x0000000085d00000| PB 0x0000000085d00000| Untracked 
|  94|0x0000000085e00000, 0x0000000085e00000, 0x0000000085f00000|  0%| F|  |TAMS 0x0000000085e00000| PB 0x0000000085e00000| Untracked 
|  95|0x0000000085f00000, 0x0000000085f00000, 0x0000000086000000|  0%| F|  |TAMS 0x0000000085f00000| PB 0x0000000085f00000| Untracked 
|  96|0x0000000086000000, 0x0000000086000000, 0x0000000086100000|  0%| F|  |TAMS 0x0000000086000000| PB 0x0000000086000000| Untracked 
|  97|0x0000000086100000, 0x0000000086100000, 0x0000000086200000|  0%| F|  |TAMS 0x0000000086100000| PB 0x0000000086100000| Untracked 
|  98|0x0000000086200000, 0x0000000086200000, 0x0000000086300000|  0%| F|  |TAMS 0x0000000086200000| PB 0x0000000086200000| Untracked 
|  99|0x0000000086300000, 0x0000000086300000, 0x0000000086400000|  0%| F|  |TAMS 0x0000000086300000| PB 0x0000000086300000| Untracked 
| 100|0x0000000086400000, 0x0000000086400000, 0x0000000086500000|  0%| F|  |TAMS 0x0000000086400000| PB 0x0000000086400000| Untracked 
| 101|0x0000000086500000, 0x0000000086500000, 0x0000000086600000|  0%| F|  |TAMS 0x0000000086500000| PB 0x0000000086500000| Untracked 
| 102|0x0000000086600000, 0x0000000086600000, 0x0000000086700000|  0%| F|  |TAMS 0x0000000086600000| PB 0x0000000086600000| Untracked 
| 103|0x0000000086700000, 0x0000000086700000, 0x0000000086800000|  0%| F|  |TAMS 0x0000000086700000| PB 0x0000000086700000| Untracked 
| 104|0x0000000086800000, 0x0000000086800000, 0x0000000086900000|  0%| F|  |TAMS 0x0000000086800000| PB 0x0000000086800000| Untracked 
| 105|0x0000000086900000, 0x0000000086900000, 0x0000000086a00000|  0%| F|  |TAMS 0x0000000086900000| PB 0x0000000086900000| Untracked 
| 106|0x0000000086a00000, 0x0000000086a00000, 0x0000000086b00000|  0%| F|  |TAMS 0x0000000086a00000| PB 0x0000000086a00000| Untracked 
| 107|0x0000000086b00000, 0x0000000086b00000, 0x0000000086c00000|  0%| F|  |TAMS 0x0000000086b00000| PB 0x0000000086b00000| Untracked 
| 108|0x0000000086c00000, 0x0000000086c7abc8, 0x0000000086d00000| 47%| E|  |TAMS 0x0000000086c00000| PB 0x0000000086c00000| Complete 
| 109|0x0000000086d00000, 0x0000000086e00000, 0x0000000086e00000|100%| E|CS|TAMS 0x0000000086d00000| PB 0x0000000086d00000| Complete 
| 110|0x0000000086e00000, 0x0000000086f00000, 0x0000000086f00000|100%| E|CS|TAMS 0x0000000086e00000| PB 0x0000000086e00000| Complete 
| 111|0x0000000086f00000, 0x0000000087000000, 0x0000000087000000|100%| E|CS|TAMS 0x0000000086f00000| PB 0x0000000086f00000| Complete 
| 112|0x0000000087000000, 0x0000000087100000, 0x0000000087100000|100%| E|CS|TAMS 0x0000000087000000| PB 0x0000000087000000| Complete 
| 113|0x0000000087100000, 0x0000000087200000, 0x0000000087200000|100%| E|CS|TAMS 0x0000000087100000| PB 0x0000000087100000| Complete 
| 114|0x0000000087200000, 0x0000000087300000, 0x0000000087300000|100%| E|CS|TAMS 0x0000000087200000| PB 0x0000000087200000| Complete 
| 115|0x0000000087300000, 0x0000000087400000, 0x0000000087400000|100%| E|CS|TAMS 0x0000000087300000| PB 0x0000000087300000| Complete 
| 116|0x0000000087400000, 0x0000000087500000, 0x0000000087500000|100%| E|CS|TAMS 0x0000000087400000| PB 0x0000000087400000| Complete 
| 117|0x0000000087500000, 0x0000000087600000, 0x0000000087600000|100%| E|  |TAMS 0x0000000087500000| PB 0x0000000087500000| Complete 
| 118|0x0000000087600000, 0x0000000087700000, 0x0000000087700000|100%| E|CS|TAMS 0x0000000087600000| PB 0x0000000087600000| Complete 
| 119|0x0000000087700000, 0x0000000087800000, 0x0000000087800000|100%| E|CS|TAMS 0x0000000087700000| PB 0x0000000087700000| Complete 
| 120|0x0000000087800000, 0x0000000087900000, 0x0000000087900000|100%| E|CS|TAMS 0x0000000087800000| PB 0x0000000087800000| Complete 
| 121|0x0000000087900000, 0x0000000087a00000, 0x0000000087a00000|100%| E|CS|TAMS 0x0000000087900000| PB 0x0000000087900000| Complete 
| 122|0x0000000087a00000, 0x0000000087b00000, 0x0000000087b00000|100%| E|CS|TAMS 0x0000000087a00000| PB 0x0000000087a00000| Complete 
| 123|0x0000000087b00000, 0x0000000087c00000, 0x0000000087c00000|100%| E|CS|TAMS 0x0000000087b00000| PB 0x0000000087b00000| Complete 
| 124|0x0000000087c00000, 0x0000000087d00000, 0x0000000087d00000|100%| E|CS|TAMS 0x0000000087c00000| PB 0x0000000087c00000| Complete 
| 125|0x0000000087d00000, 0x0000000087e00000, 0x0000000087e00000|100%| E|CS|TAMS 0x0000000087d00000| PB 0x0000000087d00000| Complete 
| 126|0x0000000087e00000, 0x0000000087f00000, 0x0000000087f00000|100%| E|CS|TAMS 0x0000000087e00000| PB 0x0000000087e00000| Complete 
| 127|0x0000000087f00000, 0x0000000088000000, 0x0000000088000000|100%| E|CS|TAMS 0x0000000087f00000| PB 0x0000000087f00000| Complete 
| 128|0x0000000088000000, 0x0000000088100000, 0x0000000088100000|100%| E|CS|TAMS 0x0000000088000000| PB 0x0000000088000000| Complete 
| 129|0x0000000088100000, 0x0000000088200000, 0x0000000088200000|100%| E|CS|TAMS 0x0000000088100000| PB 0x0000000088100000| Complete 
| 130|0x0000000088200000, 0x0000000088300000, 0x0000000088300000|100%| E|CS|TAMS 0x0000000088200000| PB 0x0000000088200000| Complete 
| 190|0x000000008be00000, 0x000000008bf00000, 0x000000008bf00000|100%| E|CS|TAMS 0x000000008be00000| PB 0x000000008be00000| Complete 
| 191|0x000000008bf00000, 0x000000008c000000, 0x000000008c000000|100%| E|CS|TAMS 0x000000008bf00000| PB 0x000000008bf00000| Complete 
|2040|0x00000000ff800000, 0x00000000ff900000, 0x00000000ff900000|100%| E|CS|TAMS 0x00000000ff800000| PB 0x00000000ff800000| Complete 
|2041|0x00000000ff900000, 0x00000000ffa00000, 0x00000000ffa00000|100%| O|  |TAMS 0x00000000ff900000| PB 0x00000000ff900000| Untracked 
|2042|0x00000000ffa00000, 0x00000000ffb00000, 0x00000000ffb00000|100%| O|  |TAMS 0x00000000ffa00000| PB 0x00000000ffa00000| Untracked 
|2043|0x00000000ffb00000, 0x00000000ffc00000, 0x00000000ffc00000|100%| E|CS|TAMS 0x00000000ffb00000| PB 0x00000000ffb00000| Complete 
|2044|0x00000000ffc00000, 0x00000000ffd00000, 0x00000000ffd00000|100%| O|  |TAMS 0x00000000ffc00000| PB 0x00000000ffc00000| Untracked 
|2045|0x00000000ffd00000, 0x00000000ffe00000, 0x00000000ffe00000|100%| O|  |TAMS 0x00000000ffd00000| PB 0x00000000ffd00000| Untracked 
|2046|0x00000000ffe00000, 0x00000000fff00000, 0x00000000fff00000|100%| O|  |TAMS 0x00000000ffe00000| PB 0x00000000ffe00000| Untracked 
|2047|0x00000000fff00000, 0x0000000100000000, 0x0000000100000000|100%| O|  |TAMS 0x00000000fff00000| PB 0x00000000fff00000| Untracked 

Card table byte_map: [0x0000011afcd20000,0x0000011afd120000] _byte_map_base: 0x0000011afc920000

Marking Bits: (CMBitMap*) 0x0000011aea803870
 Bits: [0x0000011afd120000, 0x0000011aff120000)

Polling page: 0x0000011ae87c0000

Metaspace:

Usage:
  Non-class:     56.76 MB used.
      Class:      9.29 MB used.
       Both:     66.05 MB used.

Virtual space:
  Non-class space:       64.00 MB reserved,      57.56 MB ( 90%) committed,  1 nodes.
      Class space:        1.00 GB reserved,      10.12 MB ( <1%) committed,  1 nodes.
             Both:        1.06 GB reserved,      67.69 MB (  6%) committed. 

Chunk freelists:
   Non-Class:  5.50 MB
       Class:  5.78 MB
        Both:  11.28 MB

MaxMetaspaceSize: unlimited
CompressedClassSpaceSize: 1.00 GB
Initial GC threshold: 21.00 MB
Current GC threshold: 105.25 MB
CDS: off
 - commit_granule_bytes: 65536.
 - commit_granule_words: 8192.
 - virtual_space_node_default_size: 8388608.
 - enlarge_chunks_in_place: 1.
 - use_allocation_guard: 0.


Internal statistics:

num_allocs_failed_limit: 3.
num_arena_births: 3196.
num_arena_deaths: 0.
num_vsnodes_births: 2.
num_vsnodes_deaths: 0.
num_space_committed: 1083.
num_space_uncommitted: 0.
num_chunks_returned_to_freelist: 3.
num_chunks_taken_from_freelist: 6050.
num_chunk_merges: 3.
num_chunk_splits: 3848.
num_chunks_enlarged: 2288.
num_inconsistent_stats: 0.

CodeHeap 'non-profiled nmethods': size=120000Kb used=3862Kb max_used=3862Kb free=116137Kb
 bounds [0x0000011af53f0000, 0x0000011af57c0000, 0x0000011afc920000]
CodeHeap 'profiled nmethods': size=120000Kb used=13174Kb max_used=13174Kb free=106825Kb
 bounds [0x0000011aed920000, 0x0000011aee600000, 0x0000011af4e50000]
CodeHeap 'non-nmethods': size=5760Kb used=2590Kb max_used=2676Kb free=3169Kb
 bounds [0x0000011af4e50000, 0x0000011af5100000, 0x0000011af53f0000]
CodeCache: size=245760Kb, used=19626Kb, max_used=19712Kb, free=226131Kb
 total_blobs=7918, nmethods=7038, adapters=783, full_count=0
Compilation: enabled, stopped_count=0, restarted_count=0

Compilation events (20 events):
Event: 15.464 Thread 0x0000011aff81d5d0 7913       4       sun.nio.ch.Util::getTemporaryDirectBuffer (55 bytes)
Event: 15.466 Thread 0x0000011aff804410 7928       3       com.google.common.collect.MapMakerInternalMap$StrongKeyWeakValueEntry$Helper::newEntry (16 bytes)
Event: 15.467 Thread 0x0000011aff804410 nmethod 7928 0x0000011aee5f1e10 code [0x0000011aee5f1fc0, 0x0000011aee5f22b8]
Event: 15.467 Thread 0x0000011aff804410 7929       3       com.google.common.collect.MapMakerInternalMap$StrongKeyWeakValueEntry$Helper::setValue (32 bytes)
Event: 15.467 Thread 0x0000011aff804410 nmethod 7929 0x0000011aee5f2390 code [0x0000011aee5f2580, 0x0000011aee5f2b80]
Event: 15.467 Thread 0x0000011aff804410 7930       3       com.google.common.collect.MapMakerInternalMap$1::clear (1 bytes)
Event: 15.467 Thread 0x0000011aff804410 nmethod 7930 0x0000011aee5f2e10 code [0x0000011aee5f2fa0, 0x0000011aee5f30a8]
Event: 15.471 Thread 0x0000011aff804410 7931       3       com.google.common.collect.MapMakerInternalMap$StrongKeyWeakValueEntry::getValue (10 bytes)
Event: 15.471 Thread 0x0000011aff804410 nmethod 7931 0x0000011aee5f3110 code [0x0000011aee5f32c0, 0x0000011aee5f3490]
Event: 15.478 Thread 0x0000011aff81d5d0 nmethod 7913 0x0000011af57b0290 code [0x0000011af57b04e0, 0x0000011af57b0ca0]
Event: 15.478 Thread 0x0000011aff81d5d0 7915       4       sun.nio.ch.Util$BufferCache::get (164 bytes)
Event: 15.486 Thread 0x0000011aff81d5d0 nmethod 7915 0x0000011af57b1410 code [0x0000011af57b15e0, 0x0000011af57b1b40]
Event: 15.508 Thread 0x0000011aff81d5d0 7932       4       org.objectweb.asm.MethodVisitor::<init> (94 bytes)
Event: 15.508 Thread 0x0000011aff804410 7933       1       org.gradle.internal.instantiation.generator.AbstractClassGenerator$PropertyMetadata::access$1300 (5 bytes)
Event: 15.509 Thread 0x0000011aff804410 nmethod 7933 0x0000011af57b1e90 code [0x0000011af57b2020, 0x0000011af57b20d0]
Event: 15.509 Thread 0x0000011aff804410 7934       3       org.objectweb.asm.ClassWriter::toByteArray (1535 bytes)
Event: 15.509 Thread 0x0000011aff81d5d0 nmethod 7932 0x0000011af57b2190 code [0x0000011af57b2320, 0x0000011af57b24b0]
Event: 15.510 Thread 0x0000011aff81d5d0 7935       4       java.lang.invoke.LambdaFormEditor$TransformKey::inRange (36 bytes)
Event: 15.510 Thread 0x0000011aff81d5d0 nmethod 7935 0x0000011af57b2590 code [0x0000011af57b2700, 0x0000011af57b2770]
Event: 15.514 Thread 0x0000011aff804410 nmethod 7934 0x0000011aee5f3590 code [0x0000011aee5f3f00, 0x0000011aee5f7d10]

GC Heap History (20 events):
Event: 9.249 GC heap before
{Heap before GC invocations=9 (full 0):
 garbage-first heap   total 82944K, used 72441K [0x0000000080000000, 0x0000000100000000)
  region size 1024K, 23 young (23552K), 4 survivors (4096K)
 Metaspace       used 40396K, committed 41472K, reserved 1114112K
  class space    used 5764K, committed 6272K, reserved 1048576K
}
Event: 9.254 GC heap after
{Heap after GC invocations=10 (full 0):
 garbage-first heap   total 82944K, used 53081K [0x0000000080000000, 0x0000000100000000)
  region size 1024K, 1 young (1024K), 1 survivors (1024K)
 Metaspace       used 40396K, committed 41472K, reserved 1114112K
  class space    used 5764K, committed 6272K, reserved 1048576K
}
Event: 9.665 GC heap before
{Heap before GC invocations=10 (full 0):
 garbage-first heap   total 82944K, used 73561K [0x0000000080000000, 0x0000000100000000)
  region size 1024K, 21 young (21504K), 1 survivors (1024K)
 Metaspace       used 43783K, committed 44928K, reserved 1114112K
  class space    used 6305K, committed 6848K, reserved 1048576K
}
Event: 9.673 GC heap after
{Heap after GC invocations=11 (full 0):
 garbage-first heap   total 82944K, used 54769K [0x0000000080000000, 0x0000000100000000)
  region size 1024K, 3 young (3072K), 3 survivors (3072K)
 Metaspace       used 43783K, committed 44928K, reserved 1114112K
  class space    used 6305K, committed 6848K, reserved 1048576K
}
Event: 10.247 GC heap before
{Heap before GC invocations=12 (full 0):
 garbage-first heap   total 92160K, used 74225K [0x0000000080000000, 0x0000000100000000)
  region size 1024K, 23 young (23552K), 3 survivors (3072K)
 Metaspace       used 48566K, committed 49728K, reserved 1114112K
  class space    used 6776K, committed 7360K, reserved 1048576K
}
Event: 10.256 GC heap after
{Heap after GC invocations=13 (full 0):
 garbage-first heap   total 92160K, used 57467K [0x0000000080000000, 0x0000000100000000)
  region size 1024K, 3 young (3072K), 3 survivors (3072K)
 Metaspace       used 48566K, committed 49728K, reserved 1114112K
  class space    used 6776K, committed 7360K, reserved 1048576K
}
Event: 10.498 GC heap before
{Heap before GC invocations=13 (full 0):
 garbage-first heap   total 92160K, used 79995K [0x0000000080000000, 0x0000000100000000)
  region size 1024K, 25 young (25600K), 3 survivors (3072K)
 Metaspace       used 48986K, committed 50240K, reserved 1114112K
  class space    used 6821K, committed 7424K, reserved 1048576K
}
Event: 10.505 GC heap after
{Heap after GC invocations=14 (full 0):
 garbage-first heap   total 110592K, used 58279K [0x0000000080000000, 0x0000000100000000)
  region size 1024K, 2 young (2048K), 2 survivors (2048K)
 Metaspace       used 48986K, committed 50240K, reserved 1114112K
  class space    used 6821K, committed 7424K, reserved 1048576K
}
Event: 11.365 GC heap before
{Heap before GC invocations=14 (full 0):
 garbage-first heap   total 110592K, used 95143K [0x0000000080000000, 0x0000000100000000)
  region size 1024K, 34 young (34816K), 2 survivors (2048K)
 Metaspace       used 53872K, committed 55168K, reserved 1114112K
  class space    used 7469K, committed 8064K, reserved 1048576K
}
Event: 11.373 GC heap after
{Heap after GC invocations=15 (full 0):
 garbage-first heap   total 110592K, used 60788K [0x0000000080000000, 0x0000000100000000)
  region size 1024K, 5 young (5120K), 5 survivors (5120K)
 Metaspace       used 53872K, committed 55168K, reserved 1114112K
  class space    used 7469K, committed 8064K, reserved 1048576K
}
Event: 12.166 GC heap before
{Heap before GC invocations=16 (full 0):
 garbage-first heap   total 110592K, used 96628K [0x0000000080000000, 0x0000000100000000)
  region size 1024K, 37 young (37888K), 5 survivors (5120K)
 Metaspace       used 57237K, committed 58688K, reserved 1114112K
  class space    used 7855K, committed 8576K, reserved 1048576K
}
Event: 12.178 GC heap after
{Heap after GC invocations=17 (full 0):
 garbage-first heap   total 110592K, used 67241K [0x0000000080000000, 0x0000000100000000)
  region size 1024K, 5 young (5120K), 5 survivors (5120K)
 Metaspace       used 57237K, committed 58688K, reserved 1114112K
  class space    used 7855K, committed 8576K, reserved 1048576K
}
Event: 12.587 GC heap before
{Heap before GC invocations=17 (full 0):
 garbage-first heap   total 110592K, used 95913K [0x0000000080000000, 0x0000000100000000)
  region size 1024K, 33 young (33792K), 5 survivors (5120K)
 Metaspace       used 58781K, committed 60288K, reserved 1114112K
  class space    used 8132K, committed 8896K, reserved 1048576K
}
Event: 12.598 GC heap after
{Heap after GC invocations=18 (full 0):
 garbage-first heap   total 110592K, used 68531K [0x0000000080000000, 0x0000000100000000)
  region size 1024K, 2 young (2048K), 2 survivors (2048K)
 Metaspace       used 58781K, committed 60288K, reserved 1114112K
  class space    used 8132K, committed 8896K, reserved 1048576K
}
Event: 13.175 GC heap before
{Heap before GC invocations=18 (full 0):
 garbage-first heap   total 110592K, used 97203K [0x0000000080000000, 0x0000000100000000)
  region size 1024K, 30 young (30720K), 2 survivors (2048K)
 Metaspace       used 62541K, committed 64128K, reserved 1114112K
  class space    used 8747K, committed 9536K, reserved 1048576K
}
Event: 13.183 GC heap after
{Heap after GC invocations=19 (full 0):
 garbage-first heap   total 110592K, used 70442K [0x0000000080000000, 0x0000000100000000)
  region size 1024K, 4 young (4096K), 4 survivors (4096K)
 Metaspace       used 62541K, committed 64128K, reserved 1114112K
  class space    used 8747K, committed 9536K, reserved 1048576K
}
Event: 13.894 GC heap before
{Heap before GC invocations=20 (full 0):
 garbage-first heap   total 119808K, used 98090K [0x0000000080000000, 0x0000000100000000)
  region size 1024K, 32 young (32768K), 4 survivors (4096K)
 Metaspace       used 65655K, committed 67328K, reserved 1114112K
  class space    used 9277K, committed 10112K, reserved 1048576K
}
Event: 13.903 GC heap after
{Heap after GC invocations=21 (full 0):
 garbage-first heap   total 119808K, used 71886K [0x0000000080000000, 0x0000000100000000)
  region size 1024K, 2 young (2048K), 2 survivors (2048K)
 Metaspace       used 65655K, committed 67328K, reserved 1114112K
  class space    used 9277K, committed 10112K, reserved 1048576K
}
Event: 14.949 GC heap before
{Heap before GC invocations=21 (full 0):
 garbage-first heap   total 119808K, used 105678K [0x0000000080000000, 0x0000000100000000)
  region size 1024K, 36 young (36864K), 2 survivors (2048K)
 Metaspace       used 66753K, committed 68416K, reserved 1114112K
  class space    used 9373K, committed 10176K, reserved 1048576K
}
Event: 14.968 GC heap after
{Heap after GC invocations=22 (full 0):
 garbage-first heap   total 144384K, used 76160K [0x0000000080000000, 0x0000000100000000)
  region size 1024K, 5 young (5120K), 5 survivors (5120K)
 Metaspace       used 66753K, committed 68416K, reserved 1114112K
  class space    used 9373K, committed 10176K, reserved 1048576K
}

Dll operation events (3 events):
Event: 0.196 Loaded shared library C:\Program Files\Android\Android Studio\jbr\bin\java.dll
Event: 0.220 Loaded shared library C:\Program Files\Android\Android Studio\jbr\bin\zip.dll
Event: 1.156 Loaded shared library C:\Program Files\Android\Android Studio\jbr\bin\verify.dll

Deoptimization events (20 events):
Event: 15.268 Thread 0x0000011a86bc04b0 Uncommon trap: trap_request=0xffffff45 fr.pc=0x0000011af5730bf0 relative=0x0000000000000550
Event: 15.268 Thread 0x0000011a86bc04b0 Uncommon trap: reason=unstable_if action=reinterpret pc=0x0000011af5730bf0 method=org.gradle.util.internal.SimpleMapInterner.intern(Ljava/lang/String;)Ljava/lang/String; @ 1 c2
Event: 15.268 Thread 0x0000011a86bc04b0 DEOPT PACKING pc=0x0000011af5730bf0 sp=0x0000000a313f7dd0
Event: 15.268 Thread 0x0000011a86bc04b0 DEOPT UNPACKING pc=0x0000011af4ea43a2 sp=0x0000000a313f7d88 mode 2
Event: 15.275 Thread 0x0000011a86bc04b0 Uncommon trap: trap_request=0xffffffc6 fr.pc=0x0000011af5739c2c relative=0x0000000000007c0c
Event: 15.275 Thread 0x0000011a86bc04b0 Uncommon trap: reason=bimorphic_or_optimized_type_check action=maybe_recompile pc=0x0000011af5739c2c method=jdk.internal.loader.Resource.getBytes()[B @ 117 c2
Event: 15.275 Thread 0x0000011a86bc04b0 DEOPT PACKING pc=0x0000011af5739c2c sp=0x0000000a313f75b0
Event: 15.275 Thread 0x0000011a86bc04b0 DEOPT UNPACKING pc=0x0000011af4ea43a2 sp=0x0000000a313f7380 mode 2
Event: 15.283 Thread 0x0000011a86bc04b0 Uncommon trap: trap_request=0xffffffc6 fr.pc=0x0000011af55d87dc relative=0x00000000000002fc
Event: 15.283 Thread 0x0000011a86bc04b0 Uncommon trap: reason=bimorphic_or_optimized_type_check action=maybe_recompile pc=0x0000011af55d87dc method=com.google.common.base.CharMatcher.indexIn(Ljava/lang/CharSequence;I)I @ 31 c2
Event: 15.283 Thread 0x0000011a86bc04b0 DEOPT PACKING pc=0x0000011af55d87dc sp=0x0000000a313f8130
Event: 15.283 Thread 0x0000011a86bc04b0 DEOPT UNPACKING pc=0x0000011af4ea43a2 sp=0x0000000a313f80d8 mode 2
Event: 15.308 Thread 0x0000011a86bc04b0 Uncommon trap: trap_request=0xffffffc6 fr.pc=0x0000011af5782654 relative=0x0000000000000074
Event: 15.308 Thread 0x0000011a86bc04b0 Uncommon trap: reason=bimorphic_or_optimized_type_check action=maybe_recompile pc=0x0000011af5782654 method=com.google.common.collect.ImmutableList.copyOf(Ljava/util/Collection;)Lcom/google/common/collect/ImmutableList; @ 16 c2
Event: 15.308 Thread 0x0000011a86bc04b0 DEOPT PACKING pc=0x0000011af5782654 sp=0x0000000a313f77d0
Event: 15.308 Thread 0x0000011a86bc04b0 DEOPT UNPACKING pc=0x0000011af4ea43a2 sp=0x0000000a313f7778 mode 2
Event: 15.309 Thread 0x0000011a86bc04b0 Uncommon trap: trap_request=0xffffffc6 fr.pc=0x0000011af5782654 relative=0x0000000000000074
Event: 15.309 Thread 0x0000011a86bc04b0 Uncommon trap: reason=bimorphic_or_optimized_type_check action=maybe_recompile pc=0x0000011af5782654 method=com.google.common.collect.ImmutableList.copyOf(Ljava/util/Collection;)Lcom/google/common/collect/ImmutableList; @ 16 c2
Event: 15.309 Thread 0x0000011a86bc04b0 DEOPT PACKING pc=0x0000011af5782654 sp=0x0000000a313f6f40
Event: 15.309 Thread 0x0000011a86bc04b0 DEOPT UNPACKING pc=0x0000011af4ea43a2 sp=0x0000000a313f6ee8 mode 2

Classes loaded (20 events):
Event: 13.172 Loading class org/xml/sax/Locator
Event: 13.172 Loading class org/xml/sax/Locator done
Event: 13.281 Loading class java/util/DualPivotQuicksort
Event: 13.281 Loading class java/util/DualPivotQuicksort done
Event: 13.343 Loading class jdk/internal/loader/URLClassPath$FileLoader
Event: 13.343 Loading class jdk/internal/loader/URLClassPath$FileLoader done
Event: 13.345 Loading class jdk/internal/loader/URLClassPath$FileLoader$1
Event: 13.345 Loading class jdk/internal/loader/URLClassPath$FileLoader$1 done
Event: 13.438 Loading class java/util/function/LongUnaryOperator
Event: 13.438 Loading class java/util/function/LongUnaryOperator done
Event: 13.563 Loading class java/util/Collections$SingletonMap
Event: 13.564 Loading class java/util/Collections$SingletonMap done
Event: 13.648 Loading class java/util/concurrent/LinkedBlockingDeque$Itr
Event: 13.648 Loading class java/util/concurrent/LinkedBlockingDeque$AbstractItr
Event: 13.648 Loading class java/util/concurrent/LinkedBlockingDeque$AbstractItr done
Event: 13.648 Loading class java/util/concurrent/LinkedBlockingDeque$Itr done
Event: 14.314 Loading class java/util/Collections$ReverseComparator
Event: 14.314 Loading class java/util/Collections$ReverseComparator done
Event: 14.314 Loading class java/util/Collections$ReverseComparator2
Event: 14.315 Loading class java/util/Collections$ReverseComparator2 done

Classes unloaded (0 events):
No events

Classes redefined (0 events):
No events

Internal exceptions (20 events):
Event: 15.473 Thread 0x0000011a86bc04b0 Exception <a 'sun/nio/fs/WindowsException'{0x00000000871ad980}> (0x00000000871ad980) 
thrown [s\src\hotspot\share\prims\jni.cpp, line 537]
Event: 15.474 Thread 0x0000011a86bc04b0 Exception <a 'sun/nio/fs/WindowsException'{0x00000000871bb828}> (0x00000000871bb828) 
thrown [s\src\hotspot\share\prims\jni.cpp, line 537]
Event: 15.477 Thread 0x0000011a86bc04b0 Exception <a 'sun/nio/fs/WindowsException'{0x00000000871c9e30}> (0x00000000871c9e30) 
thrown [s\src\hotspot\share\prims\jni.cpp, line 537]
Event: 15.478 Thread 0x0000011a86bc04b0 Exception <a 'sun/nio/fs/WindowsException'{0x00000000871d6068}> (0x00000000871d6068) 
thrown [s\src\hotspot\share\prims\jni.cpp, line 537]
Event: 15.480 Thread 0x0000011a86bc04b0 Exception <a 'sun/nio/fs/WindowsException'{0x00000000871e2510}> (0x00000000871e2510) 
thrown [s\src\hotspot\share\prims\jni.cpp, line 537]
Event: 15.481 Thread 0x0000011a86bc04b0 Exception <a 'sun/nio/fs/WindowsException'{0x00000000871f0460}> (0x00000000871f0460) 
thrown [s\src\hotspot\share\prims\jni.cpp, line 537]
Event: 15.482 Thread 0x0000011a86bc04b0 Exception <a 'sun/nio/fs/WindowsException'{0x0000000087000a50}> (0x0000000087000a50) 
thrown [s\src\hotspot\share\prims\jni.cpp, line 537]
Event: 15.483 Thread 0x0000011a86bc04b0 Exception <a 'sun/nio/fs/WindowsException'{0x000000008700e830}> (0x000000008700e830) 
thrown [s\src\hotspot\share\prims\jni.cpp, line 537]
Event: 15.484 Thread 0x0000011a86bc04b0 Exception <a 'sun/nio/fs/WindowsException'{0x000000008701c2b8}> (0x000000008701c2b8) 
thrown [s\src\hotspot\share\prims\jni.cpp, line 537]
Event: 15.485 Thread 0x0000011a86bc04b0 Exception <a 'sun/nio/fs/WindowsException'{0x000000008702b928}> (0x000000008702b928) 
thrown [s\src\hotspot\share\prims\jni.cpp, line 537]
Event: 15.486 Thread 0x0000011a86bc04b0 Exception <a 'sun/nio/fs/WindowsException'{0x00000000870386f0}> (0x00000000870386f0) 
thrown [s\src\hotspot\share\prims\jni.cpp, line 537]
Event: 15.487 Thread 0x0000011a86bc04b0 Exception <a 'sun/nio/fs/WindowsException'{0x0000000087041868}> (0x0000000087041868) 
thrown [s\src\hotspot\share\prims\jni.cpp, line 537]
Event: 15.487 Thread 0x0000011a86bc04b0 Exception <a 'sun/nio/fs/WindowsException'{0x000000008704e6f0}> (0x000000008704e6f0) 
thrown [s\src\hotspot\share\prims\jni.cpp, line 537]
Event: 15.488 Thread 0x0000011a86bc04b0 Exception <a 'sun/nio/fs/WindowsException'{0x000000008705d010}> (0x000000008705d010) 
thrown [s\src\hotspot\share\prims\jni.cpp, line 537]
Event: 15.489 Thread 0x0000011a86bc04b0 Exception <a 'sun/nio/fs/WindowsException'{0x0000000087065e80}> (0x0000000087065e80) 
thrown [s\src\hotspot\share\prims\jni.cpp, line 537]
Event: 15.490 Thread 0x0000011a86bc04b0 Exception <a 'sun/nio/fs/WindowsException'{0x0000000087073b38}> (0x0000000087073b38) 
thrown [s\src\hotspot\share\prims\jni.cpp, line 537]
Event: 15.491 Thread 0x0000011a86bc04b0 Exception <a 'sun/nio/fs/WindowsException'{0x0000000087089a38}> (0x0000000087089a38) 
thrown [s\src\hotspot\share\prims\jni.cpp, line 537]
Event: 15.492 Thread 0x0000011a86bc04b0 Exception <a 'sun/nio/fs/WindowsException'{0x0000000087097650}> (0x0000000087097650) 
thrown [s\src\hotspot\share\prims\jni.cpp, line 537]
Event: 15.493 Thread 0x0000011a86bc04b0 Exception <a 'sun/nio/fs/WindowsException'{0x00000000870a92a8}> (0x00000000870a92a8) 
thrown [s\src\hotspot\share\prims\jni.cpp, line 537]
Event: 15.494 Thread 0x0000011a86bc04b0 Exception <a 'sun/nio/fs/WindowsException'{0x00000000870b6470}> (0x00000000870b6470) 
thrown [s\src\hotspot\share\prims\jni.cpp, line 537]

ZGC Phase Switch (0 events):
No events

VM Operations (20 events):
Event: 13.567 Executing VM operation: HandshakeAllThreads (Deoptimize)
Event: 13.567 Executing VM operation: HandshakeAllThreads (Deoptimize) done
Event: 13.661 Executing VM operation: HandshakeAllThreads (Deoptimize)
Event: 13.661 Executing VM operation: HandshakeAllThreads (Deoptimize) done
Event: 13.839 Executing VM operation: HandshakeAllThreads (Deoptimize)
Event: 13.839 Executing VM operation: HandshakeAllThreads (Deoptimize) done
Event: 13.894 Executing VM operation: G1CollectForAllocation (G1 Evacuation Pause)
Event: 13.904 Executing VM operation: G1CollectForAllocation (G1 Evacuation Pause) done
Event: 14.401 Executing VM operation: HandshakeAllThreads (Deoptimize)
Event: 14.401 Executing VM operation: HandshakeAllThreads (Deoptimize) done
Event: 14.418 Executing VM operation: ICBufferFull
Event: 14.418 Executing VM operation: ICBufferFull done
Event: 14.639 Executing VM operation: ICBufferFull
Event: 14.640 Executing VM operation: ICBufferFull done
Event: 14.949 Executing VM operation: G1CollectForAllocation (G1 Evacuation Pause)
Event: 14.968 Executing VM operation: G1CollectForAllocation (G1 Evacuation Pause) done
Event: 15.242 Executing VM operation: HandshakeAllThreads (Deoptimize)
Event: 15.243 Executing VM operation: HandshakeAllThreads (Deoptimize) done
Event: 15.309 Executing VM operation: ICBufferFull
Event: 15.309 Executing VM operation: ICBufferFull done

Memory protections (0 events):
No events

Nmethod flushes (20 events):
Event: 13.299 Thread 0x0000011aff62eab0 flushing  nmethod 0x0000011aedaa6f90
Event: 13.299 Thread 0x0000011aff62eab0 flushing  nmethod 0x0000011aedae9210
Event: 13.299 Thread 0x0000011aff62eab0 flushing  nmethod 0x0000011aedb2f090
Event: 13.299 Thread 0x0000011aff62eab0 flushing  nmethod 0x0000011aedb5be90
Event: 13.299 Thread 0x0000011aff62eab0 flushing  nmethod 0x0000011aedb7f010
Event: 13.299 Thread 0x0000011aff62eab0 flushing  nmethod 0x0000011aedb82110
Event: 13.299 Thread 0x0000011aff62eab0 flushing  nmethod 0x0000011aedb85210
Event: 13.299 Thread 0x0000011aff62eab0 flushing  nmethod 0x0000011aedc1b610
Event: 13.299 Thread 0x0000011aff62eab0 flushing  nmethod 0x0000011aedc5bd10
Event: 13.299 Thread 0x0000011aff62eab0 flushing  nmethod 0x0000011aedc7e690
Event: 13.299 Thread 0x0000011aff62eab0 flushing  nmethod 0x0000011aedcf5590
Event: 13.299 Thread 0x0000011aff62eab0 flushing  nmethod 0x0000011aedd10510
Event: 13.299 Thread 0x0000011aff62eab0 flushing  nmethod 0x0000011aede28b10
Event: 13.299 Thread 0x0000011aff62eab0 flushing  nmethod 0x0000011aede2eb10
Event: 13.299 Thread 0x0000011aff62eab0 flushing  nmethod 0x0000011aede30190
Event: 13.299 Thread 0x0000011aff62eab0 flushing  nmethod 0x0000011aede7b990
Event: 13.299 Thread 0x0000011aff62eab0 flushing  nmethod 0x0000011aedf05490
Event: 13.299 Thread 0x0000011aff62eab0 flushing  nmethod 0x0000011aedf06010
Event: 13.299 Thread 0x0000011aff62eab0 flushing  nmethod 0x0000011aedf8a110
Event: 13.299 Thread 0x0000011aff62eab0 flushing  nmethod 0x0000011aee0afa90

Events (20 events):
Event: 6.047 Thread 0x0000011a86bc04b0 Thread added: 0x0000011a8a54ef90
Event: 6.047 Thread 0x0000011a86bc04b0 Thread added: 0x0000011a8a54e900
Event: 6.763 Thread 0x0000011a86bc04b0 Thread added: 0x0000011a8a550340
Event: 6.929 Thread 0x0000011a86bfff50 Thread exited: 0x0000011a86bfff50
Event: 8.846 Thread 0x0000011a86bc04b0 Thread added: 0x0000011a8a5509d0
Event: 8.859 Thread 0x0000011a86bc04b0 Thread added: 0x0000011a8a295a10
Event: 9.081 Thread 0x0000011a86bc04b0 Thread added: 0x0000011a8a294cf0
Event: 9.566 Thread 0x0000011aff81d5d0 Thread added: 0x0000011a8a6d25a0
Event: 11.552 Thread 0x0000011a86bc04b0 Thread added: 0x0000011a8a295380
Event: 11.553 Thread 0x0000011a86bc04b0 Thread added: 0x0000011a8a29c310
Event: 11.729 Thread 0x0000011a86bc04b0 Thread added: 0x0000011a8a29bc80
Event: 11.730 Thread 0x0000011a86bc04b0 Thread added: 0x0000011a8a299520
Event: 11.731 Thread 0x0000011a86bc04b0 Thread added: 0x0000011a8a298170
Event: 13.570 Thread 0x0000011a86bc04b0 Thread added: 0x0000011a8a296dc0
Event: 14.499 Thread 0x0000011a86bc04b0 Thread added: 0x0000011a8a297450
Event: 14.500 Thread 0x0000011a86bc04b0 Thread added: 0x0000011a8a298800
Event: 14.500 Thread 0x0000011a86bc04b0 Thread added: 0x0000011a8a29a240
Event: 14.575 Thread 0x0000011a86bc04b0 Thread added: 0x0000011a8a298e90
Event: 14.577 Thread 0x0000011a86bc04b0 Thread added: 0x0000011a8a29a8d0
Event: 14.579 Thread 0x0000011a86bc04b0 Thread added: 0x0000011a8c056e80


Dynamic libraries:
0x00007ff660fb0000 - 0x00007ff660fba000 	C:\Program Files\Android\Android Studio\jbr\bin\java.exe
0x00007ffc7a530000 - 0x00007ffc7a728000 	C:\Windows\SYSTEM32\ntdll.dll
0x00007ffc79a00000 - 0x00007ffc79ac2000 	C:\Windows\System32\KERNEL32.DLL
0x00007ffc780b0000 - 0x00007ffc783a6000 	C:\Windows\System32\KERNELBASE.dll
0x00007ffc783b0000 - 0x00007ffc784b0000 	C:\Windows\System32\ucrtbase.dll
0x00007ffc58630000 - 0x00007ffc58648000 	C:\Program Files\Android\Android Studio\jbr\bin\jli.dll
0x00007ffc6e610000 - 0x00007ffc6e62b000 	C:\Program Files\Android\Android Studio\jbr\bin\VCRUNTIME140.dll
0x00007ffc78e00000 - 0x00007ffc78fa1000 	C:\Windows\System32\USER32.dll
0x00007ffc67aa0000 - 0x00007ffc67d3b000 	C:\Windows\WinSxS\amd64_microsoft.windows.common-controls_6595b64144ccf1df_6.0.19041.6456_none_60b8a6cb71f64256\COMCTL32.dll
0x00007ffc77db0000 - 0x00007ffc77dd2000 	C:\Windows\System32\win32u.dll
0x00007ffc78a00000 - 0x00007ffc78a9e000 	C:\Windows\System32\msvcrt.dll
0x00007ffc786c0000 - 0x00007ffc786eb000 	C:\Windows\System32\GDI32.dll
0x00007ffc77c10000 - 0x00007ffc77d29000 	C:\Windows\System32\gdi32full.dll
0x00007ffc784b0000 - 0x00007ffc7854d000 	C:\Windows\System32\msvcp_win.dll
0x00007ffc78820000 - 0x00007ffc7884f000 	C:\Windows\System32\IMM32.DLL
0x00007ffc73ba0000 - 0x00007ffc73bac000 	C:\Program Files\Android\Android Studio\jbr\bin\vcruntime140_1.dll
0x00007ffc14320000 - 0x00007ffc143ad000 	C:\Program Files\Android\Android Studio\jbr\bin\msvcp140.dll
0x00007ffc032e0000 - 0x00007ffc03f76000 	C:\Program Files\Android\Android Studio\jbr\bin\server\jvm.dll
0x00007ffc7a430000 - 0x00007ffc7a4e1000 	C:\Windows\System32\ADVAPI32.dll
0x00007ffc790d0000 - 0x00007ffc7916f000 	C:\Windows\System32\sechost.dll
0x00007ffc798e0000 - 0x00007ffc79a00000 	C:\Windows\System32\RPCRT4.dll
0x00007ffc77de0000 - 0x00007ffc77e07000 	C:\Windows\System32\bcrypt.dll
0x00007ffc79ad0000 - 0x00007ffc79b3b000 	C:\Windows\System32\WS2_32.dll
0x00007ffc77110000 - 0x00007ffc7715b000 	C:\Windows\SYSTEM32\POWRPROF.dll
0x00007ffc67830000 - 0x00007ffc67857000 	C:\Windows\SYSTEM32\WINMM.dll
0x00007ffc682f0000 - 0x00007ffc682fa000 	C:\Windows\SYSTEM32\VERSION.dll
0x00007ffc76f80000 - 0x00007ffc76f92000 	C:\Windows\SYSTEM32\UMPDC.dll
0x00007ffc759f0000 - 0x00007ffc75a02000 	C:\Windows\SYSTEM32\kernel.appcore.dll
0x00007ffc6e5a0000 - 0x00007ffc6e5aa000 	C:\Program Files\Android\Android Studio\jbr\bin\jimage.dll
0x00007ffc67890000 - 0x00007ffc67a91000 	C:\Windows\SYSTEM32\DBGHELP.DLL
0x00007ffc592c0000 - 0x00007ffc592f4000 	C:\Windows\SYSTEM32\dbgcore.DLL
0x00007ffc77e10000 - 0x00007ffc77e92000 	C:\Windows\System32\bcryptPrimitives.dll
0x00007ffc5eb50000 - 0x00007ffc5eb5e000 	C:\Program Files\Android\Android Studio\jbr\bin\instrument.dll
0x00007ffc6e320000 - 0x00007ffc6e340000 	C:\Program Files\Android\Android Studio\jbr\bin\java.dll
0x00007ffc6e1a0000 - 0x00007ffc6e1b8000 	C:\Program Files\Android\Android Studio\jbr\bin\zip.dll
0x00007ffc79170000 - 0x00007ffc798e0000 	C:\Windows\System32\SHELL32.dll
0x00007ffc75bf0000 - 0x00007ffc76395000 	C:\Windows\SYSTEM32\windows.storage.dll
0x00007ffc78aa0000 - 0x00007ffc78df4000 	C:\Windows\System32\combase.dll
0x00007ffc77510000 - 0x00007ffc7753b000 	C:\Windows\SYSTEM32\Wldp.dll
0x00007ffc79e60000 - 0x00007ffc79f2d000 	C:\Windows\System32\OLEAUT32.dll
0x00007ffc78610000 - 0x00007ffc786bd000 	C:\Windows\System32\SHCORE.dll
0x00007ffc787c0000 - 0x00007ffc7881b000 	C:\Windows\System32\shlwapi.dll
0x00007ffc77af0000 - 0x00007ffc77b14000 	C:\Windows\SYSTEM32\profapi.dll
0x00007ffc6e110000 - 0x00007ffc6e120000 	C:\Program Files\Android\Android Studio\jbr\bin\net.dll
0x00007ffc70b40000 - 0x00007ffc70c4a000 	C:\Windows\SYSTEM32\WINHTTP.dll
0x00007ffc772f0000 - 0x00007ffc7735a000 	C:\Windows\system32\mswsock.dll
0x00007ffc6c1e0000 - 0x00007ffc6c1f6000 	C:\Program Files\Android\Android Studio\jbr\bin\nio.dll
0x00007ffc69060000 - 0x00007ffc69070000 	C:\Program Files\Android\Android Studio\jbr\bin\verify.dll
0x00007ffc5dac0000 - 0x00007ffc5dae7000 	C:\Users\Tortue\.gradle\native\c067742578af261105cb4f569cf0c3c89f3d7b1fecec35dd04571415982c5e48\windows-amd64\native-platform.dll
0x00007ffc02a30000 - 0x00007ffc02b74000 	C:\Users\Tortue\.gradle\native\38dada09dfb8b06ba9b0570ebf7e218e3eb74d4ef43ca46872605cf95ebc2f47\windows-amd64\native-platform-file-events.dll
0x00007ffc6bd30000 - 0x00007ffc6bd39000 	C:\Program Files\Android\Android Studio\jbr\bin\management.dll
0x00007ffc69b30000 - 0x00007ffc69b3b000 	C:\Program Files\Android\Android Studio\jbr\bin\management_ext.dll
0x00007ffc79e50000 - 0x00007ffc79e58000 	C:\Windows\System32\PSAPI.DLL
0x00007ffc77550000 - 0x00007ffc77568000 	C:\Windows\SYSTEM32\CRYPTSP.dll
0x00007ffc76bc0000 - 0x00007ffc76bf8000 	C:\Windows\system32\rsaenh.dll
0x00007ffc77ab0000 - 0x00007ffc77ade000 	C:\Windows\SYSTEM32\USERENV.dll
0x00007ffc77480000 - 0x00007ffc7748c000 	C:\Windows\SYSTEM32\CRYPTBASE.dll
0x00007ffc76fa0000 - 0x00007ffc76fdb000 	C:\Windows\SYSTEM32\IPHLPAPI.DLL
0x00007ffc79b40000 - 0x00007ffc79b48000 	C:\Windows\System32\NSI.dll
0x00007ffc6cb90000 - 0x00007ffc6cb99000 	C:\Program Files\Android\Android Studio\jbr\bin\extnet.dll
0x00007ffc6cbf0000 - 0x00007ffc6cbf7000 	C:\Windows\system32\wshunix.dll

JVMTI agents:
C:\Users\Tortue\.gradle\wrapper\dists\gradle-8.7-bin\bhs2wmbdwecv87pi65oeuq5iu\gradle-8.7\lib\agents\gradle-instrumentation-agent-8.7.jar path:C:\Program Files\Android\Android Studio\jbr\bin\instrument.dll, loaded, initialized, instrumentlib options:none

dbghelp: loaded successfully - version: 4.0.5 - missing functions: none
symbol engine: initialized successfully - sym options: 0x614 - pdb path: .;C:\Program Files\Android\Android Studio\jbr\bin;C:\Windows\SYSTEM32;C:\Windows\WinSxS\amd64_microsoft.windows.common-controls_6595b64144ccf1df_6.0.19041.6456_none_60b8a6cb71f64256;C:\Program Files\Android\Android Studio\jbr\bin\server;C:\Users\Tortue\.gradle\native\c067742578af261105cb4f569cf0c3c89f3d7b1fecec35dd04571415982c5e48\windows-amd64;C:\Users\Tortue\.gradle\native\38dada09dfb8b06ba9b0570ebf7e218e3eb74d4ef43ca46872605cf95ebc2f47\windows-amd64

VM Arguments:
jvm_args: --add-opens=java.base/java.util=ALL-UNNAMED --add-opens=java.base/java.lang=ALL-UNNAMED --add-opens=java.base/java.lang.invoke=ALL-UNNAMED --add-opens=java.prefs/java.util.prefs=ALL-UNNAMED --add-opens=java.base/java.nio.charset=ALL-UNNAMED --add-opens=java.base/java.net=ALL-UNNAMED --add-opens=java.base/java.util.concurrent.atomic=ALL-UNNAMED -Xmx2048m -Dfile.encoding=UTF-8 -Duser.country=LU -Duser.language=fr -Duser.variant -javaagent:C:\Users\Tortue\.gradle\wrapper\dists\gradle-8.7-bin\bhs2wmbdwecv87pi65oeuq5iu\gradle-8.7\lib\agents\gradle-instrumentation-agent-8.7.jar 
java_command: org.gradle.launcher.daemon.bootstrap.GradleDaemon 8.7
java_class_path (initial): C:\Users\Tortue\.gradle\wrapper\dists\gradle-8.7-bin\bhs2wmbdwecv87pi65oeuq5iu\gradle-8.7\lib\gradle-launcher-8.7.jar
Launcher Type: SUN_STANDARD

[Global flags]
     intx CICompilerCount                          = 3                                         {product} {ergonomic}
     uint ConcGCThreads                            = 1                                         {product} {ergonomic}
     uint G1ConcRefinementThreads                  = 4                                         {product} {ergonomic}
   size_t G1HeapRegionSize                         = 1048576                                   {product} {ergonomic}
    uintx GCDrainStackTargetSize                   = 64                                        {product} {ergonomic}
   size_t InitialHeapSize                          = 201326592                                 {product} {ergonomic}
   size_t MarkStackSize                            = 4194304                                   {product} {ergonomic}
   size_t MaxHeapSize                              = 2147483648                                {product} {command line}
   size_t MaxNewSize                               = 1287651328                                {product} {ergonomic}
   size_t MinHeapDeltaBytes                        = 1048576                                   {product} {ergonomic}
   size_t MinHeapSize                              = 8388608                                   {product} {ergonomic}
    uintx NonNMethodCodeHeapSize                   = 5832780                                {pd product} {ergonomic}
    uintx NonProfiledCodeHeapSize                  = 122912730                              {pd product} {ergonomic}
    uintx ProfiledCodeHeapSize                     = 122912730                              {pd product} {ergonomic}
    uintx ReservedCodeCacheSize                    = 251658240                              {pd product} {ergonomic}
     bool SegmentedCodeCache                       = true                                      {product} {ergonomic}
   size_t SoftMaxHeapSize                          = 2147483648                             {manageable} {ergonomic}
     bool UseCompressedOops                        = true                           {product lp64_product} {ergonomic}
     bool UseG1GC                                  = true                                      {product} {ergonomic}
     bool UseLargePagesIndividualAllocation        = false                                  {pd product} {ergonomic}

Logging:
Log output configuration:
 #0: stdout all=warning uptime,level,tags foldmultilines=false
 #1: stderr all=off uptime,level,tags foldmultilines=false

Release file:
JAVA_VERSION="21.0.9" 
MODULES="java.base java.compiler java.datatransfer java.xml java.prefs java.desktop java.instrument java.logging java.management java.security.sasl java.naming java.rmi java.management.rmi java.net.http java.scripting java.security.jgss java.transaction.xa java.sql java.sql.rowset java.xml.crypto java.se java.smartcardio jdk.accessibility jdk.internal.jvmstat jdk.attach jdk.charsets jdk.internal.opt jdk.zipfs jdk.compiler jdk.crypto.ec jdk.crypto.cryptoki jdk.dynalink jdk.hotspot.agent jdk.httpserver jdk.internal.ed jdk.internal.le jdk.internal.vm.ci jdk.jartool jdk.javadoc jdk.jcmd jdk.jdeps jdk.jdwp.agent jdk.jdi jdk.jfr jdk.jlink jdk.jsobject jdk.localedata jdk.management jdk.management.agent jdk.management.jfr jdk.naming.dns jdk.naming.rmi jdk.net jdk.sctp jdk.security.auth jdk.security.jgss jdk.unsupported jdk.unsupported.desktop jdk.xml.dom" 
IMPLEMENTOR="JetBrains s.r.o." 
JAVA_RUNTIME_VERSION="21.0.9+-14787801-b1163.94" 
LIBC="default" 
OS_ARCH="x86_64" 
OS_NAME="Windows" 
SOURCE=".:git:0c757ddc9f2f" 

Environment Variables:
PATH=C:\Program Files\Common Files\Oracle\Java\javapath;C:\Program Files (x86)\Common Files\Oracle\Java\javapath;C:\Python314\Scripts\;C:\Python314\;C:\Windows\system32;C:\Windows;C:\Windows\System32\Wbem;C:\Windows\System32\WindowsPowerShell\v1.0\;C:\Windows\System32\OpenSSH\;C:\Program Files\nodejs\;C:\ProgramData\chocolatey\bin;C:\Program Files\Git\cmd;C:\Program Files\dotnet\;C:\Program Files\Docker\Docker\resources\bin;C:\apache-maven-3.9.14\bin;C:\laragon\bin\php\php-8.3.30-Win32-vs16-x64;C:\Users\Tortue\AppData\Local\Microsoft\WindowsApps;C:\Users\Tortue\AppData\Local\Programs\Antigravity\bin;C:\Users\Tortue\AppData\Local\Programs\Microsoft VS Code\bin;C:\Users\Tortue\AppData\Roaming\npm;C:\Users\Tortue\AppData\Local\GitHubDesktop\bin
USERNAME=Tortue
OS=Windows_NT
PROCESSOR_IDENTIFIER=Intel64 Family 6 Model 60 Stepping 3, GenuineIntel
TMP=C:\Users\Tortue\AppData\Local\Temp
TEMP=C:\Users\Tortue\AppData\Local\Temp




Periodic native trim disabled

JNI global refs:
JNI global refs: 25, weak refs: 0

JNI global refs memory usage: 835, weak refs: 833

Process memory usage:
Resident Set Size: 362784K (2% of 12488984K total physical memory with 3485688K free physical memory)

OOME stack traces (most recent first):
Classloader memory used:
Loader org.gradle.internal.classloader.VisitableURLClassLoader                         : 31690K
Loader bootstrap                                                                       : 23478K
Loader org.gradle.initialization.MixInLegacyTypesClassLoader                           : 9131K
Loader org.gradle.internal.classloader.VisitableURLClassLoader$InstrumentingVisitableURLClassLoader: 1089K
Loader org.gradle.internal.classloader.VisitableURLClassLoader                         : 1064K
Loader jdk.internal.loader.ClassLoaders$PlatformClassLoader                            : 546K
Loader jdk.internal.reflect.DelegatingClassLoader                                      : 270K
Loader jdk.internal.loader.ClassLoaders$AppClassLoader                                 : 230K
Loader org.gradle.groovy.scripts.internal.DefaultScriptCompilationHandler$ScriptClassLoader: 90280B
Loader org.codehaus.groovy.runtime.callsite.CallSiteClassLoader                        : 45480B

Classes loaded by more than one classloader:
Class Program                                                                         : loaded 4 times (x 74B)
Class org.gradle.internal.IoActions                                                   : loaded 3 times (x 71B)
Class org.gradle.api.GradleException                                                  : loaded 3 times (x 82B)
Class org.gradle.api.Action                                                           : loaded 3 times (x 70B)
Class org.gradle.internal.Cast                                                        : loaded 3 times (x 71B)
Class com.google.common.collect.Lists                                                 : loaded 3 times (x 71B)
Class com.google.common.collect.ImmutableCollection                                   : loaded 3 times (x 125B)
Class com.google.common.collect.UnmodifiableListIterator                              : loaded 3 times (x 95B)
Class com.google.common.collect.ImmutableList                                         : loaded 3 times (x 206B)
Class com.google.common.collect.AbstractIndexedListIterator                           : loaded 3 times (x 96B)
Class com.google.common.collect.Lists$StringAsImmutableList                           : loaded 3 times (x 207B)
Class com.google.common.collect.UnmodifiableIterator                                  : loaded 3 times (x 80B)
Class com.google.common.base.Preconditions                                            : loaded 3 times (x 71B)
Class org.gradle.api.internal.classpath.EffectiveClassPath                            : loaded 2 times (x 90B)
Class org.gradle.tooling.internal.gradle.DefaultProjectIdentifier                     : loaded 2 times (x 86B)
Class com.google.common.base.Splitter                                                 : loaded 2 times (x 72B)
Class org.gradle.api.internal.DefaultClassPathProvider                                : loaded 2 times (x 76B)
Class [Lorg.gradle.api.internal.ClassPathProvider;                                    : loaded 2 times (x 69B)
Class org.gradle.api.internal.ClassPathProvider                                       : loaded 2 times (x 70B)
Class com.google.common.base.AbstractIterator$State                                   : loaded 2 times (x 79B)
Class org.gradle.internal.service.UnknownServiceException                             : loaded 2 times (x 83B)
Class com.google.common.base.Splitter$1                                               : loaded 2 times (x 77B)
Class org.gradle.internal.classpath.TransformedClassPath                              : loaded 2 times (x 96B)
Class com.google.common.collect.Iterators$ArrayItr                                    : loaded 2 times (x 97B)
Class kotlin.enums.EnumEntriesList                                                    : loaded 2 times (x 223B)
Class kotlin.collections.AbstractList$Companion                                       : loaded 2 times (x 71B)
Class org.gradle.internal.service.ServiceLocator                                      : loaded 2 times (x 70B)
Class com.intellij.gradle.toolingExtension.util.GradleVersionUtil                     : loaded 2 times (x 71B)
Class org.gradle.tooling.model.UnsupportedMethodException                             : loaded 2 times (x 82B)
Class com.google.common.collect.RegularImmutableAsList                                : loaded 2 times (x 216B)
Class com.google.common.base.CharMatcher$RangesMatcher                                : loaded 2 times (x 112B)
Class com.google.common.collect.Iterators                                             : loaded 2 times (x 71B)
Class com.google.common.base.CharMatcher$None                                         : loaded 2 times (x 112B)
Class org.gradle.kotlin.dsl.VersionCatalogAccessorsKt                                 : loaded 2 times (x 71B)
Class com.google.common.base.CharMatcher$JavaLetterOrDigit                            : loaded 2 times (x 111B)
Class org.gradle.internal.InternalTransformer                                         : loaded 2 times (x 70B)
Class com.google.common.base.CharMatcher$And                                          : loaded 2 times (x 112B)
Class org.gradle.internal.time.DefaultTimer                                           : loaded 2 times (x 80B)
Class org.gradle.internal.classloader.ClasspathUtil$1                                 : loaded 2 times (x 76B)
Class org.gradle.api.internal.classpath.DefaultModuleRegistry$DefaultModule           : loaded 2 times (x 86B)
Class com.google.common.collect.AbstractIterator                                      : loaded 2 times (x 82B)
Class com.google.common.collect.ObjectArrays                                          : loaded 2 times (x 71B)
Class org.gradle.internal.classloader.DefaultClassLoaderFactory                       : loaded 2 times (x 82B)
Class org.gradle.internal.time.DefaultCountdownTimer                                  : loaded 2 times (x 88B)
Class org.gradle.tooling.internal.gradle.DefaultBuildIdentifier                       : loaded 2 times (x 79B)
Class org.gradle.api.internal.classpath.Module                                        : loaded 2 times (x 70B)
Class org.gradle.api.internal.classpath.UnknownModuleException                        : loaded 2 times (x 82B)
Class org.gradle.cache.GlobalCache                                                    : loaded 2 times (x 70B)
Class com.google.common.base.NullnessCasts                                            : loaded 2 times (x 71B)
Class org.gradle.tooling.internal.gradle.GradleProjectIdentity                        : loaded 2 times (x 70B)
Class org.gradle.api.internal.DefaultClassPathRegistry                                : loaded 2 times (x 76B)
Class org.gradle.api.internal.ClassPathRegistry                                       : loaded 2 times (x 70B)
Class org.gradle.internal.classpath.DefaultClassPath$ImmutableUniqueList              : loaded 2 times (x 199B)
Class com.google.common.collect.SingletonImmutableList                                : loaded 2 times (x 207B)
Class org.gradle.internal.operations.MultipleBuildOperationFailures                   : loaded 2 times (x 95B)
Class Settings_gradle$1                                                               : loaded 2 times (x 75B)
Class org.gradle.internal.classpath.ClassPath                                         : loaded 2 times (x 70B)
Class org.gradle.api.UncheckedIOException                                             : loaded 2 times (x 82B)
Class com.google.common.collect.ImmutableList$ReverseImmutableList                    : loaded 2 times (x 208B)
Class com.google.common.base.JdkPattern                                               : loaded 2 times (x 75B)
Class com.google.common.collect.Iterators$1                                           : loaded 2 times (x 81B)
Class org.gradle.tooling.model.Model                                                  : loaded 2 times (x 70B)
Class kotlin.UninitializedPropertyAccessException                                     : loaded 2 times (x 82B)
Class com.google.common.collect.Iterators$4                                           : loaded 2 times (x 82B)
Class org.gradle.internal.installation.GradleInstallation$1                           : loaded 2 times (x 75B)
Class org.gradle.api.internal.classpath.ModuleRegistry                                : loaded 2 times (x 70B)
Class com.google.common.base.Splitter$SplittingIterator                               : loaded 2 times (x 84B)
Class com.google.common.collect.Iterators$5                                           : loaded 2 times (x 82B)
Class com.google.common.base.CharMatcher$ForPredicate                                 : loaded 2 times (x 112B)
Class org.gradle.api.internal.classpath.ManifestUtil                                  : loaded 2 times (x 71B)
Class com.google.common.base.CharMatcher$AnyOf                                        : loaded 2 times (x 112B)
Class org.gradle.api.internal.classpath.DefaultModuleRegistry                         : loaded 2 times (x 86B)
Class com.google.common.collect.ImmutableList$1                                       : loaded 2 times (x 97B)
Class com.google.common.base.CharMatcher$Any                                          : loaded 2 times (x 112B)
Class com.google.common.collect.ImmutableAsList                                       : loaded 2 times (x 209B)
Class com.google.common.collect.Iterators$9                                           : loaded 2 times (x 81B)
Class org.gradle.internal.time.MonotonicClock                                         : loaded 2 times (x 77B)
Class org.gradle.internal.service.ServiceLookupException                              : loaded 2 times (x 82B)
Class com.google.common.base.CharMatcher$JavaLetter                                   : loaded 2 times (x 111B)
Class org.gradle.internal.classloader.ClassLoaderFactory                              : loaded 2 times (x 70B)
Class com.google.common.base.CharMatcher$IsNot                                        : loaded 2 times (x 111B)
Class com.google.common.base.CommonPattern                                            : loaded 2 times (x 74B)
Class org.gradle.internal.service.CachingServiceLocator                               : loaded 2 times (x 82B)
Class com.google.common.base.CharMatcher$JavaDigit                                    : loaded 2 times (x 111B)
Class org.gradle.internal.time.TimeSource                                             : loaded 2 times (x 70B)
Class org.gradle.tooling.internal.gradle.GradleBuildIdentity                          : loaded 2 times (x 70B)
Class kotlin.enums.EnumEntries                                                        : loaded 2 times (x 70B)
Class com.google.common.collect.RegularImmutableList                                  : loaded 2 times (x 212B)
Class org.gradle.internal.exceptions.ResolutionProvider                               : loaded 2 times (x 70B)
Class org.gradle.tooling.model.ProjectIdentifier                                      : loaded 2 times (x 70B)
Class org.gradle.internal.classloader.ClasspathUtil                                   : loaded 2 times (x 71B)
Class com.google.common.base.CharMatcher$JavaUpperCase                                : loaded 2 times (x 111B)
Class org.gradle.internal.time.TimeSource$1                                           : loaded 2 times (x 77B)
Class kotlin.jvm.internal.DefaultConstructorMarker                                    : loaded 2 times (x 71B)
Class org.gradle.api.specs.Spec                                                       : loaded 2 times (x 70B)
Class Build_gradle$1                                                                  : loaded 2 times (x 78B)
Class com.intellij.gradle.toolingExtension.impl.model.utilDummyModel.DummyModel       : loaded 2 times (x 70B)
Class org.gradle.internal.time.Clock                                                  : loaded 2 times (x 70B)
Class sync_studio_tooling2_73frjpw3f4b1rd2atpevufjay                                  : loaded 2 times (x 179B)
Class kotlin.collections.AbstractList                                                 : loaded 2 times (x 197B)
Class kotlin.collections.AbstractCollection                                           : loaded 2 times (x 117B)
Class com.google.common.base.CharMatcher$Invisible                                    : loaded 2 times (x 112B)
Class org.gradle.internal.classloader.VisitableURLClassLoader$InstrumentingVisitableURLClassLoader: loaded 2 times (x 123B)
Class org.gradle.internal.classloader.VisitableURLClassLoader$Spec                    : loaded 2 times (x 74B)
Class org.gradle.internal.classpath.DefaultClassPath                                  : loaded 2 times (x 90B)
Class com.google.common.base.AbstractIterator                                         : loaded 2 times (x 80B)
Class org.gradle.util.internal.DefaultGradleVersion                                   : loaded 2 times (x 82B)
Class com.google.common.base.CharMatcher$Ascii                                        : loaded 2 times (x 112B)
Class com.google.common.base.CharMatcher$BitSetMatcher                                : loaded 2 times (x 112B)
Class org.gradle.internal.classloader.ClassLoaderSpec                                 : loaded 2 times (x 71B)
Class com.google.common.base.CharMatcher$Or                                           : loaded 2 times (x 112B)
Class Settings_gradle$1$1                                                             : loaded 2 times (x 75B)
Class org.gradle.internal.classloader.VisitableURLClassLoader                         : loaded 2 times (x 117B)
Class Settings_gradle                                                                 : loaded 2 times (x 128B)
Class ijInit1_5ilxtldoag16jwt8knzdsqbd6                                               : loaded 2 times (x 179B)
Class org.gradle.internal.classloader.ClassLoaderHierarchy                            : loaded 2 times (x 70B)
Class com.google.common.base.CharMatcher$IsEither                                     : loaded 2 times (x 111B)
Class com.google.common.base.CharMatcher$FastMatcher                                  : loaded 2 times (x 111B)
Class org.gradle.internal.agents.InstrumentingClassLoader                             : loaded 2 times (x 70B)
Class com.google.common.base.Predicate                                                : loaded 2 times (x 70B)
Class org.gradle.internal.classpath.DefaultClassPath$ImmutableUniqueList$Builder      : loaded 2 times (x 75B)
Class com.google.common.base.CharMatcher$NegatedFastMatcher                           : loaded 2 times (x 113B)
Class com.google.common.base.AbstractIterator$1                                       : loaded 2 times (x 71B)
Class com.google.common.base.CharMatcher$Digit                                        : loaded 2 times (x 112B)
Class [Lcom.google.common.base.AbstractIterator$State;                                : loaded 2 times (x 69B)
Class org.gradle.internal.exceptions.NonGradleCauseExceptionsHolder                   : loaded 2 times (x 70B)
Class com.google.common.collect.CollectPreconditions                                  : loaded 2 times (x 71B)
Class com.google.common.base.CharMatcher$JavaIsoControl                               : loaded 2 times (x 112B)
Class com.google.common.base.CharMatcher$JavaLowerCase                                : loaded 2 times (x 111B)
Class com.google.common.base.Splitter$1$1                                             : loaded 2 times (x 86B)
Class com.google.common.base.CharMatcher$Whitespace                                   : loaded 2 times (x 112B)
Class org.gradle.internal.classloader.FilteringClassLoader                            : loaded 2 times (x 105B)
Class kotlin.enums.EnumEntriesKt                                                      : loaded 2 times (x 71B)
Class com.google.common.base.CharMatcher$SingleWidth                                  : loaded 2 times (x 112B)
Class org.gradle.internal.classloader.SystemClassLoaderSpec                           : loaded 2 times (x 71B)
Class org.gradle.internal.exceptions.MultiCauseException                              : loaded 2 times (x 70B)
Class org.gradle.internal.time.CountdownTimer                                         : loaded 2 times (x 70B)
Class kotlin.jvm.internal.Intrinsics                                                  : loaded 2 times (x 71B)
Class org.gradle.tooling.model.ProjectModel                                           : loaded 2 times (x 70B)
Class sync_studio_tooling2_73frjpw3f4b1rd2atpevufjay$_run_closure1                    : loaded 2 times (x 139B)
Class kotlin.KotlinNullPointerException                                               : loaded 2 times (x 83B)
Class com.google.common.base.CharMatcher$Is                                           : loaded 2 times (x 111B)
Class com.google.common.base.CharMatcher$Negated                                      : loaded 2 times (x 113B)
Class org.gradle.internal.exceptions.DefaultMultiCauseException                       : loaded 2 times (x 95B)
Class org.gradle.internal.classloader.ClassLoaderVisitor                              : loaded 2 times (x 76B)
Class com.google.common.base.CharMatcher                                              : loaded 2 times (x 111B)
Class com.google.common.collect.PeekingIterator                                       : loaded 2 times (x 70B)
Class org.gradle.internal.time.Time                                                   : loaded 2 times (x 71B)
Class com.google.common.base.CharMatcher$1                                            : loaded 2 times (x 113B)
Class com.google.common.base.CharMatcher$NamedFastMatcher                             : loaded 2 times (x 112B)
Class org.gradle.tooling.model.BuildIdentifier                                        : loaded 2 times (x 70B)
Class kotlin.NoWhenBranchMatchedException                                             : loaded 2 times (x 82B)
Class com.google.common.base.CharMatcher$InRange                                      : loaded 2 times (x 111B)
Class Settings_gradle$1$1$1                                                           : loaded 2 times (x 75B)
Class Build_gradle                                                                    : loaded 2 times (x 72B)
Class org.gradle.internal.time.Timer                                                  : loaded 2 times (x 70B)
Class kotlin.jvm.internal.markers.KMappedMarker                                       : loaded 2 times (x 70B)
Class org.gradle.internal.installation.CurrentGradleInstallationLocator               : loaded 2 times (x 71B)
Class kotlin.NotImplementedError                                                      : loaded 2 times (x 82B)
Class org.gradle.internal.service.DefaultServiceLocator                               : loaded 2 times (x 83B)
Class org.gradle.util.GradleVersion                                                   : loaded 2 times (x 81B)
Class org.gradle.internal.installation.CurrentGradleInstallation                      : loaded 2 times (x 73B)
Class com.google.common.collect.ImmutableList$SubList                                 : loaded 2 times (x 208B)
Class org.gradle.util.internal.GUtil                                                  : loaded 2 times (x 71B)
Class com.google.common.collect.Iterators$MergingIterator                             : loaded 2 times (x 81B)
Class org.gradle.internal.installation.GradleInstallation                             : loaded 2 times (x 75B)
Class com.google.common.base.Splitter$Strategy                                        : loaded 2 times (x 70B)

---------------  S Y S T E M  ---------------

OS:
 Windows 10 , 64 bit Build 19041 (10.0.19041.5915)
OS uptime: 0 days 19:51 hours
Hyper-V role detected

CPU: total 4 (initial active 4) (2 cores per cpu, 2 threads per core) family 6 model 60 stepping 3 microcode 0x27, cx8, cmov, fxsr, ht, mmx, sse, sse2, sse3, ssse3, sse4.1, sse4.2, popcnt, lzcnt, tsc, tscinvbit, avx, avx2, aes, erms, clmul, bmi1, bmi2, fma, vzeroupper, clflush, hv, rdtscp, f16c
Processor Information for the first 4 processors :
  Max Mhz: 2500, Current Mhz: 2500, Mhz Limit: 2500

Memory: 4k page, system-wide physical 12196M (3398M free)
TotalPageFile size 27348M (AvailPageFile size 5M)
current process WorkingSet (physical memory assigned to process): 356M, peak: 356M
current process commit charge ("private bytes"): 384M, peak: 384M

vm_info: OpenJDK 64-Bit Server VM (21.0.9+-14787801-b1163.94) for windows-amd64 JRE (21.0.9+-14787801-b1163.94), built on 2026-01-27T21:15:44Z by "builder" with MS VC++ 16.10 / 16.11 (VS2019)

END.
