#
# There is insufficient memory for the Java Runtime Environment to continue.
# Native memory allocation (malloc) failed to allocate 1048576 bytes. Error detail: AllocateHeap
# Possible reasons:
#   The system is out of physical RAM or swap space
#   This process is running with CompressedOops enabled, and the Java Heap may be blocking the growth of the native heap
# Possible solutions:
#   Reduce memory load on the system
#   Increase physical memory or swap space
#   Check if swap backing store is full
#   Decrease Java heap size (-Xmx/-Xms)
#   Decrease number of Java threads
#   Decrease Java thread stack sizes (-Xss)
#   Set larger code cache with -XX:ReservedCodeCacheSize=
#   JVM is running with Unscaled Compressed Oops mode in which the Java heap is
#     placed in the first 4GB address space. The Java Heap base address is the
#     maximum limit for the native heap growth. Please use -XX:HeapBaseMinAddress
#     to set the Java Heap base and to place the Java Heap above 4GB virtual address.
# This output file may be truncated or incomplete.
#
#  Out of Memory Error (allocation.cpp:44), pid=10728, tid=2908
#
# JRE version: OpenJDK Runtime Environment Temurin-21.0.10+7 (21.0.10+7) (build 21.0.10+7-LTS)
# Java VM: OpenJDK 64-Bit Server VM Temurin-21.0.10+7 (21.0.10+7-LTS, mixed mode, sharing, tiered, compressed oops, compressed class ptrs, parallel gc, windows-amd64)
# No core dump will be written. Minidumps are not enabled by default on client versions of Windows
#

---------------  S U M M A R Y ------------

Command Line: --add-modules=ALL-SYSTEM --add-opens=java.base/java.util=ALL-UNNAMED --add-opens=java.base/java.lang=ALL-UNNAMED --add-opens=java.base/sun.nio.fs=ALL-UNNAMED -Declipse.application=org.eclipse.jdt.ls.core.id1 -Dosgi.bundles.defaultStartLevel=4 -Declipse.product=org.eclipse.jdt.ls.core.product -Djava.import.generatesMetadataFilesAtProjectRoot=false -DDetectVMInstallationsJob.disabled=true -Dfile.encoding=utf8 -XX:+UseParallelGC -XX:GCTimeRatio=4 -XX:AdaptiveSizePolicyWeight=90 -Dsun.zip.disableMemoryMapping=true -Xmx2G -Xms100m -Xlog:disable -javaagent:c:\Users\Tortue\.antigravity-ide\extensions\redhat.java-1.54.0-win32-x64\lombok\lombok-1.18.39-4050.jar -XX:+HeapDumpOnOutOfMemoryError -XX:HeapDumpPath=c:\Users\Tortue\AppData\Roaming\Antigravity IDE\User\workspaceStorage\e0dbcb1775256dd96dc37985dd8f82ac\redhat.java -Daether.dependencyCollector.impl=bf c:\Users\Tortue\.antigravity-ide\extensions\redhat.java-1.54.0-win32-x64\server\plugins\org.eclipse.equinox.launcher_1.7.100.v20251111-0406.jar -configuration c:\Users\Tortue\AppData\Roaming\Antigravity IDE\User\globalStorage\redhat.java\1.54.0\config_win -data c:\Users\Tortue\AppData\Roaming\Antigravity IDE\User\workspaceStorage\e0dbcb1775256dd96dc37985dd8f82ac\redhat.java\jdt_ws --pipe=\\.\pipe\lsp-870fb465157d21026ff595c761281e35-sock

Host: Intel(R) Core(TM) i3-4100M CPU @ 2.50GHz, 4 cores, 11G,  Windows 10 , 64 bit Build 19041 (10.0.19041.5915)
Time: Sat May 30 19:04:25 2026 elapsed time: 6334.820827 seconds (0d 1h 45m 34s)

---------------  T H R E A D  ---------------

Current thread (0x0000018e98cb0b70):  JavaThread "Attach Listener" daemon [_thread_in_vm, id=2908, stack(0x0000000f7b200000,0x0000000f7b300000) (1024K)]

Stack: [0x0000000f7b200000,0x0000000f7b300000]
Native frames: (J=compiled Java code, j=interpreted, Vv=VM code, C=native code)
V  [jvm.dll+0x6d7a39]
V  [jvm.dll+0x8b4b26]
V  [jvm.dll+0x8b70de]
V  [jvm.dll+0x8b77c3]
V  [jvm.dll+0x284346]
V  [jvm.dll+0xc1277]
V  [jvm.dll+0x6d82e9]
V  [jvm.dll+0x1334a6]
V  [jvm.dll+0x3f857e]
V  [jvm.dll+0x85f59d]
V  [jvm.dll+0x6d626d]
C  [ucrtbase.dll+0x21bb2]
C  [KERNEL32.DLL+0x17374]
C  [ntdll.dll+0x4cc91]


---------------  P R O C E S S  ---------------

Threads class SMR info:
_java_thread_list=0x0000018ee1cc79e0, length=38, elements={
0x0000018e803f07e0, 0x0000018e98caa140, 0x0000018e98cad6a0, 0x0000018e98cb0110,
0x0000018e98cb0b70, 0x0000018e98cb15d0, 0x0000018e98cb2030, 0x0000018e98cb2e70,
0x0000018e98d27030, 0x0000018edabc1ea0, 0x0000018edad11c20, 0x0000018edf71a810,
0x0000018edab850f0, 0x0000018edf00e0b0, 0x0000018edab84910, 0x0000018edaaef100,
0x0000018edf3834d0, 0x0000018edf7de460, 0x0000018edf06e550, 0x0000018edf06f900,
0x0000018edf070620, 0x0000018edf06ff90, 0x0000018edf071340, 0x0000018ee2705310,
0x0000018ee26ff730, 0x0000018ee26ffdc0, 0x0000018ee2700ae0, 0x0000018ee27059a0,
0x0000018ee2700450, 0x0000018ee2701170, 0x0000018ee2703f60, 0x0000018ee27038d0,
0x0000018ee3640120, 0x0000018ee363b8f0, 0x0000018ee363fa90, 0x0000018ee363e050,
0x0000018ee363d9c0, 0x0000018ee3639190
}

Java Threads: ( => current thread )
  0x0000018e803f07e0 JavaThread "main"                              [_thread_blocked, id=10676, stack(0x0000000f7ab00000,0x0000000f7ac00000) (1024K)]
  0x0000018e98caa140 JavaThread "Reference Handler"          daemon [_thread_blocked, id=4820, stack(0x0000000f7af00000,0x0000000f7b000000) (1024K)]
  0x0000018e98cad6a0 JavaThread "Finalizer"                  daemon [_thread_blocked, id=9404, stack(0x0000000f7b000000,0x0000000f7b100000) (1024K)]
  0x0000018e98cb0110 JavaThread "Signal Dispatcher"          daemon [_thread_blocked, id=10368, stack(0x0000000f7b100000,0x0000000f7b200000) (1024K)]
=>0x0000018e98cb0b70 JavaThread "Attach Listener"            daemon [_thread_in_vm, id=2908, stack(0x0000000f7b200000,0x0000000f7b300000) (1024K)]
  0x0000018e98cb15d0 JavaThread "Service Thread"             daemon [_thread_blocked, id=4640, stack(0x0000000f7b300000,0x0000000f7b400000) (1024K)]
  0x0000018e98cb2030 JavaThread "Monitor Deflation Thread"   daemon [_thread_blocked, id=2104, stack(0x0000000f7b400000,0x0000000f7b500000) (1024K)]
  0x0000018e98cb2e70 JavaThread "C2 CompilerThread0"         daemon [_thread_blocked, id=6252, stack(0x0000000f7b500000,0x0000000f7b600000) (1024K)]
  0x0000018e98d27030 JavaThread "C1 CompilerThread0"         daemon [_thread_blocked, id=12068, stack(0x0000000f7b600000,0x0000000f7b700000) (1024K)]
  0x0000018edabc1ea0 JavaThread "Common-Cleaner"             daemon [_thread_blocked, id=5184, stack(0x0000000f7b700000,0x0000000f7b800000) (1024K)]
  0x0000018edad11c20 JavaThread "Notification Thread"        daemon [_thread_blocked, id=7748, stack(0x0000000f7b800000,0x0000000f7b900000) (1024K)]
  0x0000018edf71a810 JavaThread "Active Thread: Equinox Container: ea607b7f-3fdc-4292-8590-dce340dd8ad3"        [_thread_blocked, id=3052, stack(0x0000000f7b900000,0x0000000f7ba00000) (1024K)]
  0x0000018edab850f0 JavaThread "Refresh Thread: Equinox Container: ea607b7f-3fdc-4292-8590-dce340dd8ad3" daemon [_thread_blocked, id=1680, stack(0x0000000f7bd00000,0x0000000f7be00000) (1024K)]
  0x0000018edf00e0b0 JavaThread "Framework Event Dispatcher: Equinox Container: ea607b7f-3fdc-4292-8590-dce340dd8ad3" daemon [_thread_blocked, id=10916, stack(0x0000000f7be00000,0x0000000f7bf00000) (1024K)]
  0x0000018edab84910 JavaThread "Start Level: Equinox Container: ea607b7f-3fdc-4292-8590-dce340dd8ad3" daemon [_thread_blocked, id=3716, stack(0x0000000f7bf00000,0x0000000f7c000000) (1024K)]
  0x0000018edaaef100 JavaThread "Bundle File Closer"         daemon [_thread_blocked, id=12808, stack(0x0000000f7c000000,0x0000000f7c100000) (1024K)]
  0x0000018edf3834d0 JavaThread "SCR Component Actor"        daemon [_thread_blocked, id=12316, stack(0x0000000f7c100000,0x0000000f7c200000) (1024K)]
  0x0000018edf7de460 JavaThread "Worker-JM"                         [_thread_blocked, id=12472, stack(0x0000000f7c200000,0x0000000f7c300000) (1024K)]
  0x0000018edf06e550 JavaThread "JNA Cleaner"                daemon [_thread_blocked, id=12768, stack(0x0000000f7c300000,0x0000000f7c400000) (1024K)]
  0x0000018edf06f900 JavaThread "Worker-3"                          [_thread_blocked, id=12900, stack(0x0000000f7c800000,0x0000000f7c900000) (1024K)]
  0x0000018edf070620 JavaThread "Java indexing"              daemon [_thread_blocked, id=1656, stack(0x0000000f7c900000,0x0000000f7ca00000) (1024K)]
  0x0000018edf06ff90 JavaThread "Worker-5"                          [_thread_blocked, id=10564, stack(0x0000000f7cd00000,0x0000000f7ce00000) (1024K)]
  0x0000018edf071340 JavaThread "Thread-1"                   daemon [_thread_in_native, id=9876, stack(0x0000000f7ce00000,0x0000000f7cf00000) (1024K)]
  0x0000018ee2705310 JavaThread "Thread-2"                   daemon [_thread_in_native, id=11832, stack(0x0000000f7cf00000,0x0000000f7d000000) (1024K)]
  0x0000018ee26ff730 JavaThread "Thread-3"                   daemon [_thread_in_native, id=9196, stack(0x0000000f7d000000,0x0000000f7d100000) (1024K)]
  0x0000018ee26ffdc0 JavaThread "Thread-4"                   daemon [_thread_in_native, id=7216, stack(0x0000000f7d100000,0x0000000f7d200000) (1024K)]
  0x0000018ee2700ae0 JavaThread "Thread-5"                   daemon [_thread_in_native, id=2648, stack(0x0000000f7d200000,0x0000000f7d300000) (1024K)]
  0x0000018ee27059a0 JavaThread "pool-2-thread-1"                   [_thread_blocked, id=7740, stack(0x0000000f7d300000,0x0000000f7d400000) (1024K)]
  0x0000018ee2700450 JavaThread "WorkspaceEventsHandler"            [_thread_blocked, id=13000, stack(0x0000000f7d400000,0x0000000f7d500000) (1024K)]
  0x0000018ee2701170 JavaThread "pool-1-thread-1"                   [_thread_blocked, id=11496, stack(0x0000000f7d500000,0x0000000f7d600000) (1024K)]
  0x0000018ee2703f60 JavaThread "Timer-0"                           [_thread_blocked, id=2692, stack(0x0000000f7d900000,0x0000000f7da00000) (1024K)]
  0x0000018ee27038d0 JavaThread "Timer-1"                           [_thread_blocked, id=4940, stack(0x0000000f7da00000,0x0000000f7db00000) (1024K)]
  0x0000018ee3640120 JavaThread "Timer-2"                           [_thread_blocked, id=7372, stack(0x0000000f7dd00000,0x0000000f7de00000) (1024K)]
  0x0000018ee363b8f0 JavaThread "Timer-3"                           [_thread_blocked, id=12628, stack(0x0000000f7df00000,0x0000000f7e000000) (1024K)]
  0x0000018ee363fa90 JavaThread "Timer-4"                           [_thread_blocked, id=3128, stack(0x0000000f7e000000,0x0000000f7e100000) (1024K)]
  0x0000018ee363e050 JavaThread "Timer-5"                           [_thread_blocked, id=6968, stack(0x0000000f7aa00000,0x0000000f7ab00000) (1024K)]
  0x0000018ee363d9c0 JavaThread "Timer-6"                           [_thread_blocked, id=7504, stack(0x0000000f7c500000,0x0000000f7c600000) (1024K)]
  0x0000018ee3639190 JavaThread "Timer-7"                           [_thread_blocked, id=3960, stack(0x0000000f7c600000,0x0000000f7c700000) (1024K)]
Total: 38

Other Threads:
  0x0000018e98c8e410 VMThread "VM Thread"                           [id=10384, stack(0x0000000f7ae00000,0x0000000f7af00000) (1024K)]
  0x0000018e804b30f0 WatcherThread "VM Periodic Task Thread"        [id=2852, stack(0x0000000f7ad00000,0x0000000f7ae00000) (1024K)]
  0x0000018e8040d5c0 WorkerThread "GC Thread#0"                     [id=8952, stack(0x0000000f7ac00000,0x0000000f7ad00000) (1024K)]
  0x0000018edf3ded50 WorkerThread "GC Thread#1"                     [id=12044, stack(0x0000000f7ba00000,0x0000000f7bb00000) (1024K)]
  0x0000018edf3df100 WorkerThread "GC Thread#2"                     [id=8052, stack(0x0000000f7bb00000,0x0000000f7bc00000) (1024K)]
  0x0000018edf646a50 WorkerThread "GC Thread#3"                     [id=7488, stack(0x0000000f7bc00000,0x0000000f7bd00000) (1024K)]
Total: 6

Threads with active compile tasks:
Total: 0

VM state: not at safepoint (normal execution)

VM Mutex/Monitor currently owned by a thread: None

Heap address: 0x0000000080000000, size: 2048 MB, Compressed Oops mode: 32-bit

CDS archive(s) mapped at: [0x0000018e99000000-0x0000018e99ba0000-0x0000018e99ba0000), size 12189696, SharedBaseAddress: 0x0000018e99000000, ArchiveRelocationMode: 1.
Compressed class space mapped at: 0x0000018e9a000000-0x0000018eda000000, reserved size: 1073741824
Narrow klass base: 0x0000018e99000000, Narrow klass shift: 0, Narrow klass range: 0x100000000

GC Precious Log:
 CardTable entry size: 512
 CPUs: 4 total, 4 available
 Memory: 12196M
 Large Page Support: Disabled
 NUMA Support: Disabled
 Compressed Oops: Enabled (32-bit)
 Alignments: Space 512K, Generation 512K, Heap 2M
 Heap Min Capacity: 100M
 Heap Initial Capacity: 100M
 Heap Max Capacity: 2G
 Pre-touch: Disabled
 Parallel Workers: 4

Heap:
 PSYoungGen      total 20480K, used 16987K [0x00000000d5580000, 0x00000000d6a80000, 0x0000000100000000)
  eden space 19456K, 83% used [0x00000000d5580000,0x00000000d6554960,0x00000000d6880000)
  from space 1024K, 75% used [0x00000000d6880000,0x00000000d69424e0,0x00000000d6980000)
  to   space 1024K, 0% used [0x00000000d6980000,0x00000000d6980000,0x00000000d6a80000)
 ParOldGen       total 68608K, used 60284K [0x0000000080000000, 0x0000000084300000, 0x00000000d5580000)
  object space 68608K, 87% used [0x0000000080000000,0x0000000083adf210,0x0000000084300000)
 Metaspace       used 69773K, committed 71296K, reserved 1114112K
  class space    used 8645K, committed 9280K, reserved 1048576K

Card table byte_map: [0x0000018e940c0000,0x0000018e944d0000] _byte_map_base: 0x0000018e93cc0000

Marking Bits: (ParMarkBitMap*) 0x00007ffe6caa3450
 Begin Bits: [0x0000018e94780000, 0x0000018e96780000)
 End Bits:   [0x0000018e96780000, 0x0000018e98780000)

Polling page: 0x0000018e80260000

Metaspace:

Usage:
  Non-class:     59.70 MB used.
      Class:      8.44 MB used.
       Both:     68.14 MB used.

Virtual space:
  Non-class space:       64.00 MB reserved,      60.56 MB ( 95%) committed,  1 nodes.
      Class space:        1.00 GB reserved,       9.06 MB ( <1%) committed,  1 nodes.
             Both:        1.06 GB reserved,      69.62 MB (  6%) committed. 

Chunk freelists:
   Non-Class:  2.95 MB
       Class:  6.96 MB
        Both:  9.91 MB

MaxMetaspaceSize: unlimited
CompressedClassSpaceSize: 1.00 GB
Initial GC threshold: 21.00 MB
Current GC threshold: 97.31 MB
CDS: on
 - commit_granule_bytes: 65536.
 - commit_granule_words: 8192.
 - virtual_space_node_default_size: 8388608.
 - enlarge_chunks_in_place: 1.
 - use_allocation_guard: 0.


Internal statistics:

num_allocs_failed_limit: 9.
num_arena_births: 1280.
num_arena_deaths: 16.
num_vsnodes_births: 2.
num_vsnodes_deaths: 0.
num_space_committed: 1114.
num_space_uncommitted: 0.
num_chunks_returned_to_freelist: 26.
num_chunks_taken_from_freelist: 4438.
num_chunk_merges: 12.
num_chunk_splits: 2798.
num_chunks_enlarged: 1692.
num_inconsistent_stats: 0.

CodeHeap 'non-profiled nmethods': size=120000Kb used=7186Kb max_used=7186Kb free=112813Kb
 bounds [0x0000018e8c9b0000, 0x0000018e8d0c0000, 0x0000018e93ee0000]
CodeHeap 'profiled nmethods': size=120000Kb used=18593Kb max_used=18593Kb free=101406Kb
 bounds [0x0000018e84ee0000, 0x0000018e86110000, 0x0000018e8c410000]
CodeHeap 'non-nmethods': size=5760Kb used=1399Kb max_used=1453Kb free=4360Kb
 bounds [0x0000018e8c410000, 0x0000018e8c680000, 0x0000018e8c9b0000]
CodeCache: size=245760Kb, used=27178Kb, max_used=27232Kb, free=218579Kb
 total_blobs=9659, nmethods=8951, adapters=614, full_count=0
Compilation: enabled, stopped_count=0, restarted_count=0

Compilation events (20 events):
Event: 5191.684 Thread 0x0000018e98d27030 9731       1       com.sun.jna.internal.Cleaner::access$100 (5 bytes)
Event: 5191.685 Thread 0x0000018e98d27030 nmethod 9731 0x0000018e8d0b4210 code [0x0000018e8d0b43a0, 0x0000018e8d0b4450]
Event: 5521.704 Thread 0x0000018e98d27030 9732   !   3       java.util.logging.LogManager::ensureLogManagerInitialized (144 bytes)
Event: 5521.705 Thread 0x0000018e98d27030 nmethod 9732 0x0000018e86103d90 code [0x0000018e861040a0, 0x0000018e861051c0]
Event: 5796.823 Thread 0x0000018e98d27030 9733       1       org.eclipse.osgi.internal.framework.EquinoxContainer::getStorage (5 bytes)
Event: 5796.823 Thread 0x0000018e98d27030 nmethod 9733 0x0000018e8d0b4510 code [0x0000018e8d0b46a0, 0x0000018e8d0b4768]
Event: 5972.966 Thread 0x0000018e98d27030 9734       3       java.util.Optional::get (22 bytes)
Event: 5972.967 Thread 0x0000018e98d27030 nmethod 9734 0x0000018e86105790 code [0x0000018e86105940, 0x0000018e86105b60]
Event: 6026.661 Thread 0x0000018e98d27030 9735       1       org.eclipse.core.internal.jobs.InternalJob::setStartTime (6 bytes)
Event: 6026.661 Thread 0x0000018e98d27030 nmethod 9735 0x0000018e8d0b4810 code [0x0000018e8d0b49a0, 0x0000018e8d0b4a80]
Event: 6026.661 Thread 0x0000018e98d27030 9736       3       org.eclipse.core.internal.jobs.InternalJob::internalGetState (9 bytes)
Event: 6026.661 Thread 0x0000018e98d27030 nmethod 9736 0x0000018e86105c90 code [0x0000018e86105e20, 0x0000018e86105f30]
Event: 6026.662 Thread 0x0000018e98d27030 9737       3       org.eclipse.core.runtime.ListenerList$ListenerListIterator::next (39 bytes)
Event: 6026.662 Thread 0x0000018e98d27030 nmethod 9737 0x0000018e86106010 code [0x0000018e861061c0, 0x0000018e86106410]
Event: 6072.980 Thread 0x0000018e98d27030 9738       3       org.eclipse.jdt.ls.core.internal.ParentProcessWatcher::run (83 bytes)
Event: 6072.980 Thread 0x0000018e98d27030 nmethod 9738 0x0000018e86106510 code [0x0000018e861067a0, 0x0000018e86107268]
Event: 6072.980 Thread 0x0000018e98d27030 9739       3       org.eclipse.jdt.ls.core.internal.ParentProcessWatcher::parentProcessStillRunning (62 bytes)
Event: 6072.981 Thread 0x0000018e98d27030 nmethod 9739 0x0000018e86107590 code [0x0000018e861077c0, 0x0000018e86107ec8]
Event: 6253.019 Thread 0x0000018e98d27030 9740       3       java.lang.ProcessHandleImpl::<init> (15 bytes)
Event: 6253.019 Thread 0x0000018e98d27030 nmethod 9740 0x0000018e86108110 code [0x0000018e861082c0, 0x0000018e86108430]

GC Heap History (20 events):
Event: 78.980 GC heap before
{Heap before GC invocations=51 (full 3):
 PSYoungGen      total 20480K, used 20192K [0x00000000d5580000, 0x00000000d6b00000, 0x0000000100000000)
  eden space 19968K, 100% used [0x00000000d5580000,0x00000000d6900000,0x00000000d6900000)
  from space 512K, 43% used [0x00000000d6a00000,0x00000000d6a38000,0x00000000d6a80000)
  to   space 512K, 0% used [0x00000000d6a80000,0x00000000d6a80000,0x00000000d6b00000)
 ParOldGen       total 68608K, used 56172K [0x0000000080000000, 0x0000000084300000, 0x00000000d5580000)
  object space 68608K, 81% used [0x0000000080000000,0x00000000836db308,0x0000000084300000)
 Metaspace       used 63301K, committed 64640K, reserved 1114112K
  class space    used 7852K, committed 8448K, reserved 1048576K
}
Event: 78.981 GC heap after
{Heap after GC invocations=51 (full 3):
 PSYoungGen      total 20480K, used 508K [0x00000000d5580000, 0x00000000d6c00000, 0x0000000100000000)
  eden space 19968K, 0% used [0x00000000d5580000,0x00000000d5580000,0x00000000d6900000)
  from space 512K, 99% used [0x00000000d6a80000,0x00000000d6aff298,0x00000000d6b00000)
  to   space 1536K, 0% used [0x00000000d6900000,0x00000000d6900000,0x00000000d6a80000)
 ParOldGen       total 68608K, used 56642K [0x0000000080000000, 0x0000000084300000, 0x00000000d5580000)
  object space 68608K, 82% used [0x0000000080000000,0x00000000837509e8,0x0000000084300000)
 Metaspace       used 63301K, committed 64640K, reserved 1114112K
  class space    used 7852K, committed 8448K, reserved 1048576K
}
Event: 83.077 GC heap before
{Heap before GC invocations=52 (full 3):
 PSYoungGen      total 20480K, used 20476K [0x00000000d5580000, 0x00000000d6c00000, 0x0000000100000000)
  eden space 19968K, 100% used [0x00000000d5580000,0x00000000d6900000,0x00000000d6900000)
  from space 512K, 99% used [0x00000000d6a80000,0x00000000d6aff298,0x00000000d6b00000)
  to   space 1536K, 0% used [0x00000000d6900000,0x00000000d6900000,0x00000000d6a80000)
 ParOldGen       total 68608K, used 56642K [0x0000000080000000, 0x0000000084300000, 0x00000000d5580000)
  object space 68608K, 82% used [0x0000000080000000,0x00000000837509e8,0x0000000084300000)
 Metaspace       used 64895K, committed 66240K, reserved 1114112K
  class space    used 8092K, committed 8704K, reserved 1048576K
}
Event: 83.080 GC heap after
{Heap after GC invocations=52 (full 3):
 PSYoungGen      total 20992K, used 704K [0x00000000d5580000, 0x00000000d6b00000, 0x0000000100000000)
  eden space 19968K, 0% used [0x00000000d5580000,0x00000000d5580000,0x00000000d6900000)
  from space 1024K, 68% used [0x00000000d6900000,0x00000000d69b0000,0x00000000d6a00000)
  to   space 1024K, 0% used [0x00000000d6a00000,0x00000000d6a00000,0x00000000d6b00000)
 ParOldGen       total 68608K, used 56658K [0x0000000080000000, 0x0000000084300000, 0x00000000d5580000)
  object space 68608K, 82% used [0x0000000080000000,0x00000000837549e8,0x0000000084300000)
 Metaspace       used 64895K, committed 66240K, reserved 1114112K
  class space    used 8092K, committed 8704K, reserved 1048576K
}
Event: 117.044 GC heap before
{Heap before GC invocations=53 (full 3):
 PSYoungGen      total 20992K, used 20672K [0x00000000d5580000, 0x00000000d6b00000, 0x0000000100000000)
  eden space 19968K, 100% used [0x00000000d5580000,0x00000000d6900000,0x00000000d6900000)
  from space 1024K, 68% used [0x00000000d6900000,0x00000000d69b0000,0x00000000d6a00000)
  to   space 1024K, 0% used [0x00000000d6a00000,0x00000000d6a00000,0x00000000d6b00000)
 ParOldGen       total 68608K, used 56658K [0x0000000080000000, 0x0000000084300000, 0x00000000d5580000)
  object space 68608K, 82% used [0x0000000080000000,0x00000000837549e8,0x0000000084300000)
 Metaspace       used 65378K, committed 66752K, reserved 1114112K
  class space    used 8119K, committed 8768K, reserved 1048576K
}
Event: 117.048 GC heap after
{Heap after GC invocations=53 (full 3):
 PSYoungGen      total 20480K, used 224K [0x00000000d5580000, 0x00000000d6a80000, 0x0000000100000000)
  eden space 19968K, 0% used [0x00000000d5580000,0x00000000d5580000,0x00000000d6900000)
  from space 512K, 43% used [0x00000000d6a00000,0x00000000d6a38000,0x00000000d6a80000)
  to   space 512K, 0% used [0x00000000d6980000,0x00000000d6980000,0x00000000d6a00000)
 ParOldGen       total 68608K, used 57278K [0x0000000080000000, 0x0000000084300000, 0x00000000d5580000)
  object space 68608K, 83% used [0x0000000080000000,0x00000000837efa18,0x0000000084300000)
 Metaspace       used 65378K, committed 66752K, reserved 1114112K
  class space    used 8119K, committed 8768K, reserved 1048576K
}
Event: 139.873 GC heap before
{Heap before GC invocations=54 (full 3):
 PSYoungGen      total 20480K, used 20192K [0x00000000d5580000, 0x00000000d6a80000, 0x0000000100000000)
  eden space 19968K, 100% used [0x00000000d5580000,0x00000000d6900000,0x00000000d6900000)
  from space 512K, 43% used [0x00000000d6a00000,0x00000000d6a38000,0x00000000d6a80000)
  to   space 512K, 0% used [0x00000000d6980000,0x00000000d6980000,0x00000000d6a00000)
 ParOldGen       total 68608K, used 57278K [0x0000000080000000, 0x0000000084300000, 0x00000000d5580000)
  object space 68608K, 83% used [0x0000000080000000,0x00000000837efa18,0x0000000084300000)
 Metaspace       used 65454K, committed 66816K, reserved 1114112K
  class space    used 8132K, committed 8768K, reserved 1048576K
}
Event: 139.876 GC heap after
{Heap after GC invocations=54 (full 3):
 PSYoungGen      total 20480K, used 192K [0x00000000d5580000, 0x00000000d6a80000, 0x0000000100000000)
  eden space 19968K, 0% used [0x00000000d5580000,0x00000000d5580000,0x00000000d6900000)
  from space 512K, 37% used [0x00000000d6980000,0x00000000d69b0010,0x00000000d6a00000)
  to   space 512K, 0% used [0x00000000d6a00000,0x00000000d6a00000,0x00000000d6a80000)
 ParOldGen       total 68608K, used 57438K [0x0000000080000000, 0x0000000084300000, 0x00000000d5580000)
  object space 68608K, 83% used [0x0000000080000000,0x0000000083817a38,0x0000000084300000)
 Metaspace       used 65454K, committed 66816K, reserved 1114112K
  class space    used 8132K, committed 8768K, reserved 1048576K
}
Event: 166.520 GC heap before
{Heap before GC invocations=55 (full 3):
 PSYoungGen      total 20480K, used 20160K [0x00000000d5580000, 0x00000000d6a80000, 0x0000000100000000)
  eden space 19968K, 100% used [0x00000000d5580000,0x00000000d6900000,0x00000000d6900000)
  from space 512K, 37% used [0x00000000d6980000,0x00000000d69b0010,0x00000000d6a00000)
  to   space 512K, 0% used [0x00000000d6a00000,0x00000000d6a00000,0x00000000d6a80000)
 ParOldGen       total 68608K, used 57438K [0x0000000080000000, 0x0000000084300000, 0x00000000d5580000)
  object space 68608K, 83% used [0x0000000080000000,0x0000000083817a38,0x0000000084300000)
 Metaspace       used 65596K, committed 66944K, reserved 1114112K
  class space    used 8153K, committed 8768K, reserved 1048576K
}
Event: 166.522 GC heap after
{Heap after GC invocations=55 (full 3):
 PSYoungGen      total 19968K, used 496K [0x00000000d5580000, 0x00000000d6c00000, 0x0000000100000000)
  eden space 19456K, 0% used [0x00000000d5580000,0x00000000d5580000,0x00000000d6880000)
  from space 512K, 96% used [0x00000000d6a00000,0x00000000d6a7c010,0x00000000d6a80000)
  to   space 1536K, 0% used [0x00000000d6880000,0x00000000d6880000,0x00000000d6a00000)
 ParOldGen       total 68608K, used 58214K [0x0000000080000000, 0x0000000084300000, 0x00000000d5580000)
  object space 68608K, 84% used [0x0000000080000000,0x00000000838d9858,0x0000000084300000)
 Metaspace       used 65596K, committed 66944K, reserved 1114112K
  class space    used 8153K, committed 8768K, reserved 1048576K
}
Event: 167.355 GC heap before
{Heap before GC invocations=56 (full 3):
 PSYoungGen      total 19968K, used 19952K [0x00000000d5580000, 0x00000000d6c00000, 0x0000000100000000)
  eden space 19456K, 100% used [0x00000000d5580000,0x00000000d6880000,0x00000000d6880000)
  from space 512K, 96% used [0x00000000d6a00000,0x00000000d6a7c010,0x00000000d6a80000)
  to   space 1536K, 0% used [0x00000000d6880000,0x00000000d6880000,0x00000000d6a00000)
 ParOldGen       total 68608K, used 58214K [0x0000000080000000, 0x0000000084300000, 0x00000000d5580000)
  object space 68608K, 84% used [0x0000000080000000,0x00000000838d9858,0x0000000084300000)
 Metaspace       used 66543K, committed 68032K, reserved 1114112K
  class space    used 8294K, committed 8960K, reserved 1048576K
}
Event: 167.357 GC heap after
{Heap after GC invocations=56 (full 3):
 PSYoungGen      total 20480K, used 736K [0x00000000d5580000, 0x00000000d6a80000, 0x0000000100000000)
  eden space 19456K, 0% used [0x00000000d5580000,0x00000000d5580000,0x00000000d6880000)
  from space 1024K, 71% used [0x00000000d6880000,0x00000000d6938000,0x00000000d6980000)
  to   space 1024K, 0% used [0x00000000d6980000,0x00000000d6980000,0x00000000d6a80000)
 ParOldGen       total 68608K, used 58638K [0x0000000080000000, 0x0000000084300000, 0x00000000d5580000)
  object space 68608K, 85% used [0x0000000080000000,0x0000000083943858,0x0000000084300000)
 Metaspace       used 66543K, committed 68032K, reserved 1114112K
  class space    used 8294K, committed 8960K, reserved 1048576K
}
Event: 168.051 GC heap before
{Heap before GC invocations=57 (full 3):
 PSYoungGen      total 20480K, used 20083K [0x00000000d5580000, 0x00000000d6a80000, 0x0000000100000000)
  eden space 19456K, 99% used [0x00000000d5580000,0x00000000d6864cf0,0x00000000d6880000)
  from space 1024K, 71% used [0x00000000d6880000,0x00000000d6938000,0x00000000d6980000)
  to   space 1024K, 0% used [0x00000000d6980000,0x00000000d6980000,0x00000000d6a80000)
 ParOldGen       total 68608K, used 58638K [0x0000000080000000, 0x0000000084300000, 0x00000000d5580000)
  object space 68608K, 85% used [0x0000000080000000,0x0000000083943858,0x0000000084300000)
 Metaspace       used 66947K, committed 68416K, reserved 1114112K
  class space    used 8343K, committed 9024K, reserved 1048576K
}
Event: 168.054 GC heap after
{Heap after GC invocations=57 (full 3):
 PSYoungGen      total 20480K, used 544K [0x00000000d5580000, 0x00000000d6a80000, 0x0000000100000000)
  eden space 19456K, 0% used [0x00000000d5580000,0x00000000d5580000,0x00000000d6880000)
  from space 1024K, 53% used [0x00000000d6980000,0x00000000d6a08110,0x00000000d6a80000)
  to   space 1024K, 0% used [0x00000000d6880000,0x00000000d6880000,0x00000000d6980000)
 ParOldGen       total 68608K, used 59204K [0x0000000080000000, 0x0000000084300000, 0x00000000d5580000)
  object space 68608K, 86% used [0x0000000080000000,0x00000000839d1078,0x0000000084300000)
 Metaspace       used 66947K, committed 68416K, reserved 1114112K
  class space    used 8343K, committed 9024K, reserved 1048576K
}
Event: 185.435 GC heap before
{Heap before GC invocations=58 (full 3):
 PSYoungGen      total 20480K, used 20000K [0x00000000d5580000, 0x00000000d6a80000, 0x0000000100000000)
  eden space 19456K, 100% used [0x00000000d5580000,0x00000000d6880000,0x00000000d6880000)
  from space 1024K, 53% used [0x00000000d6980000,0x00000000d6a08110,0x00000000d6a80000)
  to   space 1024K, 0% used [0x00000000d6880000,0x00000000d6880000,0x00000000d6980000)
 ParOldGen       total 68608K, used 59204K [0x0000000080000000, 0x0000000084300000, 0x00000000d5580000)
  object space 68608K, 86% used [0x0000000080000000,0x00000000839d1078,0x0000000084300000)
 Metaspace       used 66991K, committed 68480K, reserved 1114112K
  class space    used 8347K, committed 9024K, reserved 1048576K
}
Event: 185.439 GC heap after
{Heap after GC invocations=58 (full 3):
 PSYoungGen      total 20480K, used 192K [0x00000000d5580000, 0x00000000d6a00000, 0x0000000100000000)
  eden space 19456K, 0% used [0x00000000d5580000,0x00000000d5580000,0x00000000d6880000)
  from space 1024K, 18% used [0x00000000d6880000,0x00000000d68b0000,0x00000000d6980000)
  to   space 512K, 0% used [0x00000000d6980000,0x00000000d6980000,0x00000000d6a00000)
 ParOldGen       total 68608K, used 59412K [0x0000000080000000, 0x0000000084300000, 0x00000000d5580000)
  object space 68608K, 86% used [0x0000000080000000,0x0000000083a05088,0x0000000084300000)
 Metaspace       used 66991K, committed 68480K, reserved 1114112K
  class space    used 8347K, committed 9024K, reserved 1048576K
}
Event: 190.504 GC heap before
{Heap before GC invocations=59 (full 3):
 PSYoungGen      total 20480K, used 19648K [0x00000000d5580000, 0x00000000d6a00000, 0x0000000100000000)
  eden space 19456K, 100% used [0x00000000d5580000,0x00000000d6880000,0x00000000d6880000)
  from space 1024K, 18% used [0x00000000d6880000,0x00000000d68b0000,0x00000000d6980000)
  to   space 512K, 0% used [0x00000000d6980000,0x00000000d6980000,0x00000000d6a00000)
 ParOldGen       total 68608K, used 59412K [0x0000000080000000, 0x0000000084300000, 0x00000000d5580000)
  object space 68608K, 86% used [0x0000000080000000,0x0000000083a05088,0x0000000084300000)
 Metaspace       used 67524K, committed 69120K, reserved 1114112K
  class space    used 8410K, committed 9088K, reserved 1048576K
}
Event: 190.508 GC heap after
{Heap after GC invocations=59 (full 3):
 PSYoungGen      total 19968K, used 504K [0x00000000d5580000, 0x00000000d6a80000, 0x0000000100000000)
  eden space 19456K, 0% used [0x00000000d5580000,0x00000000d5580000,0x00000000d6880000)
  from space 512K, 98% used [0x00000000d6980000,0x00000000d69fe1a8,0x00000000d6a00000)
  to   space 1024K, 0% used [0x00000000d6880000,0x00000000d6880000,0x00000000d6980000)
 ParOldGen       total 68608K, used 59788K [0x0000000080000000, 0x0000000084300000, 0x00000000d5580000)
  object space 68608K, 87% used [0x0000000080000000,0x0000000083a63088,0x0000000084300000)
 Metaspace       used 67524K, committed 69120K, reserved 1114112K
  class space    used 8410K, committed 9088K, reserved 1048576K
}
Event: 192.039 GC heap before
{Heap before GC invocations=60 (full 3):
 PSYoungGen      total 19968K, used 19960K [0x00000000d5580000, 0x00000000d6a80000, 0x0000000100000000)
  eden space 19456K, 100% used [0x00000000d5580000,0x00000000d6880000,0x00000000d6880000)
  from space 512K, 98% used [0x00000000d6980000,0x00000000d69fe1a8,0x00000000d6a00000)
  to   space 1024K, 0% used [0x00000000d6880000,0x00000000d6880000,0x00000000d6980000)
 ParOldGen       total 68608K, used 59788K [0x0000000080000000, 0x0000000084300000, 0x00000000d5580000)
  object space 68608K, 87% used [0x0000000080000000,0x0000000083a63088,0x0000000084300000)
 Metaspace       used 68749K, committed 70208K, reserved 1114112K
  class space    used 8524K, committed 9152K, reserved 1048576K
}
Event: 192.041 GC heap after
{Heap after GC invocations=60 (full 3):
 PSYoungGen      total 20480K, used 777K [0x00000000d5580000, 0x00000000d6a80000, 0x0000000100000000)
  eden space 19456K, 0% used [0x00000000d5580000,0x00000000d5580000,0x00000000d6880000)
  from space 1024K, 75% used [0x00000000d6880000,0x00000000d69424e0,0x00000000d6980000)
  to   space 1024K, 0% used [0x00000000d6980000,0x00000000d6980000,0x00000000d6a80000)
 ParOldGen       total 68608K, used 60284K [0x0000000080000000, 0x0000000084300000, 0x00000000d5580000)
  object space 68608K, 87% used [0x0000000080000000,0x0000000083adf210,0x0000000084300000)
 Metaspace       used 68749K, committed 70208K, reserved 1114112K
  class space    used 8524K, committed 9152K, reserved 1048576K
}

Dll operation events (15 events):
Event: 0.052 Loaded shared library c:\Users\Tortue\.antigravity-ide\extensions\redhat.java-1.54.0-win32-x64\jre\21.0.10-win32-x86_64\bin\java.dll
Event: 0.550 Loaded shared library c:\Users\Tortue\.antigravity-ide\extensions\redhat.java-1.54.0-win32-x64\jre\21.0.10-win32-x86_64\bin\zip.dll
Event: 0.659 Loaded shared library C:\Users\Tortue\.antigravity-ide\extensions\redhat.java-1.54.0-win32-x64\jre\21.0.10-win32-x86_64\bin\instrument.dll
Event: 0.671 Loaded shared library C:\Users\Tortue\.antigravity-ide\extensions\redhat.java-1.54.0-win32-x64\jre\21.0.10-win32-x86_64\bin\net.dll
Event: 0.675 Loaded shared library C:\Users\Tortue\.antigravity-ide\extensions\redhat.java-1.54.0-win32-x64\jre\21.0.10-win32-x86_64\bin\nio.dll
Event: 0.683 Loaded shared library C:\Users\Tortue\.antigravity-ide\extensions\redhat.java-1.54.0-win32-x64\jre\21.0.10-win32-x86_64\bin\zip.dll
Event: 0.757 Loaded shared library C:\Users\Tortue\.antigravity-ide\extensions\redhat.java-1.54.0-win32-x64\jre\21.0.10-win32-x86_64\bin\jimage.dll
Event: 1.281 Loaded shared library c:\Users\Tortue\.antigravity-ide\extensions\redhat.java-1.54.0-win32-x64\jre\21.0.10-win32-x86_64\bin\verify.dll
Event: 27.220 Loaded shared library C:\Users\Tortue\AppData\Roaming\Antigravity IDE\User\globalStorage\redhat.java\1.54.0\config_win\org.eclipse.equinox.launcher\org.eclipse.equinox.launcher.win32.win32.x86_64_1.3.0.v20260203-2149\eclipse_11919.dll
Event: 57.678 Loaded shared library C:\Users\Tortue\AppData\Local\Temp\jna--1784096403\jna16420169350114694106.dll
Event: 69.440 Loaded shared library C:\Users\Tortue\.gradle\native\c067742578af261105cb4f569cf0c3c89f3d7b1fecec35dd04571415982c5e48\windows-amd64\native-platform.dll
Event: 71.413 Loaded shared library C:\Users\Tortue\.antigravity-ide\extensions\redhat.java-1.54.0-win32-x64\jre\21.0.10-win32-x86_64\bin\management.dll
Event: 71.418 Loaded shared library C:\Users\Tortue\.antigravity-ide\extensions\redhat.java-1.54.0-win32-x64\jre\21.0.10-win32-x86_64\bin\management_ext.dll
Event: 79.116 Loaded shared library C:\Users\Tortue\.antigravity-ide\extensions\redhat.java-1.54.0-win32-x64\jre\21.0.10-win32-x86_64\bin\extnet.dll
Event: 82.932 Loaded shared library C:\Users\Tortue\.antigravity-ide\extensions\redhat.java-1.54.0-win32-x64\jre\21.0.10-win32-x86_64\bin\sunmscapi.dll

Deoptimization events (20 events):
Event: 376.117 Thread 0x0000018edf06ff90 DEOPT PACKING pc=0x0000018e8cee9cb8 sp=0x0000000f7cdfe9a0
Event: 376.117 Thread 0x0000018edf06ff90 DEOPT UNPACKING pc=0x0000018e8c463aa2 sp=0x0000000f7cdfe8e0 mode 2
Event: 376.117 Thread 0x0000018edf06ff90 Uncommon trap: trap_request=0xffffffc6 fr.pc=0x0000018e8cee9cb8 relative=0x00000000000010b8
Event: 376.117 Thread 0x0000018edf06ff90 Uncommon trap: reason=bimorphic_or_optimized_type_check action=maybe_recompile pc=0x0000018e8cee9cb8 method=java.io.DataOutputStream.write([BII)V @ 7 c2
Event: 376.117 Thread 0x0000018edf06ff90 DEOPT PACKING pc=0x0000018e8cee9cb8 sp=0x0000000f7cdfe8e0
Event: 376.117 Thread 0x0000018edf06ff90 DEOPT UNPACKING pc=0x0000018e8c463aa2 sp=0x0000000f7cdfe820 mode 2
Event: 376.118 Thread 0x0000018edf06ff90 Uncommon trap: trap_request=0xffffffde fr.pc=0x0000018e8cc64ca8 relative=0x0000000000000cc8
Event: 376.118 Thread 0x0000018edf06ff90 Uncommon trap: reason=class_check action=maybe_recompile pc=0x0000018e8cc64ca8 method=java.io.DataOutputStream.write([BII)V @ 7 c2
Event: 376.118 Thread 0x0000018edf06ff90 DEOPT PACKING pc=0x0000018e8cc64ca8 sp=0x0000000f7cdfe790
Event: 376.118 Thread 0x0000018edf06ff90 DEOPT UNPACKING pc=0x0000018e8c463aa2 sp=0x0000000f7cdfe6b0 mode 2
Event: 376.135 Thread 0x0000018edf06ff90 Uncommon trap: trap_request=0xffffff45 fr.pc=0x0000018e8cb51f4c relative=0x00000000000001ac
Event: 376.135 Thread 0x0000018edf06ff90 Uncommon trap: reason=unstable_if action=reinterpret pc=0x0000018e8cb51f4c method=jdk.internal.org.objectweb.asm.Frame.push(I)V @ 26 c2
Event: 376.135 Thread 0x0000018edf06ff90 DEOPT PACKING pc=0x0000018e8cb51f4c sp=0x0000000f7cdfd330
Event: 376.135 Thread 0x0000018edf06ff90 DEOPT UNPACKING pc=0x0000018e8c463aa2 sp=0x0000000f7cdfd2b8 mode 2
Event: 5093.722 Thread 0x0000018ee3639190 DEOPT PACKING pc=0x0000018e86101aab sp=0x0000000f7c6fefc0
Event: 5093.722 Thread 0x0000018ee3639190 DEOPT UNPACKING pc=0x0000018e8c464242 sp=0x0000000f7c6fe4a8 mode 0
Event: 5094.062 Thread 0x0000018ee3639190 Uncommon trap: trap_request=0xffffff45 fr.pc=0x0000018e8d0b3364 relative=0x0000000000000764
Event: 5094.062 Thread 0x0000018ee3639190 Uncommon trap: reason=unstable_if action=reinterpret pc=0x0000018e8d0b3364 method=java.util.TimerThread.mainLoop()V @ 217 c2
Event: 5094.062 Thread 0x0000018ee3639190 DEOPT PACKING pc=0x0000018e8d0b3364 sp=0x0000000f7c6ff000
Event: 5094.062 Thread 0x0000018ee3639190 DEOPT UNPACKING pc=0x0000018e8c463aa2 sp=0x0000000f7c6fefb0 mode 2

Classes loaded (20 events):
Event: 205.090 Loading class java/util/stream/ReduceOps$5
Event: 205.091 Loading class java/util/stream/ReduceOps$5 done
Event: 205.091 Loading class java/util/stream/ReduceOps$CountingSink$OfRef
Event: 205.092 Loading class java/util/stream/ReduceOps$CountingSink
Event: 205.092 Loading class java/util/stream/ReduceOps$CountingSink done
Event: 205.092 Loading class java/util/stream/ReduceOps$CountingSink$OfRef done
Event: 205.122 Loading class java/util/stream/ReduceOps$1
Event: 205.122 Loading class java/util/stream/ReduceOps$1 done
Event: 205.122 Loading class java/util/stream/ReduceOps$1ReducingSink
Event: 205.123 Loading class java/util/stream/ReduceOps$1ReducingSink done
Event: 376.084 Loading class java/util/stream/Nodes$CollectorTask$OfRef
Event: 376.084 Loading class java/util/stream/Nodes$CollectorTask
Event: 376.085 Loading class java/util/stream/Nodes$CollectorTask done
Event: 376.085 Loading class java/util/stream/Nodes$CollectorTask$OfRef done
Event: 376.085 Loading class java/util/function/LongFunction
Event: 376.085 Loading class java/util/function/LongFunction done
Event: 376.085 Loading class java/util/stream/Nodes$ConcNode
Event: 376.085 Loading class java/util/stream/Nodes$AbstractConcNode
Event: 376.085 Loading class java/util/stream/Nodes$AbstractConcNode done
Event: 376.085 Loading class java/util/stream/Nodes$ConcNode done

Classes unloaded (8 events):
Event: 59.011 Thread 0x0000018e98c8e410 Unloading class 0x0000018e9a1a9400 'java/lang/invoke/LambdaForm$MH+0x0000018e9a1a9400'
Event: 59.011 Thread 0x0000018e98c8e410 Unloading class 0x0000018e9a1a9000 'java/lang/invoke/LambdaForm$MH+0x0000018e9a1a9000'
Event: 59.011 Thread 0x0000018e98c8e410 Unloading class 0x0000018e9a1a8c00 'java/lang/invoke/LambdaForm$MH+0x0000018e9a1a8c00'
Event: 59.011 Thread 0x0000018e98c8e410 Unloading class 0x0000018e9a1a8800 'java/lang/invoke/LambdaForm$MH+0x0000018e9a1a8800'
Event: 59.011 Thread 0x0000018e98c8e410 Unloading class 0x0000018e9a1a8400 'java/lang/invoke/LambdaForm$BMH+0x0000018e9a1a8400'
Event: 59.011 Thread 0x0000018e98c8e410 Unloading class 0x0000018e9a1a8000 'java/lang/invoke/LambdaForm$DMH+0x0000018e9a1a8000'
Event: 59.011 Thread 0x0000018e98c8e410 Unloading class 0x0000018e9a1a6c00 'java/lang/invoke/LambdaForm$DMH+0x0000018e9a1a6c00'
Event: 62.625 Thread 0x0000018e98c8e410 Unloading class 0x0000018e9a312800 'java/lang/invoke/LambdaForm$MH+0x0000018e9a312800'

Classes redefined (0 events):
No events

Internal exceptions (20 events):
Event: 191.395 Thread 0x0000018edf06f900 Exception <a 'sun/nio/fs/WindowsException'{0x00000000d6623488}> (0x00000000d6623488) 
thrown [s\src\hotspot\share\prims\jni.cpp, line 520]
Event: 191.460 Thread 0x0000018ee36407b0 Exception <a 'sun/nio/fs/WindowsException'{0x00000000d671ea70}> (0x00000000d671ea70) 
thrown [s\src\hotspot\share\prims\jni.cpp, line 520]
Event: 191.460 Thread 0x0000018ee36407b0 Exception <a 'sun/nio/fs/WindowsException'{0x00000000d671f350}> (0x00000000d671f350) 
thrown [s\src\hotspot\share\prims\jni.cpp, line 520]
Event: 191.461 Thread 0x0000018ee36407b0 Exception <a 'sun/nio/fs/WindowsException'{0x00000000d6720098}> (0x00000000d6720098) 
thrown [s\src\hotspot\share\prims\jni.cpp, line 520]
Event: 191.461 Thread 0x0000018ee36407b0 Exception <a 'sun/nio/fs/WindowsException'{0x00000000d6720978}> (0x00000000d6720978) 
thrown [s\src\hotspot\share\prims\jni.cpp, line 520]
Event: 191.462 Thread 0x0000018ee36407b0 Exception <a 'sun/nio/fs/WindowsException'{0x00000000d6722048}> (0x00000000d6722048) 
thrown [s\src\hotspot\share\prims\jni.cpp, line 520]
Event: 191.464 Thread 0x0000018ee36407b0 Exception <a 'sun/nio/fs/WindowsException'{0x00000000d6722928}> (0x00000000d6722928) 
thrown [s\src\hotspot\share\prims\jni.cpp, line 520]
Event: 204.953 Thread 0x0000018ee363a540 Implicit null exception at 0x0000018e8cf9c521 to 0x0000018e8cf9c670
Event: 205.017 Thread 0x0000018ee363a540 Exception <a 'java/lang/NoSuchMethodError'{0x00000000d5c3c5b0}: static Lorg/gradle/plugins/ide/internal/tooling/model/DefaultGradleProject;.<clinit>()V> (0x00000000d5c3c5b0) 
thrown [s\src\hotspot\share\prims\jni.cpp, line 1111]
Event: 205.017 Thread 0x0000018ee363a540 Exception <a 'java/lang/NoSuchMethodError'{0x00000000d5c50918}: static Lorg/gradle/plugins/ide/internal/tooling/model/DefaultGradleScript;.<clinit>()V> (0x00000000d5c50918) 
thrown [s\src\hotspot\share\prims\jni.cpp, line 1111]
Event: 205.036 Thread 0x0000018ee363a540 Exception <a 'java/lang/NoSuchMethodError'{0x00000000d5d40e18}: static Lorg/gradle/tooling/internal/gradle/DefaultProjectIdentifier;.<clinit>()V> (0x00000000d5d40e18) 
thrown [s\src\hotspot\share\prims\jni.cpp, line 1111]
Event: 205.038 Thread 0x0000018ee363a540 Exception <a 'java/lang/NoSuchMethodError'{0x00000000d5d4f858}: static Lorg/gradle/tooling/internal/gradle/DefaultBuildIdentifier;.<clinit>()V> (0x00000000d5d4f858) 
thrown [s\src\hotspot\share\prims\jni.cpp, line 1111]
Event: 205.044 Thread 0x0000018ee363a540 Exception <a 'java/lang/NoSuchMethodError'{0x00000000d5d8ca78}: static Lorg/gradle/plugins/ide/internal/tooling/model/LaunchableGradleTask;.<clinit>()V> (0x00000000d5d8ca78) 
thrown [s\src\hotspot\share\prims\jni.cpp, line 1111]
Event: 205.044 Thread 0x0000018ee363a540 Exception <a 'java/lang/NoSuchMethodError'{0x00000000d5d92968}: static Lorg/gradle/plugins/ide/internal/tooling/model/LaunchableGradleProjectTask;.<clinit>()V> (0x00000000d5d92968) 
thrown [s\src\hotspot\share\prims\jni.cpp, line 1111]
Event: 205.096 Thread 0x0000018edf06f900 Exception <a 'sun/nio/fs/WindowsException'{0x00000000d5fb1e90}> (0x00000000d5fb1e90) 
thrown [s\src\hotspot\share\prims\jni.cpp, line 520]
Event: 205.097 Thread 0x0000018edf06f900 Exception <a 'sun/nio/fs/WindowsException'{0x00000000d5fb24c0}> (0x00000000d5fb24c0) 
thrown [s\src\hotspot\share\prims\jni.cpp, line 520]
Event: 376.096 Thread 0x0000018edf06ff90 Exception <a 'sun/nio/fs/WindowsException'{0x00000000d6138398}> (0x00000000d6138398) 
thrown [s\src\hotspot\share\prims\jni.cpp, line 520]
Event: 376.096 Thread 0x0000018edf06ff90 Exception <a 'sun/nio/fs/WindowsException'{0x00000000d6138c78}> (0x00000000d6138c78) 
thrown [s\src\hotspot\share\prims\jni.cpp, line 520]
Event: 376.097 Thread 0x0000018edf06ff90 Implicit null exception at 0x0000018e8cdca486 to 0x0000018e8cdca66c
Event: 376.136 Thread 0x0000018edf06ff90 Exception <a 'java/lang/NoSuchMethodError'{0x00000000d628c200}: 'java.lang.Object java.lang.invoke.DirectMethodHandle$Holder.newInvokeSpecial(java.lang.Object, java.lang.Object, java.lang.Object, java.lang.Object, java.lang.Object, java.lang.Object, java.lang.Object, java.lang.Object)'> (0x00000000d628c200) 
thrown [s\src\hotspot\share\interpreter\linkResolver.cpp, line 773]

ZGC Phase Switch (0 events):
No events

VM Operations (20 events):
Event: 5874.631 Executing non-safepoint VM operation: HandshakeAllThreads (HandshakeForDeflation)
Event: 5874.631 Executing non-safepoint VM operation: HandshakeAllThreads (HandshakeForDeflation) done
Event: 5874.631 Executing non-safepoint VM operation: RendezvousGCThreads
Event: 5874.631 Executing non-safepoint VM operation: RendezvousGCThreads done
Event: 5934.660 Executing non-safepoint VM operation: HandshakeAllThreads (HandshakeForDeflation)
Event: 5934.660 Executing non-safepoint VM operation: HandshakeAllThreads (HandshakeForDeflation) done
Event: 5934.660 Executing non-safepoint VM operation: RendezvousGCThreads
Event: 5934.660 Executing non-safepoint VM operation: RendezvousGCThreads done
Event: 6054.718 Executing non-safepoint VM operation: HandshakeAllThreads (HandshakeForDeflation)
Event: 6054.718 Executing non-safepoint VM operation: HandshakeAllThreads (HandshakeForDeflation) done
Event: 6054.718 Executing non-safepoint VM operation: RendezvousGCThreads
Event: 6054.718 Executing non-safepoint VM operation: RendezvousGCThreads done
Event: 6174.802 Executing non-safepoint VM operation: HandshakeAllThreads (HandshakeForDeflation)
Event: 6174.802 Executing non-safepoint VM operation: HandshakeAllThreads (HandshakeForDeflation) done
Event: 6174.802 Executing non-safepoint VM operation: RendezvousGCThreads
Event: 6174.802 Executing non-safepoint VM operation: RendezvousGCThreads done
Event: 6294.963 Executing non-safepoint VM operation: HandshakeAllThreads (HandshakeForDeflation)
Event: 6294.963 Executing non-safepoint VM operation: HandshakeAllThreads (HandshakeForDeflation) done
Event: 6294.963 Executing non-safepoint VM operation: RendezvousGCThreads
Event: 6294.963 Executing non-safepoint VM operation: RendezvousGCThreads done

Memory protections (0 events):
No events

Nmethod flushes (20 events):
Event: 74.734 Thread 0x0000018e98c8e410 flushing  nmethod 0x0000018e8580e990
Event: 74.734 Thread 0x0000018e98c8e410 flushing  nmethod 0x0000018e85810e10
Event: 74.734 Thread 0x0000018e98c8e410 flushing  nmethod 0x0000018e85811590
Event: 74.734 Thread 0x0000018e98c8e410 flushing  nmethod 0x0000018e85811a10
Event: 74.734 Thread 0x0000018e98c8e410 flushing  nmethod 0x0000018e85819a90
Event: 74.734 Thread 0x0000018e98c8e410 flushing  nmethod 0x0000018e85819e90
Event: 74.734 Thread 0x0000018e98c8e410 flushing  nmethod 0x0000018e8581a910
Event: 74.734 Thread 0x0000018e98c8e410 flushing  nmethod 0x0000018e8581c890
Event: 74.734 Thread 0x0000018e98c8e410 flushing  nmethod 0x0000018e8581ce10
Event: 74.734 Thread 0x0000018e98c8e410 flushing  nmethod 0x0000018e85823d10
Event: 74.734 Thread 0x0000018e98c8e410 flushing  nmethod 0x0000018e85824110
Event: 74.734 Thread 0x0000018e98c8e410 flushing  nmethod 0x0000018e8584df10
Event: 74.734 Thread 0x0000018e98c8e410 flushing  nmethod 0x0000018e8584ee90
Event: 74.734 Thread 0x0000018e98c8e410 flushing  nmethod 0x0000018e8584f590
Event: 74.734 Thread 0x0000018e98c8e410 flushing  nmethod 0x0000018e8584fb90
Event: 74.734 Thread 0x0000018e98c8e410 flushing  nmethod 0x0000018e85850410
Event: 74.734 Thread 0x0000018e98c8e410 flushing  nmethod 0x0000018e85851d10
Event: 74.734 Thread 0x0000018e98c8e410 flushing  nmethod 0x0000018e85852510
Event: 74.734 Thread 0x0000018e98c8e410 flushing  nmethod 0x0000018e85855e10
Event: 74.734 Thread 0x0000018e98c8e410 flushing  nmethod 0x0000018e858a3b10

Events (20 events):
Event: 204.952 Thread 0x0000018ee363ed70 Thread exited: 0x0000018ee363ed70
Event: 205.020 Thread 0x0000018e98d27030 Thread added: 0x0000018eec500860
Event: 205.051 Thread 0x0000018ee363a540 Thread exited: 0x0000018ee363a540
Event: 210.140 Thread 0x0000018eec500860 Thread exited: 0x0000018eec500860
Event: 251.609 Thread 0x0000018ee36407b0 Thread exited: 0x0000018ee36407b0
Event: 252.144 Thread 0x0000018edf06ebe0 Thread exited: 0x0000018edf06ebe0
Event: 311.610 Thread 0x0000018ee363d330 Thread exited: 0x0000018ee363d330
Event: 357.895 Thread 0x0000018e98d27030 Thread added: 0x0000018eecdab010
Event: 362.919 Thread 0x0000018eecdab010 Thread exited: 0x0000018eecdab010
Event: 371.610 Thread 0x0000018ee3639820 Thread exited: 0x0000018ee3639820
Event: 376.076 Thread 0x0000018edf06ff90 Thread added: 0x0000018ee363e6e0
Event: 376.086 Thread 0x0000018ee363e6e0 Thread exited: 0x0000018ee363e6e0
Event: 376.098 Thread 0x0000018edf06ff90 Thread added: 0x0000018ee363e6e0
Event: 376.100 Thread 0x0000018ee363e6e0 Thread exited: 0x0000018ee363e6e0
Event: 376.107 Thread 0x0000018e98cb2e70 Thread added: 0x0000018eecdab010
Event: 381.255 Thread 0x0000018eecdab010 Thread exited: 0x0000018eecdab010
Event: 629.089 Thread 0x0000018ee2701170 Thread added: 0x0000018ee36407b0
Event: 629.120 Thread 0x0000018ee36407b0 Thread added: 0x0000018ee363bf80
Event: 689.164 Thread 0x0000018ee36407b0 Thread exited: 0x0000018ee36407b0
Event: 749.164 Thread 0x0000018ee363bf80 Thread exited: 0x0000018ee363bf80


Dynamic libraries:
0x00007ff61f9e0000 - 0x00007ff61f9ee000 	c:\Users\Tortue\.antigravity-ide\extensions\redhat.java-1.54.0-win32-x64\jre\21.0.10-win32-x86_64\bin\java.exe
0x00007fff0b330000 - 0x00007fff0b528000 	C:\Windows\SYSTEM32\ntdll.dll
0x00007fff0a810000 - 0x00007fff0a8d2000 	C:\Windows\System32\KERNEL32.DLL
0x00007fff08c40000 - 0x00007fff08f36000 	C:\Windows\System32\KERNELBASE.dll
0x00007fff09110000 - 0x00007fff09210000 	C:\Windows\System32\ucrtbase.dll
0x00007ffef6bb0000 - 0x00007ffef6bc8000 	c:\Users\Tortue\.antigravity-ide\extensions\redhat.java-1.54.0-win32-x64\jre\21.0.10-win32-x86_64\bin\jli.dll
0x00007fff09410000 - 0x00007fff095b1000 	C:\Windows\System32\USER32.dll
0x00007fff09290000 - 0x00007fff092b2000 	C:\Windows\System32\win32u.dll
0x00007fff09350000 - 0x00007fff0937b000 	C:\Windows\System32\GDI32.dll
0x00007fff08f40000 - 0x00007fff09059000 	C:\Windows\System32\gdi32full.dll
0x00007fff08ba0000 - 0x00007fff08c3d000 	C:\Windows\System32\msvcp_win.dll
0x00007ffef6b90000 - 0x00007ffef6bae000 	c:\Users\Tortue\.antigravity-ide\extensions\redhat.java-1.54.0-win32-x64\jre\21.0.10-win32-x86_64\bin\VCRUNTIME140.dll
0x00007ffef9470000 - 0x00007ffef970b000 	C:\Windows\WinSxS\amd64_microsoft.windows.common-controls_6595b64144ccf1df_6.0.19041.6456_none_60b8a6cb71f64256\COMCTL32.dll
0x00007fff0abb0000 - 0x00007fff0ac4e000 	C:\Windows\System32\msvcrt.dll
0x00007fff0ac50000 - 0x00007fff0ac7f000 	C:\Windows\System32\IMM32.DLL
0x00007ffefb600000 - 0x00007ffefb60c000 	c:\Users\Tortue\.antigravity-ide\extensions\redhat.java-1.54.0-win32-x64\jre\21.0.10-win32-x86_64\bin\vcruntime140_1.dll
0x00007ffed8e60000 - 0x00007ffed8eed000 	c:\Users\Tortue\.antigravity-ide\extensions\redhat.java-1.54.0-win32-x64\jre\21.0.10-win32-x86_64\bin\msvcp140.dll
0x00007ffe6bde0000 - 0x00007ffe6cb81000 	c:\Users\Tortue\.antigravity-ide\extensions\redhat.java-1.54.0-win32-x64\jre\21.0.10-win32-x86_64\bin\server\jvm.dll
0x00007fff0ae70000 - 0x00007fff0af21000 	C:\Windows\System32\ADVAPI32.dll
0x00007fff095c0000 - 0x00007fff0965f000 	C:\Windows\System32\sechost.dll
0x00007fff09810000 - 0x00007fff09930000 	C:\Windows\System32\RPCRT4.dll
0x00007fff08a10000 - 0x00007fff08a37000 	C:\Windows\System32\bcrypt.dll
0x00007fff09e00000 - 0x00007fff09e6b000 	C:\Windows\System32\WS2_32.dll
0x00007fff07f10000 - 0x00007fff07f5b000 	C:\Windows\SYSTEM32\POWRPROF.dll
0x00007ffef65d0000 - 0x00007ffef65f7000 	C:\Windows\SYSTEM32\WINMM.dll
0x00007fff006e0000 - 0x00007fff006ea000 	C:\Windows\SYSTEM32\VERSION.dll
0x00007fff07d80000 - 0x00007fff07d92000 	C:\Windows\SYSTEM32\UMPDC.dll
0x00007fff067f0000 - 0x00007fff06802000 	C:\Windows\SYSTEM32\kernel.appcore.dll
0x00007ffef7890000 - 0x00007ffef789a000 	c:\Users\Tortue\.antigravity-ide\extensions\redhat.java-1.54.0-win32-x64\jre\21.0.10-win32-x86_64\bin\jimage.dll
0x00007ffef6610000 - 0x00007ffef6811000 	C:\Windows\SYSTEM32\DBGHELP.DLL
0x00007ffeea740000 - 0x00007ffeea774000 	C:\Windows\SYSTEM32\dbgcore.DLL
0x00007fff092c0000 - 0x00007fff09342000 	C:\Windows\System32\bcryptPrimitives.dll
0x00007ffef6aa0000 - 0x00007ffef6aaf000 	c:\Users\Tortue\.antigravity-ide\extensions\redhat.java-1.54.0-win32-x64\jre\21.0.10-win32-x86_64\bin\instrument.dll
0x00007ffef6a80000 - 0x00007ffef6aa0000 	c:\Users\Tortue\.antigravity-ide\extensions\redhat.java-1.54.0-win32-x64\jre\21.0.10-win32-x86_64\bin\java.dll
0x00007fff09fb0000 - 0x00007fff0a720000 	C:\Windows\System32\SHELL32.dll
0x00007fff069f0000 - 0x00007fff07195000 	C:\Windows\SYSTEM32\windows.storage.dll
0x00007fff0af30000 - 0x00007fff0b284000 	C:\Windows\System32\combase.dll
0x00007fff08310000 - 0x00007fff0833b000 	C:\Windows\SYSTEM32\Wldp.dll
0x00007fff0a740000 - 0x00007fff0a80d000 	C:\Windows\System32\OLEAUT32.dll
0x00007fff09e70000 - 0x00007fff09f1d000 	C:\Windows\System32\SHCORE.dll
0x00007fff09da0000 - 0x00007fff09dfb000 	C:\Windows\System32\shlwapi.dll
0x00007fff088f0000 - 0x00007fff08914000 	C:\Windows\SYSTEM32\profapi.dll
0x00007ffef6b70000 - 0x00007ffef6b88000 	c:\Users\Tortue\.antigravity-ide\extensions\redhat.java-1.54.0-win32-x64\jre\21.0.10-win32-x86_64\bin\zip.dll
0x00007ffef6b60000 - 0x00007ffef6b70000 	C:\Users\Tortue\.antigravity-ide\extensions\redhat.java-1.54.0-win32-x64\jre\21.0.10-win32-x86_64\bin\net.dll
0x00007fff03f90000 - 0x00007fff0409a000 	C:\Windows\SYSTEM32\WINHTTP.dll
0x00007fff080f0000 - 0x00007fff0815a000 	C:\Windows\system32\mswsock.dll
0x00007ffef6b40000 - 0x00007ffef6b56000 	C:\Users\Tortue\.antigravity-ide\extensions\redhat.java-1.54.0-win32-x64\jre\21.0.10-win32-x86_64\bin\nio.dll
0x00007ffeefb30000 - 0x00007ffeefb40000 	c:\Users\Tortue\.antigravity-ide\extensions\redhat.java-1.54.0-win32-x64\jre\21.0.10-win32-x86_64\bin\verify.dll
0x00007ffed6310000 - 0x00007ffed6355000 	C:\Users\Tortue\AppData\Roaming\Antigravity IDE\User\globalStorage\redhat.java\1.54.0\config_win\org.eclipse.equinox.launcher\org.eclipse.equinox.launcher.win32.win32.x86_64_1.3.0.v20260203-2149\eclipse_11919.dll
0x00007fff0a8e0000 - 0x00007fff0aa0b000 	C:\Windows\System32\ole32.dll
0x00007fff08350000 - 0x00007fff08368000 	C:\Windows\SYSTEM32\CRYPTSP.dll
0x00007fff079c0000 - 0x00007fff079f8000 	C:\Windows\system32\rsaenh.dll
0x00007fff088b0000 - 0x00007fff088de000 	C:\Windows\SYSTEM32\USERENV.dll
0x00007fff08280000 - 0x00007fff0828c000 	C:\Windows\SYSTEM32\CRYPTBASE.dll
0x00007fff07da0000 - 0x00007fff07ddb000 	C:\Windows\SYSTEM32\IPHLPAPI.DLL
0x00007fff09fa0000 - 0x00007fff09fa8000 	C:\Windows\System32\NSI.dll
0x00007ffed1f90000 - 0x00007ffed1fd9000 	C:\Users\Tortue\AppData\Local\Temp\jna--1784096403\jna16420169350114694106.dll
0x00007fff0aa10000 - 0x00007fff0aa18000 	C:\Windows\System32\PSAPI.DLL
0x00007fff02ea0000 - 0x00007fff02eb7000 	C:\Windows\SYSTEM32\dhcpcsvc6.DLL
0x00007fff029f0000 - 0x00007fff02a0d000 	C:\Windows\SYSTEM32\dhcpcsvc.DLL
0x00007ffeedf00000 - 0x00007ffeedf27000 	C:\Users\Tortue\.gradle\native\c067742578af261105cb4f569cf0c3c89f3d7b1fecec35dd04571415982c5e48\windows-amd64\native-platform.dll
0x00007ffef8fd0000 - 0x00007ffef8fda000 	C:\Users\Tortue\.antigravity-ide\extensions\redhat.java-1.54.0-win32-x64\jre\21.0.10-win32-x86_64\bin\management.dll
0x00007ffeeddc0000 - 0x00007ffeeddcc000 	C:\Users\Tortue\.antigravity-ide\extensions\redhat.java-1.54.0-win32-x64\jre\21.0.10-win32-x86_64\bin\management_ext.dll
0x00007ffef6ab0000 - 0x00007ffef6ab9000 	C:\Users\Tortue\.antigravity-ide\extensions\redhat.java-1.54.0-win32-x64\jre\21.0.10-win32-x86_64\bin\extnet.dll
0x00007ffef6b30000 - 0x00007ffef6b3e000 	C:\Users\Tortue\.antigravity-ide\extensions\redhat.java-1.54.0-win32-x64\jre\21.0.10-win32-x86_64\bin\sunmscapi.dll
0x00007fff08a40000 - 0x00007fff08b9d000 	C:\Windows\System32\CRYPT32.dll
0x00007fff08460000 - 0x00007fff08487000 	C:\Windows\SYSTEM32\ncrypt.dll
0x00007fff08420000 - 0x00007fff0845b000 	C:\Windows\SYSTEM32\NTASN1.dll
0x00007ffef6b20000 - 0x00007ffef6b27000 	C:\Windows\system32\wshunix.dll

JVMTI agents:
c:\Users\Tortue\.antigravity-ide\extensions\redhat.java-1.54.0-win32-x64\lombok\lombok-1.18.39-4050.jar path:c:\Users\Tortue\.antigravity-ide\extensions\redhat.java-1.54.0-win32-x64\jre\21.0.10-win32-x86_64\bin\instrument.dll, loaded, initialized, instrumentlib options:none

dbghelp: loaded successfully - version: 4.0.5 - missing functions: none
symbol engine: initialized successfully - sym options: 0x614 - pdb path: .;c:\Users\Tortue\.antigravity-ide\extensions\redhat.java-1.54.0-win32-x64\jre\21.0.10-win32-x86_64\bin;C:\Windows\SYSTEM32;C:\Windows\WinSxS\amd64_microsoft.windows.common-controls_6595b64144ccf1df_6.0.19041.6456_none_60b8a6cb71f64256;c:\Users\Tortue\.antigravity-ide\extensions\redhat.java-1.54.0-win32-x64\jre\21.0.10-win32-x86_64\bin\server;C:\Users\Tortue\AppData\Roaming\Antigravity IDE\User\globalStorage\redhat.java\1.54.0\config_win\org.eclipse.equinox.launcher\org.eclipse.equinox.launcher.win32.win32.x86_64_1.3.0.v20260203-2149;C:\Users\Tortue\AppData\Local\Temp\jna--1784096403;C:\Users\Tortue\.gradle\native\c067742578af261105cb4f569cf0c3c89f3d7b1fecec35dd04571415982c5e48\windows-amd64

VM Arguments:
jvm_args: --add-modules=ALL-SYSTEM --add-opens=java.base/java.util=ALL-UNNAMED --add-opens=java.base/java.lang=ALL-UNNAMED --add-opens=java.base/sun.nio.fs=ALL-UNNAMED -Declipse.application=org.eclipse.jdt.ls.core.id1 -Dosgi.bundles.defaultStartLevel=4 -Declipse.product=org.eclipse.jdt.ls.core.product -Djava.import.generatesMetadataFilesAtProjectRoot=false -DDetectVMInstallationsJob.disabled=true -Dfile.encoding=utf8 -XX:+UseParallelGC -XX:GCTimeRatio=4 -XX:AdaptiveSizePolicyWeight=90 -Dsun.zip.disableMemoryMapping=true -Xmx2G -Xms100m -Xlog:disable -javaagent:c:\Users\Tortue\.antigravity-ide\extensions\redhat.java-1.54.0-win32-x64\lombok\lombok-1.18.39-4050.jar -XX:+HeapDumpOnOutOfMemoryError -XX:HeapDumpPath=c:\Users\Tortue\AppData\Roaming\Antigravity IDE\User\workspaceStorage\e0dbcb1775256dd96dc37985dd8f82ac\redhat.java -Daether.dependencyCollector.impl=bf 
java_command: c:\Users\Tortue\.antigravity-ide\extensions\redhat.java-1.54.0-win32-x64\server\plugins\org.eclipse.equinox.launcher_1.7.100.v20251111-0406.jar -configuration c:\Users\Tortue\AppData\Roaming\Antigravity IDE\User\globalStorage\redhat.java\1.54.0\config_win -data c:\Users\Tortue\AppData\Roaming\Antigravity IDE\User\workspaceStorage\e0dbcb1775256dd96dc37985dd8f82ac\redhat.java\jdt_ws --pipe=\\.\pipe\lsp-870fb465157d21026ff595c761281e35-sock
java_class_path (initial): c:\Users\Tortue\.antigravity-ide\extensions\redhat.java-1.54.0-win32-x64\server\plugins\org.eclipse.equinox.launcher_1.7.100.v20251111-0406.jar
Launcher Type: SUN_STANDARD

[Global flags]
    uintx AdaptiveSizePolicyWeight                 = 90                                        {product} {command line}
     intx CICompilerCount                          = 3                                         {product} {ergonomic}
    uintx GCTimeRatio                              = 4                                         {product} {command line}
     bool HeapDumpOnOutOfMemoryError               = true                                   {manageable} {command line}
    ccstr HeapDumpPath                             = c:\Users\Tortue\AppData\Roaming\Antigravity IDE\User\workspaceStorage\e0dbcb1775256dd96dc37985dd8f82ac\redhat.java         {manageable} {command line}
   size_t InitialHeapSize                          = 104857600                                 {product} {command line}
   size_t MaxHeapSize                              = 2147483648                                {product} {command line}
   size_t MaxNewSize                               = 715653120                                 {product} {ergonomic}
   size_t MinHeapDeltaBytes                        = 524288                                    {product} {ergonomic}
   size_t MinHeapSize                              = 104857600                                 {product} {command line}
   size_t NewSize                                  = 34603008                                  {product} {ergonomic}
    uintx NonNMethodCodeHeapSize                   = 5832780                                {pd product} {ergonomic}
    uintx NonProfiledCodeHeapSize                  = 122912730                              {pd product} {ergonomic}
   size_t OldSize                                  = 70254592                                  {product} {ergonomic}
    uintx ProfiledCodeHeapSize                     = 122912730                              {pd product} {ergonomic}
    uintx ReservedCodeCacheSize                    = 251658240                              {pd product} {ergonomic}
     bool SegmentedCodeCache                       = true                                      {product} {ergonomic}
   size_t SoftMaxHeapSize                          = 2147483648                             {manageable} {ergonomic}
     bool UseCompressedOops                        = true                           {product lp64_product} {ergonomic}
     bool UseLargePagesIndividualAllocation        = false                                  {pd product} {ergonomic}
     bool UseParallelGC                            = true                                      {product} {command line}

Logging:
Log output configuration:
 #0: stdout all=off uptime,level,tags foldmultilines=false
 #1: stderr all=off uptime,level,tags foldmultilines=false

Release file:
JAVA_VERSION="21.0.10" 
MODULES="java.base java.compiler java.datatransfer java.xml java.prefs java.desktop java.instrument java.logging java.management java.security.sasl java.naming java.rmi java.management.rmi java.net.http java.scripting java.security.jgss java.transaction.xa java.sql java.sql.rowset java.xml.crypto java.se java.smartcardio jdk.accessibility jdk.internal.jvmstat jdk.attach jdk.charsets jdk.internal.opt jdk.zipfs jdk.compiler jdk.crypto.ec jdk.crypto.cryptoki jdk.crypto.mscapi jdk.dynalink jdk.internal.ed jdk.editpad jdk.hotspot.agent jdk.httpserver jdk.internal.le jdk.internal.vm.ci jdk.internal.vm.compiler jdk.internal.vm.compiler.management jdk.jartool jdk.javadoc jdk.jcmd jdk.management jdk.management.agent jdk.jconsole jdk.jdeps jdk.jdwp.agent jdk.jdi jdk.jfr jdk.jshell jdk.jsobject jdk.jstatd jdk.localedata jdk.management.jfr jdk.naming.dns jdk.naming.rmi jdk.net jdk.nio.mapmode jdk.random jdk.sctp jdk.security.auth jdk.security.jgss jdk.unsupported jdk.unsupported.desktop jdk.xml.dom" 

Environment Variables:
PATH=C:\Program Files\Common Files\Oracle\Java\javapath;C:\Program Files (x86)\Common Files\Oracle\Java\javapath;C:\Python314\Scripts\;C:\Python314\;C:\Windows\system32;C:\Windows;C:\Windows\System32\Wbem;C:\Windows\System32\WindowsPowerShell\v1.0\;C:\Windows\System32\OpenSSH\;C:\Program Files\nodejs\;C:\ProgramData\chocolatey\bin;C:\Program Files\Git\cmd;C:\Program Files\dotnet\;C:\Program Files\Docker\Docker\resources\bin;C:\apache-maven-3.9.14\bin;C:\laragon\bin\php\php-8.3.30-Win32-vs16-x64;D:\AnnacondaLogiciel\Library\bin;D:\AnnacondaLogiciel\Scripts;D:\AnnacondaLogiciel;C:\Users\Tortue\AppData\Local\Microsoft\WindowsApps;C:\Users\Tortue\AppData\Local\Programs\Antigravity\bin;C:\Users\Tortue\AppData\Local\Programs\Microsoft VS Code\bin;C:\Users\Tortue\AppData\Roaming\npm;C:\Users\Tortue\AppData\Local\GitHubDesktop\bin;C:\Users\Tortue\AppData\Local\Programs\Antigravity IDE\bin
USERNAME=Tortue
OS=Windows_NT
PROCESSOR_IDENTIFIER=Intel64 Family 6 Model 60 Stepping 3, GenuineIntel
TMP=C:\Users\Tortue\AppData\Local\Temp
TEMP=C:\Users\Tortue\AppData\Local\Temp




Periodic native trim disabled

---------------  S Y S T E M  ---------------

OS:
 Windows 10 , 64 bit Build 19041 (10.0.19041.5915)
OS uptime: 0 days 1:54 hours
Hyper-V role detected

CPU: total 4 (initial active 4) (2 cores per cpu, 2 threads per core) family 6 model 60 stepping 3 microcode 0x27, cx8, cmov, fxsr, ht, mmx, sse, sse2, sse3, ssse3, sse4.1, sse4.2, popcnt, lzcnt, tsc, tscinvbit, avx, avx2, aes, erms, clmul, bmi1, bmi2, fma, vzeroupper, clflush, hv, rdtscp, f16c
Processor Information for the first 4 processors :
  Max Mhz: 2500, Current Mhz: 2500, Mhz Limit: 2500

Memory: 4k page, system-wide physical 12196M (3476M free)
TotalPageFile size 16292M (AvailPageFile size 100M)
current process WorkingSet (physical memory assigned to process): 233M, peak: 299M
current process commit charge ("private bytes"): 368M, peak: 376M

vm_info: OpenJDK 64-Bit Server VM (21.0.10+7-LTS) for windows-amd64 JRE (21.0.10+7-LTS), built on 2026-01-20T00:00:00Z by "admin" with MS VC++ 17.12 (VS2022)

END.
