#
# There is insufficient memory for the Java Runtime Environment to continue.
# Native memory allocation (malloc) failed to allocate 925936 bytes. Error detail: Chunk::new
# Possible reasons:
#   The system is out of physical RAM or swap space
#   This process is running with CompressedOops enabled, and the Java Heap may be blocking the growth of the native heap
# Possible solutions:
#   Reduce memory load on the system
#   Increase physical memory or swap space
#   Check if swap backing store is full
#   Decrease Java heap size (-Xmx/-Xms)
#   Decrease number of Java threads
#   Decrease Java thread stack sizes (-Xss)
#   Set larger code cache with -XX:ReservedCodeCacheSize=
#   JVM is running with Unscaled Compressed Oops mode in which the Java heap is
#     placed in the first 4GB address space. The Java Heap base address is the
#     maximum limit for the native heap growth. Please use -XX:HeapBaseMinAddress
#     to set the Java Heap base and to place the Java Heap above 4GB virtual address.
# This output file may be truncated or incomplete.
#
#  Out of Memory Error (arena.cpp:168), pid=13652, tid=2224
#
# JRE version: OpenJDK Runtime Environment (21.0.9) (build 21.0.9+-14787801-b1163.94)
# Java VM: OpenJDK 64-Bit Server VM (21.0.9+-14787801-b1163.94, mixed mode, tiered, compressed oops, compressed class ptrs, g1 gc, windows-amd64)
# No core dump will be written. Minidumps are not enabled by default on client versions of Windows
#

---------------  S U M M A R Y ------------

Command Line: --add-opens=java.base/java.util=ALL-UNNAMED --add-opens=java.base/java.lang=ALL-UNNAMED --add-opens=java.base/java.lang.invoke=ALL-UNNAMED --add-opens=java.prefs/java.util.prefs=ALL-UNNAMED --add-opens=java.base/java.nio.charset=ALL-UNNAMED --add-opens=java.base/java.net=ALL-UNNAMED --add-opens=java.base/java.util.concurrent.atomic=ALL-UNNAMED -Xmx2048m -Dfile.encoding=UTF-8 -Duser.country=LU -Duser.language=fr -Duser.variant -javaagent:C:\Users\Tortue\.gradle\wrapper\dists\gradle-8.7-bin\bhs2wmbdwecv87pi65oeuq5iu\gradle-8.7\lib\agents\gradle-instrumentation-agent-8.7.jar org.gradle.launcher.daemon.bootstrap.GradleDaemon 8.7

Host: Intel(R) Core(TM) i3-4100M CPU @ 2.50GHz, 4 cores, 11G,  Windows 10 , 64 bit Build 19041 (10.0.19041.5915)
Time: Sun May 10 16:43:30 2026 elapsed time: 15.571746 seconds (0d 0h 0m 15s)

---------------  T H R E A D  ---------------

Current thread (0x000001ac2e55a200):  JavaThread "C2 CompilerThread1" daemon [_thread_in_native, id=2224, stack(0x0000004fba500000,0x0000004fba600000) (1024K)]


Current CompileTask:
C2:15571 5999       4       java.util.regex.Pattern::compile (537 bytes)

Stack: [0x0000004fba500000,0x0000004fba600000]
Native frames: (J=compiled Java code, j=interpreted, Vv=VM code, C=native code)
V  [jvm.dll+0x6d6c99]
V  [jvm.dll+0x866b83]
V  [jvm.dll+0x8691ae]
V  [jvm.dll+0x869893]
V  [jvm.dll+0x280776]
V  [jvm.dll+0xc07cd]
V  [jvm.dll+0xc0d03]
V  [jvm.dll+0x3b9831]
V  [jvm.dll+0x3856a7]
V  [jvm.dll+0x384b1a]
V  [jvm.dll+0x249462]
V  [jvm.dll+0x248a31]
V  [jvm.dll+0x1c7344]
V  [jvm.dll+0x2581ae]
V  [jvm.dll+0x2566f6]
V  [jvm.dll+0x3f48a6]
V  [jvm.dll+0x80f118]
V  [jvm.dll+0x6d54ed]
C  [ucrtbase.dll+0x21bb2]
C  [KERNEL32.DLL+0x17374]
C  [ntdll.dll+0x4cc91]


---------------  P R O C E S S  ---------------

Threads class SMR info:
_java_thread_list=0x000001ac30edf210, length=40, elements={
0x000001ac0ff60540, 0x000001ac29162e90, 0x000001ac29183cb0, 0x000001ac29168ba0,
0x000001ac291903c0, 0x000001ac2918dc60, 0x000001ac2918e2f0, 0x000001ac291910e0,
0x000001ac291aa860, 0x000001ac291ab300, 0x000001ac2918f010, 0x000001ac2918e980,
0x000001ac2918f6a0, 0x000001ac2918fd30, 0x000001ac2f9a1640, 0x000001ac2f9a29f0,
0x000001ac2f9a57e0, 0x000001ac2f99fc00, 0x000001ac2f9a0290, 0x000001ac2f9a3080,
0x000001ac2f9a1cd0, 0x000001ac2f9a0920, 0x000001ac2f9a3710, 0x000001ac2f99eee0,
0x000001ac2f9a4430, 0x000001ac2f9a4ac0, 0x000001ac2f9a5150, 0x000001ac2f99f570,
0x000001ac2f9a5e70, 0x000001ac2f9a0fb0, 0x000001ac29bb6100, 0x000001ac2e55a200,
0x000001ac29bb4030, 0x000001ac29bb6790, 0x000001ac29bb6e20, 0x000001ac29bb4d50,
0x000001ac29bb53e0, 0x000001ac29bb7b40, 0x000001ac29bb81d0, 0x000001ac29bb8ef0
}

Java Threads: ( => current thread )
  0x000001ac0ff60540 JavaThread "main"                              [_thread_blocked, id=15276, stack(0x0000004fb7c00000,0x0000004fb7d00000) (1024K)]
  0x000001ac29162e90 JavaThread "Common-Cleaner"             daemon [_thread_blocked, id=5844, stack(0x0000004fb8400000,0x0000004fb8500000) (1024K)]
  0x000001ac29183cb0 JavaThread "Reference Handler"          daemon [_thread_blocked, id=14048, stack(0x0000004fb8500000,0x0000004fb8600000) (1024K)]
  0x000001ac29168ba0 JavaThread "Finalizer"                  daemon [_thread_blocked, id=13492, stack(0x0000004fb8600000,0x0000004fb8700000) (1024K)]
  0x000001ac291903c0 JavaThread "Signal Dispatcher"          daemon [_thread_blocked, id=12472, stack(0x0000004fb8700000,0x0000004fb8800000) (1024K)]
  0x000001ac2918dc60 JavaThread "Attach Listener"            daemon [_thread_blocked, id=6508, stack(0x0000004fb8800000,0x0000004fb8900000) (1024K)]
  0x000001ac2918e2f0 JavaThread "Service Thread"             daemon [_thread_blocked, id=6676, stack(0x0000004fb8900000,0x0000004fb8a00000) (1024K)]
  0x000001ac291910e0 JavaThread "Monitor Deflation Thread"   daemon [_thread_blocked, id=6260, stack(0x0000004fb8a00000,0x0000004fb8b00000) (1024K)]
  0x000001ac291aa860 JavaThread "C2 CompilerThread0"         daemon [_thread_in_native, id=9712, stack(0x0000004fb8b00000,0x0000004fb8c00000) (1024K)]
  0x000001ac291ab300 JavaThread "C1 CompilerThread0"         daemon [_thread_blocked, id=11868, stack(0x0000004fb8c00000,0x0000004fb8d00000) (1024K)]
  0x000001ac2918f010 JavaThread "Notification Thread"        daemon [_thread_blocked, id=11908, stack(0x0000004fb8d00000,0x0000004fb8e00000) (1024K)]
  0x000001ac2918e980 JavaThread "Daemon health stats"               [_thread_blocked, id=9432, stack(0x0000004fb9200000,0x0000004fb9300000) (1024K)]
  0x000001ac2918f6a0 JavaThread "Incoming local TCP Connector on port 51735"        [_thread_in_native, id=9536, stack(0x0000004fb9300000,0x0000004fb9400000) (1024K)]
  0x000001ac2918fd30 JavaThread "Daemon periodic checks"            [_thread_blocked, id=11484, stack(0x0000004fb9400000,0x0000004fb9500000) (1024K)]
  0x000001ac2f9a1640 JavaThread "Daemon"                            [_thread_blocked, id=1556, stack(0x0000004fb9500000,0x0000004fb9600000) (1024K)]
  0x000001ac2f9a29f0 JavaThread "Handler for socket connection from /127.0.0.1:51735 to /127.0.0.1:51736"        [_thread_in_native, id=12308, stack(0x0000004fb9600000,0x0000004fb9700000) (1024K)]
  0x000001ac2f9a57e0 JavaThread "Cancel handler"                    [_thread_blocked, id=9892, stack(0x0000004fb9700000,0x0000004fb9800000) (1024K)]
  0x000001ac2f99fc00 JavaThread "Daemon worker"                     [_thread_in_vm, id=14212, stack(0x0000004fb9800000,0x0000004fb9900000) (1024K)]
  0x000001ac2f9a0290 JavaThread "Asynchronous log dispatcher for DefaultDaemonConnection: socket connection from /127.0.0.1:51735 to /127.0.0.1:51736"        [_thread_blocked, id=7928, stack(0x0000004fb9900000,0x0000004fb9a00000) (1024K)]
  0x000001ac2f9a3080 JavaThread "Stdin handler"                     [_thread_blocked, id=76, stack(0x0000004fb9a00000,0x0000004fb9b00000) (1024K)]
  0x000001ac2f9a1cd0 JavaThread "Daemon client event forwarder"        [_thread_blocked, id=7024, stack(0x0000004fb9b00000,0x0000004fb9c00000) (1024K)]
  0x000001ac2f9a0920 JavaThread "Cache worker for journal cache (C:\Users\Tortue\.gradle\caches\journal-1)"        [_thread_blocked, id=13936, stack(0x0000004fb9c00000,0x0000004fb9d00000) (1024K)]
  0x000001ac2f9a3710 JavaThread "File lock request listener"        [_thread_in_native, id=13460, stack(0x0000004fb9d00000,0x0000004fb9e00000) (1024K)]
  0x000001ac2f99eee0 JavaThread "Cache worker for file hash cache (C:\Users\Tortue\.gradle\caches\8.7\fileHashes)"        [_thread_blocked, id=7400, stack(0x0000004fb9e00000,0x0000004fb9f00000) (1024K)]
  0x000001ac2f9a4430 JavaThread "Cache worker for file hash cache (E:\M1 Projet 2025\Kajimbatsiko\.gradle\8.7\fileHashes)"        [_thread_blocked, id=13560, stack(0x0000004fb9f00000,0x0000004fba000000) (1024K)]
  0x000001ac2f9a4ac0 JavaThread "File watcher server"        daemon [_thread_in_native, id=1912, stack(0x0000004fb8e00000,0x0000004fb8f00000) (1024K)]
  0x000001ac2f9a5150 JavaThread "File watcher consumer"      daemon [_thread_blocked, id=680, stack(0x0000004fba000000,0x0000004fba100000) (1024K)]
  0x000001ac2f99f570 JavaThread "Cache worker for checksums cache (E:\M1 Projet 2025\Kajimbatsiko\.gradle\8.7\checksums)"        [_thread_blocked, id=3812, stack(0x0000004fba100000,0x0000004fba200000) (1024K)]
  0x000001ac2f9a5e70 JavaThread "Cache worker for cache directory md-supplier (C:\Users\Tortue\.gradle\caches\8.7\md-supplier)"        [_thread_blocked, id=11252, stack(0x0000004fba200000,0x0000004fba300000) (1024K)]
  0x000001ac2f9a0fb0 JavaThread "Cache worker for cache directory md-rule (C:\Users\Tortue\.gradle\caches\8.7\md-rule)"        [_thread_blocked, id=6472, stack(0x0000004fba300000,0x0000004fba400000) (1024K)]
  0x000001ac29bb6100 JavaThread "Cache worker for file content cache (C:\Users\Tortue\.gradle\caches\8.7\fileContent)"        [_thread_blocked, id=980, stack(0x0000004fba400000,0x0000004fba500000) (1024K)]
=>0x000001ac2e55a200 JavaThread "C2 CompilerThread1"         daemon [_thread_in_native, id=2224, stack(0x0000004fba500000,0x0000004fba600000) (1024K)]
  0x000001ac29bb4030 JavaThread "jar transforms"                    [_thread_blocked, id=6096, stack(0x0000004fba600000,0x0000004fba700000) (1024K)]
  0x000001ac29bb6790 JavaThread "jar transforms Thread 2"           [_thread_blocked, id=12636, stack(0x0000004fba700000,0x0000004fba800000) (1024K)]
  0x000001ac29bb6e20 JavaThread "jar transforms Thread 3"           [_thread_blocked, id=9368, stack(0x0000004fba800000,0x0000004fba900000) (1024K)]
  0x000001ac29bb4d50 JavaThread "Unconstrained build operations"        [_thread_blocked, id=11648, stack(0x0000004fba900000,0x0000004fbaa00000) (1024K)]
  0x000001ac29bb53e0 JavaThread "Unconstrained build operations Thread 2"        [_thread_blocked, id=4116, stack(0x0000004fbaa00000,0x0000004fbab00000) (1024K)]
  0x000001ac29bb7b40 JavaThread "Unconstrained build operations Thread 3"        [_thread_blocked, id=8460, stack(0x0000004fbab00000,0x0000004fbac00000) (1024K)]
  0x000001ac29bb81d0 JavaThread "jar transforms Thread 4"           [_thread_blocked, id=14280, stack(0x0000004fbac00000,0x0000004fbad00000) (1024K)]
  0x000001ac29bb8ef0 JavaThread "Cache worker for Build Output Cleanup Cache (E:\M1 Projet 2025\Kajimbatsiko\.gradle\buildOutputCleanup)"        [_thread_blocked, id=11160, stack(0x0000004fbad00000,0x0000004fbae00000) (1024K)]
Total: 40

Other Threads:
  0x000001ac2911c640 VMThread "VM Thread"                           [id=1540, stack(0x0000004fb8300000,0x0000004fb8400000) (1024K)]
  0x000001ac28f643f0 WatcherThread "VM Periodic Task Thread"        [id=10732, stack(0x0000004fb8200000,0x0000004fb8300000) (1024K)]
  0x000001ac12181a80 WorkerThread "GC Thread#0"                     [id=7948, stack(0x0000004fb7d00000,0x0000004fb7e00000) (1024K)]
  0x000001ac296b6350 WorkerThread "GC Thread#1"                     [id=14760, stack(0x0000004fb8f00000,0x0000004fb9000000) (1024K)]
  0x000001ac298f95a0 WorkerThread "GC Thread#2"                     [id=14996, stack(0x0000004fb9000000,0x0000004fb9100000) (1024K)]
  0x000001ac298fa150 WorkerThread "GC Thread#3"                     [id=10236, stack(0x0000004fb9100000,0x0000004fb9200000) (1024K)]
  0x000001ac12192ae0 ConcurrentGCThread "G1 Main Marker"            [id=7708, stack(0x0000004fb7e00000,0x0000004fb7f00000) (1024K)]
  0x000001ac12193c90 WorkerThread "G1 Conc#0"                       [id=8156, stack(0x0000004fb7f00000,0x0000004fb8000000) (1024K)]
  0x000001ac28e379a0 ConcurrentGCThread "G1 Refine#0"               [id=632, stack(0x0000004fb8000000,0x0000004fb8100000) (1024K)]
  0x000001ac121fe870 ConcurrentGCThread "G1 Service"                [id=11944, stack(0x0000004fb8100000,0x0000004fb8200000) (1024K)]
Total: 10

Threads with active compile tasks:
C2 CompilerThread0  15603 5771       4       java.net.URLClassLoader$1::run (5 bytes)
C2 CompilerThread1  15603 5999       4       java.util.regex.Pattern::compile (537 bytes)
Total: 2

VM state: not at safepoint (normal execution)

VM Mutex/Monitor currently owned by a thread: None

Heap address: 0x0000000080000000, size: 2048 MB, Compressed Oops mode: 32-bit

CDS archive(s) not mapped
Compressed class space mapped at: 0x0000000100000000-0x0000000140000000, reserved size: 1073741824
Narrow klass base: 0x0000000000000000, Narrow klass shift: 3, Narrow klass range: 0x140000000

GC Precious Log:
 CardTable entry size: 512
 Card Set container configuration: InlinePtr #cards 5 size 8 Array Of Cards #cards 12 size 40 Howl #buckets 4 coarsen threshold 1843 Howl Bitmap #cards 512 size 80 coarsen threshold 460 Card regions per heap region 1 cards per card region 2048
 CPUs: 4 total, 4 available
 Memory: 12196M
 Large Page Support: Disabled
 NUMA Support: Disabled
 Compressed Oops: Enabled (32-bit)
 Heap Region Size: 1M
 Heap Min Capacity: 8M
 Heap Initial Capacity: 192M
 Heap Max Capacity: 2G
 Pre-touch: Disabled
 Parallel Workers: 4
 Concurrent Workers: 1
 Concurrent Refinement Workers: 4
 Periodic GC: Disabled

Heap:
 garbage-first heap   total 88064K, used 74976K [0x0000000080000000, 0x0000000100000000)
  region size 1024K, 32 young (32768K), 3 survivors (3072K)
 Metaspace       used 62935K, committed 64512K, reserved 1114112K
  class space    used 8884K, committed 9664K, reserved 1048576K

Heap Regions: E=young(eden), S=young(survivor), O=old, HS=humongous(starts), HC=humongous(continues), CS=collection set, F=free, TAMS=top-at-mark-start, PB=parsable bottom
|   0|0x0000000080000000, 0x0000000080100000, 0x0000000080100000|100%|HS|  |TAMS 0x0000000080000000| PB 0x0000000080000000| Complete 
|   1|0x0000000080100000, 0x0000000080200000, 0x0000000080200000|100%|HC|  |TAMS 0x0000000080100000| PB 0x0000000080100000| Complete 
|   2|0x0000000080200000, 0x0000000080300000, 0x0000000080300000|100%|HC|  |TAMS 0x0000000080200000| PB 0x0000000080200000| Complete 
|   3|0x0000000080300000, 0x0000000080400000, 0x0000000080400000|100%|HC|  |TAMS 0x0000000080300000| PB 0x0000000080300000| Complete 
|   4|0x0000000080400000, 0x0000000080500000, 0x0000000080500000|100%| O|  |TAMS 0x0000000080400000| PB 0x0000000080400000| Untracked 
|   5|0x0000000080500000, 0x0000000080600000, 0x0000000080600000|100%| O|  |TAMS 0x0000000080500000| PB 0x0000000080500000| Untracked 
|   6|0x0000000080600000, 0x0000000080700000, 0x0000000080700000|100%| O|  |TAMS 0x0000000080600000| PB 0x0000000080600000| Untracked 
|   7|0x0000000080700000, 0x0000000080800000, 0x0000000080800000|100%| O|  |TAMS 0x0000000080700000| PB 0x0000000080700000| Untracked 
|   8|0x0000000080800000, 0x0000000080900000, 0x0000000080900000|100%| O|  |TAMS 0x0000000080800000| PB 0x0000000080800000| Untracked 
|   9|0x0000000080900000, 0x0000000080a00000, 0x0000000080a00000|100%| O|  |TAMS 0x0000000080900000| PB 0x0000000080900000| Untracked 
|  10|0x0000000080a00000, 0x0000000080b00000, 0x0000000080b00000|100%| O|  |TAMS 0x0000000080a00000| PB 0x0000000080a00000| Untracked 
|  11|0x0000000080b00000, 0x0000000080c00000, 0x0000000080c00000|100%| O|  |TAMS 0x0000000080b00000| PB 0x0000000080b00000| Untracked 
|  12|0x0000000080c00000, 0x0000000080d00000, 0x0000000080d00000|100%| O|  |TAMS 0x0000000080c00000| PB 0x0000000080c00000| Untracked 
|  13|0x0000000080d00000, 0x0000000080e00000, 0x0000000080e00000|100%| O|  |TAMS 0x0000000080d00000| PB 0x0000000080d00000| Untracked 
|  14|0x0000000080e00000, 0x0000000080f00000, 0x0000000080f00000|100%| O|  |TAMS 0x0000000080e00000| PB 0x0000000080e00000| Untracked 
|  15|0x0000000080f00000, 0x0000000081000000, 0x0000000081000000|100%| O|  |TAMS 0x0000000080f00000| PB 0x0000000080f00000| Untracked 
|  16|0x0000000081000000, 0x0000000081100000, 0x0000000081100000|100%| O|  |TAMS 0x0000000081000000| PB 0x0000000081000000| Untracked 
|  17|0x0000000081100000, 0x0000000081200000, 0x0000000081200000|100%| O|  |TAMS 0x0000000081100000| PB 0x0000000081100000| Untracked 
|  18|0x0000000081200000, 0x0000000081300000, 0x0000000081300000|100%| O|  |TAMS 0x0000000081200000| PB 0x0000000081200000| Untracked 
|  19|0x0000000081300000, 0x0000000081400000, 0x0000000081400000|100%| O|  |TAMS 0x0000000081300000| PB 0x0000000081300000| Untracked 
|  20|0x0000000081400000, 0x0000000081500000, 0x0000000081500000|100%| O|  |TAMS 0x0000000081400000| PB 0x0000000081400000| Untracked 
|  21|0x0000000081500000, 0x0000000081600000, 0x0000000081600000|100%| O|  |TAMS 0x0000000081500000| PB 0x0000000081500000| Untracked 
|  22|0x0000000081600000, 0x0000000081700000, 0x0000000081700000|100%| O|  |TAMS 0x0000000081600000| PB 0x0000000081600000| Untracked 
|  23|0x0000000081700000, 0x0000000081800000, 0x0000000081800000|100%| O|  |TAMS 0x0000000081700000| PB 0x0000000081700000| Untracked 
|  24|0x0000000081800000, 0x0000000081900000, 0x0000000081900000|100%| O|  |TAMS 0x0000000081800000| PB 0x0000000081800000| Untracked 
|  25|0x0000000081900000, 0x0000000081a00000, 0x0000000081a00000|100%| O|  |TAMS 0x0000000081900000| PB 0x0000000081900000| Untracked 
|  26|0x0000000081a00000, 0x0000000081b00000, 0x0000000081b00000|100%| O|  |TAMS 0x0000000081a00000| PB 0x0000000081a00000| Untracked 
|  27|0x0000000081b00000, 0x0000000081c00000, 0x0000000081c00000|100%| O|Cm|TAMS 0x0000000081b00000| PB 0x0000000081b00000| Complete 
|  28|0x0000000081c00000, 0x0000000081d00000, 0x0000000081d00000|100%| O|  |TAMS 0x0000000081c00000| PB 0x0000000081c00000| Untracked 
|  29|0x0000000081d00000, 0x0000000081e00000, 0x0000000081e00000|100%|HS|  |TAMS 0x0000000081d00000| PB 0x0000000081d00000| Complete 
|  30|0x0000000081e00000, 0x0000000081f00000, 0x0000000081f00000|100%|HC|  |TAMS 0x0000000081e00000| PB 0x0000000081e00000| Complete 
|  31|0x0000000081f00000, 0x0000000082000000, 0x0000000082000000|100%| O|  |TAMS 0x0000000081f00000| PB 0x0000000081f00000| Untracked 
|  32|0x0000000082000000, 0x0000000082100000, 0x0000000082100000|100%| O|  |TAMS 0x0000000082000000| PB 0x0000000082000000| Untracked 
|  33|0x0000000082100000, 0x0000000082200000, 0x0000000082200000|100%| O|  |TAMS 0x0000000082100000| PB 0x0000000082100000| Untracked 
|  34|0x0000000082200000, 0x0000000082300000, 0x0000000082300000|100%| O|  |TAMS 0x0000000082200000| PB 0x0000000082200000| Untracked 
|  35|0x0000000082300000, 0x0000000082400000, 0x0000000082400000|100%| O|  |TAMS 0x0000000082300000| PB 0x0000000082300000| Untracked 
|  36|0x0000000082400000, 0x0000000082500000, 0x0000000082500000|100%| O|  |TAMS 0x0000000082400000| PB 0x0000000082400000| Untracked 
|  37|0x0000000082500000, 0x0000000082600000, 0x0000000082600000|100%| O|  |TAMS 0x0000000082500000| PB 0x0000000082500000| Untracked 
|  38|0x0000000082600000, 0x0000000082700000, 0x0000000082700000|100%| O|  |TAMS 0x0000000082600000| PB 0x0000000082600000| Untracked 
|  39|0x0000000082700000, 0x0000000082800000, 0x0000000082800000|100%|HS|  |TAMS 0x0000000082700000| PB 0x0000000082700000| Complete 
|  40|0x0000000082800000, 0x0000000082900000, 0x0000000082900000|100%|HS|  |TAMS 0x0000000082800000| PB 0x0000000082800000| Complete 
|  41|0x0000000082900000, 0x0000000082900000, 0x0000000082a00000|  0%| F|  |TAMS 0x0000000082900000| PB 0x0000000082900000| Untracked 
|  42|0x0000000082a00000, 0x0000000082a00000, 0x0000000082b00000|  0%| F|  |TAMS 0x0000000082a00000| PB 0x0000000082a00000| Untracked 
|  43|0x0000000082b00000, 0x0000000082b00000, 0x0000000082c00000|  0%| F|  |TAMS 0x0000000082b00000| PB 0x0000000082b00000| Untracked 
|  44|0x0000000082c00000, 0x0000000082c00000, 0x0000000082d00000|  0%| F|  |TAMS 0x0000000082c00000| PB 0x0000000082c00000| Untracked 
|  45|0x0000000082d00000, 0x0000000082d00000, 0x0000000082e00000|  0%| F|  |TAMS 0x0000000082d00000| PB 0x0000000082d00000| Untracked 
|  46|0x0000000082e00000, 0x0000000082e00000, 0x0000000082f00000|  0%| F|  |TAMS 0x0000000082e00000| PB 0x0000000082e00000| Untracked 
|  47|0x0000000082f00000, 0x0000000082f00000, 0x0000000083000000|  0%| F|  |TAMS 0x0000000082f00000| PB 0x0000000082f00000| Untracked 
|  48|0x0000000083000000, 0x0000000083000000, 0x0000000083100000|  0%| F|  |TAMS 0x0000000083000000| PB 0x0000000083000000| Untracked 
|  49|0x0000000083100000, 0x0000000083100000, 0x0000000083200000|  0%| F|  |TAMS 0x0000000083100000| PB 0x0000000083100000| Untracked 
|  50|0x0000000083200000, 0x00000000832382e0, 0x0000000083300000| 21%| S|CS|TAMS 0x0000000083200000| PB 0x0000000083200000| Complete 
|  51|0x0000000083300000, 0x0000000083400000, 0x0000000083400000|100%| S|CS|TAMS 0x0000000083300000| PB 0x0000000083300000| Complete 
|  52|0x0000000083400000, 0x0000000083500000, 0x0000000083500000|100%| S|CS|TAMS 0x0000000083400000| PB 0x0000000083400000| Complete 
|  53|0x0000000083500000, 0x0000000083500000, 0x0000000083600000|  0%| F|  |TAMS 0x0000000083500000| PB 0x0000000083500000| Untracked 
|  54|0x0000000083600000, 0x0000000083600000, 0x0000000083700000|  0%| F|  |TAMS 0x0000000083600000| PB 0x0000000083600000| Untracked 
|  55|0x0000000083700000, 0x0000000083780000, 0x0000000083800000| 50%| E|  |TAMS 0x0000000083700000| PB 0x0000000083700000| Complete 
|  56|0x0000000083800000, 0x0000000083900000, 0x0000000083900000|100%| E|CS|TAMS 0x0000000083800000| PB 0x0000000083800000| Complete 
|  57|0x0000000083900000, 0x0000000083a00000, 0x0000000083a00000|100%| E|CS|TAMS 0x0000000083900000| PB 0x0000000083900000| Complete 
|  58|0x0000000083a00000, 0x0000000083b00000, 0x0000000083b00000|100%| E|CS|TAMS 0x0000000083a00000| PB 0x0000000083a00000| Complete 
|  59|0x0000000083b00000, 0x0000000083c00000, 0x0000000083c00000|100%| E|CS|TAMS 0x0000000083b00000| PB 0x0000000083b00000| Complete 
|  60|0x0000000083c00000, 0x0000000083d00000, 0x0000000083d00000|100%| E|CS|TAMS 0x0000000083c00000| PB 0x0000000083c00000| Complete 
|  61|0x0000000083d00000, 0x0000000083e00000, 0x0000000083e00000|100%| E|CS|TAMS 0x0000000083d00000| PB 0x0000000083d00000| Complete 
|  62|0x0000000083e00000, 0x0000000083f00000, 0x0000000083f00000|100%| E|CS|TAMS 0x0000000083e00000| PB 0x0000000083e00000| Complete 
|  63|0x0000000083f00000, 0x0000000084000000, 0x0000000084000000|100%| E|CS|TAMS 0x0000000083f00000| PB 0x0000000083f00000| Complete 
|  64|0x0000000084000000, 0x0000000084100000, 0x0000000084100000|100%| E|CS|TAMS 0x0000000084000000| PB 0x0000000084000000| Complete 
|  65|0x0000000084100000, 0x0000000084200000, 0x0000000084200000|100%| E|CS|TAMS 0x0000000084100000| PB 0x0000000084100000| Complete 
|  66|0x0000000084200000, 0x0000000084300000, 0x0000000084300000|100%| E|CS|TAMS 0x0000000084200000| PB 0x0000000084200000| Complete 
|  67|0x0000000084300000, 0x0000000084400000, 0x0000000084400000|100%| E|CS|TAMS 0x0000000084300000| PB 0x0000000084300000| Complete 
|  68|0x0000000084400000, 0x0000000084500000, 0x0000000084500000|100%| E|CS|TAMS 0x0000000084400000| PB 0x0000000084400000| Complete 
|  80|0x0000000085000000, 0x0000000085100000, 0x0000000085100000|100%| E|CS|TAMS 0x0000000085000000| PB 0x0000000085000000| Complete 
|  81|0x0000000085100000, 0x0000000085200000, 0x0000000085200000|100%| E|CS|TAMS 0x0000000085100000| PB 0x0000000085100000| Complete 
|  82|0x0000000085200000, 0x0000000085300000, 0x0000000085300000|100%| E|CS|TAMS 0x0000000085200000| PB 0x0000000085200000| Complete 
|  83|0x0000000085300000, 0x0000000085400000, 0x0000000085400000|100%| E|CS|TAMS 0x0000000085300000| PB 0x0000000085300000| Complete 
|  84|0x0000000085400000, 0x0000000085500000, 0x0000000085500000|100%| E|CS|TAMS 0x0000000085400000| PB 0x0000000085400000| Complete 
|  85|0x0000000085500000, 0x0000000085600000, 0x0000000085600000|100%| E|CS|TAMS 0x0000000085500000| PB 0x0000000085500000| Complete 
|  86|0x0000000085600000, 0x0000000085700000, 0x0000000085700000|100%| E|CS|TAMS 0x0000000085600000| PB 0x0000000085600000| Complete 
|  87|0x0000000085700000, 0x0000000085800000, 0x0000000085800000|100%| E|CS|TAMS 0x0000000085700000| PB 0x0000000085700000| Complete 
|  88|0x0000000085800000, 0x0000000085900000, 0x0000000085900000|100%| E|CS|TAMS 0x0000000085800000| PB 0x0000000085800000| Complete 
|  89|0x0000000085900000, 0x0000000085a00000, 0x0000000085a00000|100%| E|CS|TAMS 0x0000000085900000| PB 0x0000000085900000| Complete 
|  90|0x0000000085a00000, 0x0000000085b00000, 0x0000000085b00000|100%| E|CS|TAMS 0x0000000085a00000| PB 0x0000000085a00000| Complete 
|  91|0x0000000085b00000, 0x0000000085c00000, 0x0000000085c00000|100%| E|CS|TAMS 0x0000000085b00000| PB 0x0000000085b00000| Complete 
|  92|0x0000000085c00000, 0x0000000085d00000, 0x0000000085d00000|100%| E|CS|TAMS 0x0000000085c00000| PB 0x0000000085c00000| Complete 
| 190|0x000000008be00000, 0x000000008bf00000, 0x000000008bf00000|100%| E|CS|TAMS 0x000000008be00000| PB 0x000000008be00000| Complete 
| 191|0x000000008bf00000, 0x000000008c000000, 0x000000008c000000|100%| E|CS|TAMS 0x000000008bf00000| PB 0x000000008bf00000| Complete 
|2046|0x00000000ffe00000, 0x00000000fff00000, 0x00000000fff00000|100%| O|  |TAMS 0x00000000ffe00000| PB 0x00000000ffe00000| Untracked 
|2047|0x00000000fff00000, 0x0000000100000000, 0x0000000100000000|100%| O|  |TAMS 0x00000000fff00000| PB 0x00000000fff00000| Untracked 

Card table byte_map: [0x000001ac246a0000,0x000001ac24aa0000] _byte_map_base: 0x000001ac242a0000

Marking Bits: (CMBitMap*) 0x000001ac12182090
 Bits: [0x000001ac24aa0000, 0x000001ac26aa0000)

Polling page: 0x000001ac11900000

Metaspace:

Usage:
  Non-class:     52.80 MB used.
      Class:      8.68 MB used.
       Both:     61.48 MB used.

Virtual space:
  Non-class space:       64.00 MB reserved,      53.56 MB ( 84%) committed,  1 nodes.
      Class space:        1.00 GB reserved,       9.44 MB ( <1%) committed,  1 nodes.
             Both:        1.06 GB reserved,      63.00 MB (  6%) committed. 

Chunk freelists:
   Non-Class:  9.62 MB
       Class:  6.58 MB
        Both:  16.20 MB

MaxMetaspaceSize: unlimited
CompressedClassSpaceSize: 1.00 GB
Initial GC threshold: 21.00 MB
Current GC threshold: 98.25 MB
CDS: off
 - commit_granule_bytes: 65536.
 - commit_granule_words: 8192.
 - virtual_space_node_default_size: 8388608.
 - enlarge_chunks_in_place: 1.
 - use_allocation_guard: 0.


Internal statistics:

num_allocs_failed_limit: 9.
num_arena_births: 2984.
num_arena_deaths: 0.
num_vsnodes_births: 2.
num_vsnodes_deaths: 0.
num_space_committed: 1008.
num_space_uncommitted: 0.
num_chunks_returned_to_freelist: 9.
num_chunks_taken_from_freelist: 5491.
num_chunk_merges: 9.
num_chunk_splits: 3558.
num_chunks_enlarged: 2216.
num_inconsistent_stats: 0.

CodeHeap 'non-profiled nmethods': size=120000Kb used=3383Kb max_used=3383Kb free=116616Kb
 bounds [0x000001ac1cd70000, 0x000001ac1d0c0000, 0x000001ac242a0000]
CodeHeap 'profiled nmethods': size=120000Kb used=10514Kb max_used=10514Kb free=109485Kb
 bounds [0x000001ac152a0000, 0x000001ac15cf0000, 0x000001ac1c7d0000]
CodeHeap 'non-nmethods': size=5760Kb used=2573Kb max_used=2607Kb free=3186Kb
 bounds [0x000001ac1c7d0000, 0x000001ac1ca70000, 0x000001ac1cd70000]
CodeCache: size=245760Kb, used=16470Kb, max_used=16504Kb, free=229287Kb
 total_blobs=6248, nmethods=5384, adapters=767, full_count=0
Compilation: enabled, stopped_count=0, restarted_count=0

Compilation events (20 events):
Event: 15.464 Thread 0x000001ac291ab300 5996       3       sun.security.provider.DigestBase::implCompressMultiBlockCheck (58 bytes)
Event: 15.464 Thread 0x000001ac291ab300 nmethod 5996 0x000001ac155ecb90 code [0x000001ac155ecd80, 0x000001ac155ed1d0]
Event: 15.465 Thread 0x000001ac2e55a200 nmethod 5925 0x000001ac1d0b8410 code [0x000001ac1d0b8800, 0x000001ac1d0bb030]
Event: 15.465 Thread 0x000001ac291ab300 5997       3       java.lang.Character::forDigit (42 bytes)
Event: 15.465 Thread 0x000001ac2e55a200 5973       4       java.security.SecureClassLoader::defineClass (16 bytes)
Event: 15.465 Thread 0x000001ac291ab300 nmethod 5997 0x000001ac155ec690 code [0x000001ac155ec840, 0x000001ac155ecac0]
Event: 15.469 Thread 0x000001ac2e55a200 nmethod 5973 0x000001ac1d0bca10 code [0x000001ac1d0bcbe0, 0x000001ac1d0bceb0]
Event: 15.469 Thread 0x000001ac2e55a200 5924       4       java.nio.HeapByteBuffer::getShort (29 bytes)
Event: 15.470 Thread 0x000001ac291ab300 5998       3       com.google.common.cache.LocalCache::usesWriteQueue (5 bytes)
Event: 15.470 Thread 0x000001ac291ab300 nmethod 5998 0x000001ac155ec110 code [0x000001ac155ec2c0, 0x000001ac155ec498]
Event: 15.471 Thread 0x000001ac2e55a200 nmethod 5924 0x000001ac1d0bd190 code [0x000001ac1d0bd320, 0x000001ac1d0bd450]
Event: 15.471 Thread 0x000001ac2e55a200 5953       4       jdk.internal.reflect.ByteVectorImpl::getLength (7 bytes)
Event: 15.471 Thread 0x000001ac2e55a200 nmethod 5953 0x000001ac1d0bd610 code [0x000001ac1d0bd7a0, 0x000001ac1d0bd830]
Event: 15.473 Thread 0x000001ac2e55a200 5999       4       java.util.regex.Pattern::compile (537 bytes)
Event: 15.502 Thread 0x000001ac291ab300 6001       3       java.util.regex.Pattern::range (294 bytes)
Event: 15.504 Thread 0x000001ac291ab300 nmethod 6001 0x000001ac1553a610 code [0x000001ac1553aa40, 0x000001ac1553c140]
Event: 15.536 Thread 0x000001ac291ab300 6003       3       com.google.common.cache.LocalCache$Segment::newEntryArray (9 bytes)
Event: 15.536 Thread 0x000001ac291ab300 nmethod 6003 0x000001ac1553a010 code [0x000001ac1553a1c0, 0x000001ac1553a4c8]
Event: 15.540 Thread 0x000001ac291ab300 6004       3       org.gradle.internal.serialize.kryo.KryoBackedEncoder::writeString (23 bytes)
Event: 15.540 Thread 0x000001ac291ab300 nmethod 6004 0x000001ac15539a90 code [0x000001ac15539c60, 0x000001ac15539eb0]

GC Heap History (20 events):
Event: 4.403 GC heap before
{Heap before GC invocations=2 (full 0):
 garbage-first heap   total 196608K, used 106987K [0x0000000080000000, 0x0000000100000000)
  region size 1024K, 99 young (101376K), 4 survivors (4096K)
 Metaspace       used 21291K, committed 21504K, reserved 1114112K
  class space    used 2525K, committed 2624K, reserved 1048576K
}
Event: 4.418 GC heap after
{Heap after GC invocations=3 (full 0):
 garbage-first heap   total 196608K, used 19306K [0x0000000080000000, 0x0000000100000000)
  region size 1024K, 13 young (13312K), 13 survivors (13312K)
 Metaspace       used 21291K, committed 21504K, reserved 1114112K
  class space    used 2525K, committed 2624K, reserved 1048576K
}
Event: 5.342 GC heap before
{Heap before GC invocations=4 (full 0):
 garbage-first heap   total 68608K, used 46954K [0x0000000080000000, 0x0000000100000000)
  region size 1024K, 40 young (40960K), 13 survivors (13312K)
 Metaspace       used 26308K, committed 26816K, reserved 1114112K
  class space    used 3313K, committed 3520K, reserved 1048576K
}
Event: 5.358 GC heap after
{Heap after GC invocations=5 (full 0):
 garbage-first heap   total 68608K, used 20513K [0x0000000080000000, 0x0000000100000000)
  region size 1024K, 2 young (2048K), 2 survivors (2048K)
 Metaspace       used 26308K, committed 26816K, reserved 1114112K
  class space    used 3313K, committed 3520K, reserved 1048576K
}
Event: 6.924 GC heap before
{Heap before GC invocations=5 (full 0):
 garbage-first heap   total 68608K, used 52257K [0x0000000080000000, 0x0000000100000000)
  region size 1024K, 34 young (34816K), 2 survivors (2048K)
 Metaspace       used 30966K, committed 31552K, reserved 1114112K
  class space    used 4139K, committed 4416K, reserved 1048576K
}
Event: 6.937 GC heap after
{Heap after GC invocations=6 (full 0):
 garbage-first heap   total 68608K, used 23161K [0x0000000080000000, 0x0000000100000000)
  region size 1024K, 4 young (4096K), 4 survivors (4096K)
 Metaspace       used 30966K, committed 31552K, reserved 1114112K
  class space    used 4139K, committed 4416K, reserved 1048576K
}
Event: 10.440 GC heap before
{Heap before GC invocations=6 (full 0):
 garbage-first heap   total 68608K, used 51833K [0x0000000080000000, 0x0000000100000000)
  region size 1024K, 33 young (33792K), 4 survivors (4096K)
 Metaspace       used 35096K, committed 35968K, reserved 1114112K
  class space    used 4883K, committed 5312K, reserved 1048576K
}
Event: 10.450 GC heap after
{Heap after GC invocations=7 (full 0):
 garbage-first heap   total 68608K, used 25110K [0x0000000080000000, 0x0000000100000000)
  region size 1024K, 5 young (5120K), 5 survivors (5120K)
 Metaspace       used 35096K, committed 35968K, reserved 1114112K
  class space    used 4883K, committed 5312K, reserved 1048576K
}
Event: 11.085 GC heap before
{Heap before GC invocations=8 (full 0):
 garbage-first heap   total 68608K, used 56854K [0x0000000080000000, 0x0000000100000000)
  region size 1024K, 36 young (36864K), 5 survivors (5120K)
 Metaspace       used 39828K, committed 40896K, reserved 1114112K
  class space    used 5684K, committed 6208K, reserved 1048576K
}
Event: 11.095 GC heap after
{Heap after GC invocations=9 (full 0):
 garbage-first heap   total 68608K, used 26900K [0x0000000080000000, 0x0000000100000000)
  region size 1024K, 4 young (4096K), 4 survivors (4096K)
 Metaspace       used 39828K, committed 40896K, reserved 1114112K
  class space    used 5684K, committed 6208K, reserved 1048576K
}
Event: 11.843 GC heap before
{Heap before GC invocations=9 (full 0):
 garbage-first heap   total 68608K, used 57620K [0x0000000080000000, 0x0000000100000000)
  region size 1024K, 35 young (35840K), 4 survivors (4096K)
 Metaspace       used 46571K, committed 47680K, reserved 1114112K
  class space    used 6464K, committed 6976K, reserved 1048576K
}
Event: 11.867 GC heap after
{Heap after GC invocations=10 (full 0):
 garbage-first heap   total 68608K, used 30168K [0x0000000080000000, 0x0000000100000000)
  region size 1024K, 5 young (5120K), 5 survivors (5120K)
 Metaspace       used 46571K, committed 47680K, reserved 1114112K
  class space    used 6464K, committed 6976K, reserved 1048576K
}
Event: 12.443 GC heap before
{Heap before GC invocations=10 (full 0):
 garbage-first heap   total 68608K, used 62936K [0x0000000080000000, 0x0000000100000000)
  region size 1024K, 33 young (33792K), 5 survivors (5120K)
 Metaspace       used 48438K, committed 49536K, reserved 1114112K
  class space    used 6597K, committed 7104K, reserved 1048576K
}
Event: 12.455 GC heap after
{Heap after GC invocations=11 (full 0):
 garbage-first heap   total 72704K, used 33218K [0x0000000080000000, 0x0000000100000000)
  region size 1024K, 3 young (3072K), 3 survivors (3072K)
 Metaspace       used 48438K, committed 49536K, reserved 1114112K
  class space    used 6597K, committed 7104K, reserved 1048576K
}
Event: 13.124 GC heap before
{Heap before GC invocations=11 (full 0):
 garbage-first heap   total 72704K, used 62914K [0x0000000080000000, 0x0000000100000000)
  region size 1024K, 32 young (32768K), 3 survivors (3072K)
 Metaspace       used 52427K, committed 53696K, reserved 1114112K
  class space    used 7278K, committed 7872K, reserved 1048576K
}
Event: 13.133 GC heap after
{Heap after GC invocations=12 (full 0):
 garbage-first heap   total 88064K, used 35222K [0x0000000080000000, 0x0000000100000000)
  region size 1024K, 2 young (2048K), 2 survivors (2048K)
 Metaspace       used 52427K, committed 53696K, reserved 1114112K
  class space    used 7278K, committed 7872K, reserved 1048576K
}
Event: 13.871 GC heap before
{Heap before GC invocations=12 (full 0):
 garbage-first heap   total 88064K, used 77206K [0x0000000080000000, 0x0000000100000000)
  region size 1024K, 41 young (41984K), 2 survivors (2048K)
 Metaspace       used 54641K, committed 56000K, reserved 1114112K
  class space    used 7631K, committed 8256K, reserved 1048576K
}
Event: 13.881 GC heap after
{Heap after GC invocations=13 (full 0):
 garbage-first heap   total 88064K, used 41800K [0x0000000080000000, 0x0000000100000000)
  region size 1024K, 6 young (6144K), 6 survivors (6144K)
 Metaspace       used 54641K, committed 56000K, reserved 1114112K
  class space    used 7631K, committed 8256K, reserved 1048576K
}
Event: 14.663 GC heap before
{Heap before GC invocations=13 (full 0):
 garbage-first heap   total 88064K, used 72520K [0x0000000080000000, 0x0000000100000000)
  region size 1024K, 37 young (37888K), 6 survivors (6144K)
 Metaspace       used 58851K, committed 60288K, reserved 1114112K
  class space    used 8322K, committed 9024K, reserved 1048576K
}
Event: 14.679 GC heap after
{Heap after GC invocations=14 (full 0):
 garbage-first heap   total 88064K, used 44256K [0x0000000080000000, 0x0000000100000000)
  region size 1024K, 3 young (3072K), 3 survivors (3072K)
 Metaspace       used 58851K, committed 60288K, reserved 1114112K
  class space    used 8322K, committed 9024K, reserved 1048576K
}

Dll operation events (3 events):
Event: 0.012 Loaded shared library C:\Program Files\Android\Android Studio\jbr\bin\java.dll
Event: 0.021 Loaded shared library C:\Program Files\Android\Android Studio\jbr\bin\zip.dll
Event: 0.975 Loaded shared library C:\Program Files\Android\Android Studio\jbr\bin\verify.dll

Deoptimization events (20 events):
Event: 15.271 Thread 0x000001ac2f99fc00 Uncommon trap: trap_request=0xffffffcc fr.pc=0x000001ac1ce324c8 relative=0x0000000000000288
Event: 15.271 Thread 0x000001ac2f99fc00 Uncommon trap: reason=intrinsic_or_type_checked_inlining action=make_not_entrant pc=0x000001ac1ce324c8 method=java.util.Arrays.copyOfRange([Ljava/lang/Object;IILjava/lang/Class;)[Ljava/lang/Object; @ 84 c2
Event: 15.271 Thread 0x000001ac2f99fc00 DEOPT PACKING pc=0x000001ac1ce324c8 sp=0x0000004fb98f8050
Event: 15.271 Thread 0x000001ac2f99fc00 DEOPT UNPACKING pc=0x000001ac1c8243a2 sp=0x0000004fb98f7ff0 mode 2
Event: 15.286 Thread 0x000001ac2f99fc00 Uncommon trap: trap_request=0xffffff45 fr.pc=0x000001ac1cebd1e0 relative=0x00000000000002a0
Event: 15.286 Thread 0x000001ac2f99fc00 Uncommon trap: reason=unstable_if action=reinterpret pc=0x000001ac1cebd1e0 method=java.lang.String.regionMatches(ZILjava/lang/String;II)Z @ 36 c2
Event: 15.286 Thread 0x000001ac2f99fc00 DEOPT PACKING pc=0x000001ac1cebd1e0 sp=0x0000004fb98f8180
Event: 15.286 Thread 0x000001ac2f99fc00 DEOPT UNPACKING pc=0x000001ac1c8243a2 sp=0x0000004fb98f80e8 mode 2
Event: 15.297 Thread 0x000001ac2f99fc00 Uncommon trap: trap_request=0xffffff3d fr.pc=0x000001ac1ce60680 relative=0x0000000000000c80
Event: 15.297 Thread 0x000001ac2f99fc00 Uncommon trap: reason=unstable_fused_if action=reinterpret pc=0x000001ac1ce60680 method=org.objectweb.asm.ByteVector.putUTF8(Ljava/lang/String;)Lorg/objectweb/asm/ByteVector; @ 93 c2
Event: 15.297 Thread 0x000001ac2f99fc00 DEOPT PACKING pc=0x000001ac1ce60680 sp=0x0000004fb98f8860
Event: 15.297 Thread 0x000001ac2f99fc00 DEOPT UNPACKING pc=0x000001ac1c8243a2 sp=0x0000004fb98f87b8 mode 2
Event: 15.424 Thread 0x000001ac2f99fc00 Uncommon trap: trap_request=0xffffffc6 fr.pc=0x000001ac1cf98d5c relative=0x00000000000002fc
Event: 15.424 Thread 0x000001ac2f99fc00 Uncommon trap: reason=bimorphic_or_optimized_type_check action=maybe_recompile pc=0x000001ac1cf98d5c method=com.google.common.base.CharMatcher.indexIn(Ljava/lang/CharSequence;I)I @ 31 c2
Event: 15.424 Thread 0x000001ac2f99fc00 DEOPT PACKING pc=0x000001ac1cf98d5c sp=0x0000004fb98f9200
Event: 15.424 Thread 0x000001ac2f99fc00 DEOPT UNPACKING pc=0x000001ac1c8243a2 sp=0x0000004fb98f91a8 mode 2
Event: 15.438 Thread 0x000001ac2f99fc00 Uncommon trap: trap_request=0xffffffc6 fr.pc=0x000001ac1cf98d5c relative=0x00000000000002fc
Event: 15.438 Thread 0x000001ac2f99fc00 Uncommon trap: reason=bimorphic_or_optimized_type_check action=maybe_recompile pc=0x000001ac1cf98d5c method=com.google.common.base.CharMatcher.indexIn(Ljava/lang/CharSequence;I)I @ 31 c2
Event: 15.438 Thread 0x000001ac2f99fc00 DEOPT PACKING pc=0x000001ac1cf98d5c sp=0x0000004fb98f89f0
Event: 15.438 Thread 0x000001ac2f99fc00 DEOPT UNPACKING pc=0x000001ac1c8243a2 sp=0x0000004fb98f8998 mode 2

Classes loaded (20 events):
Event: 15.405 Loading class jdk/internal/logger/LoggerFinderLoader
Event: 15.405 Loading class jdk/internal/logger/LoggerFinderLoader done
Event: 15.405 Loading class jdk/internal/logger/LoggerFinderLoader$TemporaryLoggerFinder
Event: 15.406 Loading class jdk/internal/logger/LoggerFinderLoader$TemporaryLoggerFinder done
Event: 15.406 Loading class sun/util/logging/internal/LoggingProviderImpl$JULWrapper
Event: 15.406 Loading class sun/util/logging/PlatformLogger$ConfigurableBridge$LoggerConfiguration
Event: 15.406 Loading class sun/util/logging/PlatformLogger$ConfigurableBridge$LoggerConfiguration done
Event: 15.406 Loading class sun/util/logging/internal/LoggingProviderImpl$JULWrapper done
Event: 15.407 Loading class java/io/ObjectInputFilter$Config$BuiltinFilterFactory
Event: 15.407 Loading class java/io/ObjectInputFilter$Config$BuiltinFilterFactory done
Event: 15.407 Loading class jdk/internal/access/JavaObjectInputFilterAccess
Event: 15.407 Loading class jdk/internal/access/JavaObjectInputFilterAccess done
Event: 15.407 Loading class java/lang/System$Logger$Level
Event: 15.407 Loading class java/lang/System$Logger$Level done
Event: 15.408 Loading class jdk/internal/event/DeserializationEvent
Event: 15.408 Loading class jdk/internal/event/DeserializationEvent done
Event: 15.408 Loading class java/io/ObjectInputStream$FieldValues
Event: 15.408 Loading class java/io/ObjectInputStream$GetField
Event: 15.408 Loading class java/io/ObjectInputStream$GetField done
Event: 15.408 Loading class java/io/ObjectInputStream$FieldValues done

Classes unloaded (0 events):
No events

Classes redefined (0 events):
No events

Internal exceptions (20 events):
Event: 15.157 Thread 0x000001ac2f99fc00 Exception <a 'java/lang/NoSuchMethodError'{0x000000008506d1e8}: 'java.lang.Object java.lang.invoke.DelegatingMethodHandle$Holder.reinvoke_L(java.lang.Object, java.lang.Object, java.lang.Object, java.lang.Object, java.lang.Object, java.lang.Object, java.lang.Object, java.lang.Object, java.lang.Object, java.lang.Object, java.lang.Object, java.lang.Object, java.lang.Object, java.lang.Object, java.lang.Object, java.lang.Object, java.lang.Object)'> (0x000000008506d1e8) 
thrown [s\src\hotspot\share\interpreter\l
Event: 15.165 Thread 0x000001ac2f99fc00 Exception <a 'java/lang/NoSuchMethodError'{0x00000000850f7520}: 'void java.lang.invoke.DirectMethodHandle$Holder.invokeStatic(java.lang.Object, java.lang.Object, java.lang.Object, java.lang.Object, java.lang.Object, java.lang.Object)'> (0x00000000850f7520) 
thrown [s\src\hotspot\share\interpreter\linkResolver.cpp, line 784]
Event: 15.180 Thread 0x000001ac2f99fc00 Exception <a 'sun/nio/fs/WindowsException'{0x000000008447b2c8}> (0x000000008447b2c8) 
thrown [s\src\hotspot\share\prims\jni.cpp, line 537]
Event: 15.185 Thread 0x000001ac2f99fc00 Exception <a 'java/lang/NoSuchMethodError'{0x00000000844a4d38}: 'java.lang.Object java.lang.invoke.Invokers$Holder.invoker(java.lang.Object, java.lang.Object, java.lang.Object, java.lang.Object, java.lang.Object, java.lang.Object, java.lang.Object, java.lang.Object, java.lang.Object, java.lang.Object, java.lang.Object, java.lang.Object, java.lang.Object, java.lang.Object, java.lang.Object, java.lang.Object, java.lang.Object, java.lang.Object, java.lang.Object, java.lang.Object, java.lang.Object, java.lang.
Event: 15.185 Thread 0x000001ac2f99fc00 Exception <a 'java/lang/NoSuchMethodError'{0x00000000844ab570}: 'java.lang.Object java.lang.invoke.DelegatingMethodHandle$Holder.delegate(java.lang.Object, java.lang.Object, java.lang.Object, java.lang.Object, java.lang.Object, java.lang.Object, java.lang.Object, java.lang.Object, java.lang.Object, java.lang.Object, java.lang.Object, java.lang.Object, java.lang.Object, java.lang.Object, java.lang.Object, java.lang.Object, java.lang.Object, java.lang.Object, java.lang.Object, java.lang.Object, java.lang.Obj
Event: 15.273 Thread 0x000001ac2f99fc00 Exception <a 'sun/nio/fs/WindowsException'{0x0000000084166ac0}> (0x0000000084166ac0) 
thrown [s\src\hotspot\share\prims\jni.cpp, line 537]
Event: 15.279 Thread 0x000001ac2f99fc00 Exception <a 'sun/nio/fs/WindowsException'{0x000000008417e818}> (0x000000008417e818) 
thrown [s\src\hotspot\share\prims\jni.cpp, line 537]
Event: 15.281 Thread 0x000001ac2f99fc00 Exception <a 'sun/nio/fs/WindowsException'{0x000000008418cfa8}> (0x000000008418cfa8) 
thrown [s\src\hotspot\share\prims\jni.cpp, line 537]
Event: 15.285 Thread 0x000001ac2f99fc00 Exception <a 'sun/nio/fs/WindowsException'{0x00000000841b25b8}> (0x00000000841b25b8) 
thrown [s\src\hotspot\share\prims\jni.cpp, line 537]
Event: 15.344 Thread 0x000001ac2f99fc00 Exception <a 'java/lang/NoSuchMethodError'{0x0000000083e05058}: static Lorg/gradle/api/internal/catalog/DefaultVersionCatalog;.<clinit>()V> (0x0000000083e05058) 
thrown [s\src\hotspot\share\prims\jni.cpp, line 1144]
Event: 15.360 Thread 0x000001ac2f99fc00 Exception <a 'java/lang/NoSuchMethodError'{0x0000000083e55d50}: static [Ljava/lang/Object;.<clinit>()V> (0x0000000083e55d50) 
thrown [s\src\hotspot\share\prims\jni.cpp, line 1144]
Event: 15.366 Thread 0x000001ac2f99fc00 Exception <a 'java/lang/NoSuchMethodError'{0x0000000083e7b6a8}: static Lorg/gradle/api/internal/catalog/DependencyModel;.<clinit>()V> (0x0000000083e7b6a8) 
thrown [s\src\hotspot\share\prims\jni.cpp, line 1144]
Event: 15.367 Thread 0x000001ac2f99fc00 Exception <a 'java/lang/NoSuchMethodError'{0x0000000083e7f390}: static Lorg/gradle/api/internal/catalog/AbstractContextAwareModel;.<clinit>()V> (0x0000000083e7f390) 
thrown [s\src\hotspot\share\prims\jni.cpp, line 1144]
Event: 15.370 Thread 0x000001ac2f99fc00 Exception <a 'java/lang/NoSuchMethodError'{0x0000000083e98df0}: static Lorg/gradle/api/internal/artifacts/dependencies/AbstractVersionConstraint;.<clinit>()V> (0x0000000083e98df0) 
thrown [s\src\hotspot\share\prims\jni.cpp, line 1144]
Event: 15.397 Thread 0x000001ac2f99fc00 Exception <a 'java/lang/NoSuchMethodError'{0x0000000083d49e20}: static Lorg/gradle/api/internal/catalog/PluginModel;.<clinit>()V> (0x0000000083d49e20) 
thrown [s\src\hotspot\share\prims\jni.cpp, line 1144]
Event: 15.399 Thread 0x000001ac2f99fc00 Exception <a 'java/lang/NoSuchMethodError'{0x0000000083d5f5f8}: static Lorg/gradle/api/internal/catalog/VersionModel;.<clinit>()V> (0x0000000083d5f5f8) 
thrown [s\src\hotspot\share\prims\jni.cpp, line 1144]
Event: 15.444 Thread 0x000001ac2f99fc00 Exception <a 'sun/nio/fs/WindowsException'{0x0000000083c84088}> (0x0000000083c84088) 
thrown [s\src\hotspot\share\prims\jni.cpp, line 537]
Event: 15.534 Thread 0x000001ac2f99fc00 Exception <a 'sun/nio/fs/WindowsException'{0x0000000083a71630}> (0x0000000083a71630) 
thrown [s\src\hotspot\share\prims\jni.cpp, line 537]
Event: 15.543 Thread 0x000001ac2f99fc00 Exception <a 'java/lang/NoSuchMethodError'{0x0000000083aa5108}: 'int java.lang.invoke.DirectMethodHandle$Holder.invokeSpecialIFC(java.lang.Object, java.lang.Object, java.lang.Object)'> (0x0000000083aa5108) 
thrown [s\src\hotspot\share\interpreter\linkResolver.cpp, line 784]
Event: 15.545 Thread 0x000001ac2f99fc00 Exception <a 'sun/nio/fs/WindowsException'{0x0000000083ab0f00}> (0x0000000083ab0f00) 
thrown [s\src\hotspot\share\prims\jni.cpp, line 537]

ZGC Phase Switch (0 events):
No events

VM Operations (20 events):
Event: 13.871 Executing VM operation: G1CollectForAllocation (G1 Evacuation Pause)
Event: 13.881 Executing VM operation: G1CollectForAllocation (G1 Evacuation Pause) done
Event: 14.150 Executing VM operation: HandshakeAllThreads (Deoptimize)
Event: 14.150 Executing VM operation: HandshakeAllThreads (Deoptimize) done
Event: 14.384 Executing VM operation: ICBufferFull
Event: 14.384 Executing VM operation: ICBufferFull done
Event: 14.390 Executing VM operation: HandshakeAllThreads (Deoptimize)
Event: 14.390 Executing VM operation: HandshakeAllThreads (Deoptimize) done
Event: 14.491 Executing VM operation: HandshakeAllThreads (Deoptimize)
Event: 14.491 Executing VM operation: HandshakeAllThreads (Deoptimize) done
Event: 14.663 Executing VM operation: CollectForMetadataAllocation (Metadata GC Threshold)
Event: 14.679 Executing VM operation: CollectForMetadataAllocation (Metadata GC Threshold) done
Event: 14.792 Executing VM operation: G1PauseRemark
Event: 14.800 Executing VM operation: G1PauseRemark done
Event: 14.845 Executing VM operation: G1PauseCleanup
Event: 14.845 Executing VM operation: G1PauseCleanup done
Event: 15.177 Executing VM operation: HandshakeAllThreads (Deoptimize)
Event: 15.177 Executing VM operation: HandshakeAllThreads (Deoptimize) done
Event: 15.350 Executing VM operation: HandshakeAllThreads (Deoptimize)
Event: 15.350 Executing VM operation: HandshakeAllThreads (Deoptimize) done

Memory protections (0 events):
No events

Nmethod flushes (20 events):
Event: 14.799 Thread 0x000001ac2911c640 flushing  nmethod 0x000001ac155e9210
Event: 14.799 Thread 0x000001ac2911c640 flushing  nmethod 0x000001ac155e9d90
Event: 14.799 Thread 0x000001ac2911c640 flushing  nmethod 0x000001ac155eb810
Event: 14.799 Thread 0x000001ac2911c640 flushing  nmethod 0x000001ac155ec110
Event: 14.799 Thread 0x000001ac2911c640 flushing  nmethod 0x000001ac1562d790
Event: 14.799 Thread 0x000001ac2911c640 flushing  nmethod 0x000001ac15637710
Event: 14.799 Thread 0x000001ac2911c640 flushing  nmethod 0x000001ac15657590
Event: 14.799 Thread 0x000001ac2911c640 flushing  nmethod 0x000001ac1565a810
Event: 14.799 Thread 0x000001ac2911c640 flushing  nmethod 0x000001ac1565d010
Event: 14.799 Thread 0x000001ac2911c640 flushing  nmethod 0x000001ac15660190
Event: 14.799 Thread 0x000001ac2911c640 flushing  nmethod 0x000001ac15660a10
Event: 14.799 Thread 0x000001ac2911c640 flushing  nmethod 0x000001ac15660d90
Event: 14.799 Thread 0x000001ac2911c640 flushing  nmethod 0x000001ac1567b010
Event: 14.799 Thread 0x000001ac2911c640 flushing  nmethod 0x000001ac156be390
Event: 14.799 Thread 0x000001ac2911c640 flushing  nmethod 0x000001ac156def90
Event: 14.799 Thread 0x000001ac2911c640 flushing  nmethod 0x000001ac15773790
Event: 14.799 Thread 0x000001ac2911c640 flushing  nmethod 0x000001ac15777790
Event: 14.799 Thread 0x000001ac2911c640 flushing  nmethod 0x000001ac157f1310
Event: 14.799 Thread 0x000001ac2911c640 flushing  nmethod 0x000001ac158ca190
Event: 14.799 Thread 0x000001ac2911c640 flushing  nmethod 0x000001ac158cd690

Events (20 events):
Event: 4.991 Thread 0x000001ac2f99fc00 Thread added: 0x000001ac2f9a0920
Event: 5.008 Thread 0x000001ac2f99fc00 Thread added: 0x000001ac2f9a3710
Event: 5.096 Thread 0x000001ac2f99fc00 Thread added: 0x000001ac2f99eee0
Event: 7.276 Thread 0x000001ac2f99fc00 Thread added: 0x000001ac2f9a4430
Event: 8.232 Thread 0x000001ac2e4a2250 Thread exited: 0x000001ac2e4a2250
Event: 10.187 Thread 0x000001ac2f99fc00 Thread added: 0x000001ac2f9a4ac0
Event: 10.203 Thread 0x000001ac2f99fc00 Thread added: 0x000001ac2f9a5150
Event: 10.348 Thread 0x000001ac2f99fc00 Thread added: 0x000001ac2f99f570
Event: 10.414 Thread 0x000001ac2f99fc00 Thread added: 0x000001ac2f9a5e70
Event: 10.428 Thread 0x000001ac2f99fc00 Thread added: 0x000001ac2f9a0fb0
Event: 10.664 Thread 0x000001ac2f99fc00 Thread added: 0x000001ac29bb6100
Event: 10.930 Thread 0x000001ac291ab300 Thread added: 0x000001ac2e55a200
Event: 11.111 Thread 0x000001ac2f99fc00 Thread added: 0x000001ac29bb4030
Event: 11.157 Thread 0x000001ac2f99fc00 Thread added: 0x000001ac29bb6790
Event: 12.395 Thread 0x000001ac2f99fc00 Thread added: 0x000001ac29bb6e20
Event: 13.139 Thread 0x000001ac2f99fc00 Thread added: 0x000001ac29bb4d50
Event: 13.143 Thread 0x000001ac2f99fc00 Thread added: 0x000001ac29bb53e0
Event: 13.147 Thread 0x000001ac2f99fc00 Thread added: 0x000001ac29bb7b40
Event: 13.244 Thread 0x000001ac2f99fc00 Thread added: 0x000001ac29bb81d0
Event: 15.179 Thread 0x000001ac2f99fc00 Thread added: 0x000001ac29bb8ef0


Dynamic libraries:
0x00007ff660fb0000 - 0x00007ff660fba000 	C:\Program Files\Android\Android Studio\jbr\bin\java.exe
0x00007ffc7a530000 - 0x00007ffc7a728000 	C:\Windows\SYSTEM32\ntdll.dll
0x00007ffc79a00000 - 0x00007ffc79ac2000 	C:\Windows\System32\KERNEL32.DLL
0x00007ffc780b0000 - 0x00007ffc783a6000 	C:\Windows\System32\KERNELBASE.dll
0x00007ffc783b0000 - 0x00007ffc784b0000 	C:\Windows\System32\ucrtbase.dll
0x00007ffc61080000 - 0x00007ffc61098000 	C:\Program Files\Android\Android Studio\jbr\bin\jli.dll
0x00007ffc6e610000 - 0x00007ffc6e62b000 	C:\Program Files\Android\Android Studio\jbr\bin\VCRUNTIME140.dll
0x00007ffc78e00000 - 0x00007ffc78fa1000 	C:\Windows\System32\USER32.dll
0x00007ffc67aa0000 - 0x00007ffc67d3b000 	C:\Windows\WinSxS\amd64_microsoft.windows.common-controls_6595b64144ccf1df_6.0.19041.6456_none_60b8a6cb71f64256\COMCTL32.dll
0x00007ffc77db0000 - 0x00007ffc77dd2000 	C:\Windows\System32\win32u.dll
0x00007ffc78a00000 - 0x00007ffc78a9e000 	C:\Windows\System32\msvcrt.dll
0x00007ffc786c0000 - 0x00007ffc786eb000 	C:\Windows\System32\GDI32.dll
0x00007ffc77c10000 - 0x00007ffc77d29000 	C:\Windows\System32\gdi32full.dll
0x00007ffc784b0000 - 0x00007ffc7854d000 	C:\Windows\System32\msvcp_win.dll
0x00007ffc78820000 - 0x00007ffc7884f000 	C:\Windows\System32\IMM32.DLL
0x00007ffc73ba0000 - 0x00007ffc73bac000 	C:\Program Files\Android\Android Studio\jbr\bin\vcruntime140_1.dll
0x00007ffc51500000 - 0x00007ffc5158d000 	C:\Program Files\Android\Android Studio\jbr\bin\msvcp140.dll
0x00007ffbed660000 - 0x00007ffbee2f6000 	C:\Program Files\Android\Android Studio\jbr\bin\server\jvm.dll
0x00007ffc7a430000 - 0x00007ffc7a4e1000 	C:\Windows\System32\ADVAPI32.dll
0x00007ffc790d0000 - 0x00007ffc7916f000 	C:\Windows\System32\sechost.dll
0x00007ffc798e0000 - 0x00007ffc79a00000 	C:\Windows\System32\RPCRT4.dll
0x00007ffc77de0000 - 0x00007ffc77e07000 	C:\Windows\System32\bcrypt.dll
0x00007ffc79ad0000 - 0x00007ffc79b3b000 	C:\Windows\System32\WS2_32.dll
0x00007ffc77110000 - 0x00007ffc7715b000 	C:\Windows\SYSTEM32\POWRPROF.dll
0x00007ffc67830000 - 0x00007ffc67857000 	C:\Windows\SYSTEM32\WINMM.dll
0x00007ffc682f0000 - 0x00007ffc682fa000 	C:\Windows\SYSTEM32\VERSION.dll
0x00007ffc76f80000 - 0x00007ffc76f92000 	C:\Windows\SYSTEM32\UMPDC.dll
0x00007ffc759f0000 - 0x00007ffc75a02000 	C:\Windows\SYSTEM32\kernel.appcore.dll
0x00007ffc6e5a0000 - 0x00007ffc6e5aa000 	C:\Program Files\Android\Android Studio\jbr\bin\jimage.dll
0x00007ffc67890000 - 0x00007ffc67a91000 	C:\Windows\SYSTEM32\DBGHELP.DLL
0x00007ffc592c0000 - 0x00007ffc592f4000 	C:\Windows\SYSTEM32\dbgcore.DLL
0x00007ffc77e10000 - 0x00007ffc77e92000 	C:\Windows\System32\bcryptPrimitives.dll
0x00007ffc71890000 - 0x00007ffc7189e000 	C:\Program Files\Android\Android Studio\jbr\bin\instrument.dll
0x00007ffc6e320000 - 0x00007ffc6e340000 	C:\Program Files\Android\Android Studio\jbr\bin\java.dll
0x00007ffc6e1a0000 - 0x00007ffc6e1b8000 	C:\Program Files\Android\Android Studio\jbr\bin\zip.dll
0x00007ffc79170000 - 0x00007ffc798e0000 	C:\Windows\System32\SHELL32.dll
0x00007ffc75bf0000 - 0x00007ffc76395000 	C:\Windows\SYSTEM32\windows.storage.dll
0x00007ffc78aa0000 - 0x00007ffc78df4000 	C:\Windows\System32\combase.dll
0x00007ffc77510000 - 0x00007ffc7753b000 	C:\Windows\SYSTEM32\Wldp.dll
0x00007ffc79e60000 - 0x00007ffc79f2d000 	C:\Windows\System32\OLEAUT32.dll
0x00007ffc78610000 - 0x00007ffc786bd000 	C:\Windows\System32\SHCORE.dll
0x00007ffc787c0000 - 0x00007ffc7881b000 	C:\Windows\System32\shlwapi.dll
0x00007ffc77af0000 - 0x00007ffc77b14000 	C:\Windows\SYSTEM32\profapi.dll
0x00007ffc6e110000 - 0x00007ffc6e120000 	C:\Program Files\Android\Android Studio\jbr\bin\net.dll
0x00007ffc70b40000 - 0x00007ffc70c4a000 	C:\Windows\SYSTEM32\WINHTTP.dll
0x00007ffc772f0000 - 0x00007ffc7735a000 	C:\Windows\system32\mswsock.dll
0x00007ffc6c1e0000 - 0x00007ffc6c1f6000 	C:\Program Files\Android\Android Studio\jbr\bin\nio.dll
0x00007ffc69060000 - 0x00007ffc69070000 	C:\Program Files\Android\Android Studio\jbr\bin\verify.dll
0x00007ffc58630000 - 0x00007ffc58657000 	C:\Users\Tortue\.gradle\native\c067742578af261105cb4f569cf0c3c89f3d7b1fecec35dd04571415982c5e48\windows-amd64\native-platform.dll
0x00007ffc034d0000 - 0x00007ffc03614000 	C:\Users\Tortue\.gradle\native\38dada09dfb8b06ba9b0570ebf7e218e3eb74d4ef43ca46872605cf95ebc2f47\windows-amd64\native-platform-file-events.dll
0x00007ffc6bd30000 - 0x00007ffc6bd39000 	C:\Program Files\Android\Android Studio\jbr\bin\management.dll
0x00007ffc69b30000 - 0x00007ffc69b3b000 	C:\Program Files\Android\Android Studio\jbr\bin\management_ext.dll
0x00007ffc79e50000 - 0x00007ffc79e58000 	C:\Windows\System32\PSAPI.DLL
0x00007ffc77550000 - 0x00007ffc77568000 	C:\Windows\SYSTEM32\CRYPTSP.dll
0x00007ffc76bc0000 - 0x00007ffc76bf8000 	C:\Windows\system32\rsaenh.dll
0x00007ffc77ab0000 - 0x00007ffc77ade000 	C:\Windows\SYSTEM32\USERENV.dll
0x00007ffc77480000 - 0x00007ffc7748c000 	C:\Windows\SYSTEM32\CRYPTBASE.dll
0x00007ffc76fa0000 - 0x00007ffc76fdb000 	C:\Windows\SYSTEM32\IPHLPAPI.DLL
0x00007ffc79b40000 - 0x00007ffc79b48000 	C:\Windows\System32\NSI.dll
0x00007ffc6cb90000 - 0x00007ffc6cb99000 	C:\Program Files\Android\Android Studio\jbr\bin\extnet.dll
0x00007ffc6cbf0000 - 0x00007ffc6cbf7000 	C:\Windows\system32\wshunix.dll

JVMTI agents:
C:\Users\Tortue\.gradle\wrapper\dists\gradle-8.7-bin\bhs2wmbdwecv87pi65oeuq5iu\gradle-8.7\lib\agents\gradle-instrumentation-agent-8.7.jar path:C:\Program Files\Android\Android Studio\jbr\bin\instrument.dll, loaded, initialized, instrumentlib options:none

dbghelp: loaded successfully - version: 4.0.5 - missing functions: none
symbol engine: initialized successfully - sym options: 0x614 - pdb path: .;C:\Program Files\Android\Android Studio\jbr\bin;C:\Windows\SYSTEM32;C:\Windows\WinSxS\amd64_microsoft.windows.common-controls_6595b64144ccf1df_6.0.19041.6456_none_60b8a6cb71f64256;C:\Program Files\Android\Android Studio\jbr\bin\server;C:\Users\Tortue\.gradle\native\c067742578af261105cb4f569cf0c3c89f3d7b1fecec35dd04571415982c5e48\windows-amd64;C:\Users\Tortue\.gradle\native\38dada09dfb8b06ba9b0570ebf7e218e3eb74d4ef43ca46872605cf95ebc2f47\windows-amd64

VM Arguments:
jvm_args: --add-opens=java.base/java.util=ALL-UNNAMED --add-opens=java.base/java.lang=ALL-UNNAMED --add-opens=java.base/java.lang.invoke=ALL-UNNAMED --add-opens=java.prefs/java.util.prefs=ALL-UNNAMED --add-opens=java.base/java.nio.charset=ALL-UNNAMED --add-opens=java.base/java.net=ALL-UNNAMED --add-opens=java.base/java.util.concurrent.atomic=ALL-UNNAMED -Xmx2048m -Dfile.encoding=UTF-8 -Duser.country=LU -Duser.language=fr -Duser.variant -javaagent:C:\Users\Tortue\.gradle\wrapper\dists\gradle-8.7-bin\bhs2wmbdwecv87pi65oeuq5iu\gradle-8.7\lib\agents\gradle-instrumentation-agent-8.7.jar 
java_command: org.gradle.launcher.daemon.bootstrap.GradleDaemon 8.7
java_class_path (initial): C:\Users\Tortue\.gradle\wrapper\dists\gradle-8.7-bin\bhs2wmbdwecv87pi65oeuq5iu\gradle-8.7\lib\gradle-launcher-8.7.jar
Launcher Type: SUN_STANDARD

[Global flags]
     intx CICompilerCount                          = 3                                         {product} {ergonomic}
     uint ConcGCThreads                            = 1                                         {product} {ergonomic}
     uint G1ConcRefinementThreads                  = 4                                         {product} {ergonomic}
   size_t G1HeapRegionSize                         = 1048576                                   {product} {ergonomic}
    uintx GCDrainStackTargetSize                   = 64                                        {product} {ergonomic}
   size_t InitialHeapSize                          = 201326592                                 {product} {ergonomic}
   size_t MarkStackSize                            = 4194304                                   {product} {ergonomic}
   size_t MaxHeapSize                              = 2147483648                                {product} {command line}
   size_t MaxNewSize                               = 1287651328                                {product} {ergonomic}
   size_t MinHeapDeltaBytes                        = 1048576                                   {product} {ergonomic}
   size_t MinHeapSize                              = 8388608                                   {product} {ergonomic}
    uintx NonNMethodCodeHeapSize                   = 5832780                                {pd product} {ergonomic}
    uintx NonProfiledCodeHeapSize                  = 122912730                              {pd product} {ergonomic}
    uintx ProfiledCodeHeapSize                     = 122912730                              {pd product} {ergonomic}
    uintx ReservedCodeCacheSize                    = 251658240                              {pd product} {ergonomic}
     bool SegmentedCodeCache                       = true                                      {product} {ergonomic}
   size_t SoftMaxHeapSize                          = 2147483648                             {manageable} {ergonomic}
     bool UseCompressedOops                        = true                           {product lp64_product} {ergonomic}
     bool UseG1GC                                  = true                                      {product} {ergonomic}
     bool UseLargePagesIndividualAllocation        = false                                  {pd product} {ergonomic}

Logging:
Log output configuration:
 #0: stdout all=warning uptime,level,tags foldmultilines=false
 #1: stderr all=off uptime,level,tags foldmultilines=false

Release file:
JAVA_VERSION="21.0.9" 
MODULES="java.base java.compiler java.datatransfer java.xml java.prefs java.desktop java.instrument java.logging java.management java.security.sasl java.naming java.rmi java.management.rmi java.net.http java.scripting java.security.jgss java.transaction.xa java.sql java.sql.rowset java.xml.crypto java.se java.smartcardio jdk.accessibility jdk.internal.jvmstat jdk.attach jdk.charsets jdk.internal.opt jdk.zipfs jdk.compiler jdk.crypto.ec jdk.crypto.cryptoki jdk.dynalink jdk.hotspot.agent jdk.httpserver jdk.internal.ed jdk.internal.le jdk.internal.vm.ci jdk.jartool jdk.javadoc jdk.jcmd jdk.jdeps jdk.jdwp.agent jdk.jdi jdk.jfr jdk.jlink jdk.jsobject jdk.localedata jdk.management jdk.management.agent jdk.management.jfr jdk.naming.dns jdk.naming.rmi jdk.net jdk.sctp jdk.security.auth jdk.security.jgss jdk.unsupported jdk.unsupported.desktop jdk.xml.dom" 
IMPLEMENTOR="JetBrains s.r.o." 
JAVA_RUNTIME_VERSION="21.0.9+-14787801-b1163.94" 
LIBC="default" 
OS_ARCH="x86_64" 
OS_NAME="Windows" 
SOURCE=".:git:0c757ddc9f2f" 

Environment Variables:
PATH=C:\Program Files\Common Files\Oracle\Java\javapath;C:\Program Files (x86)\Common Files\Oracle\Java\javapath;C:\Python314\Scripts\;C:\Python314\;C:\Windows\system32;C:\Windows;C:\Windows\System32\Wbem;C:\Windows\System32\WindowsPowerShell\v1.0\;C:\Windows\System32\OpenSSH\;C:\Program Files\nodejs\;C:\ProgramData\chocolatey\bin;C:\Program Files\Git\cmd;C:\Program Files\dotnet\;C:\Program Files\Docker\Docker\resources\bin;C:\apache-maven-3.9.14\bin;C:\laragon\bin\php\php-8.3.30-Win32-vs16-x64;C:\Users\Tortue\AppData\Local\Microsoft\WindowsApps;C:\Users\Tortue\AppData\Local\Programs\Antigravity\bin;C:\Users\Tortue\AppData\Local\Programs\Microsoft VS Code\bin;C:\Users\Tortue\AppData\Roaming\npm;C:\Users\Tortue\AppData\Local\GitHubDesktop\bin
USERNAME=Tortue
OS=Windows_NT
PROCESSOR_IDENTIFIER=Intel64 Family 6 Model 60 Stepping 3, GenuineIntel
TMP=C:\Users\Tortue\AppData\Local\Temp
TEMP=C:\Users\Tortue\AppData\Local\Temp




Periodic native trim disabled

JNI global refs:
JNI global refs: 25, weak refs: 0

JNI global refs memory usage: 835, weak refs: 833

Process memory usage:
Resident Set Size: 288944K (2% of 12488984K total physical memory with 4088316K free physical memory)

OOME stack traces (most recent first):
Classloader memory used:
Loader org.gradle.internal.classloader.VisitableURLClassLoader                         : 30409K
Loader bootstrap                                                                       : 23003K
Loader org.gradle.initialization.MixInLegacyTypesClassLoader                           : 8499K
Loader jdk.internal.loader.ClassLoaders$PlatformClassLoader                            : 548K
Loader jdk.internal.loader.ClassLoaders$AppClassLoader                                 : 230K
Loader org.gradle.internal.classloader.VisitableURLClassLoader                         : 113K
Loader org.gradle.groovy.scripts.internal.DefaultScriptCompilationHandler$ScriptClassLoader: 100K
Loader jdk.internal.reflect.DelegatingClassLoader                                      : 89560B
Loader org.gradle.internal.classloader.VisitableURLClassLoader$InstrumentingVisitableURLClassLoader: 18488B
Loader org.codehaus.groovy.runtime.callsite.CallSiteClassLoader                        : 10160B

Classes loaded by more than one classloader:
Class Program                                                                         : loaded 3 times (x 72B)
Class org.gradle.internal.classloader.ClassLoaderHierarchy                            : loaded 2 times (x 70B)
Class org.gradle.api.internal.classpath.ManifestUtil                                  : loaded 2 times (x 71B)
Class org.gradle.internal.classloader.DefaultClassLoaderFactory                       : loaded 2 times (x 82B)
Class org.gradle.internal.classloader.ClassLoaderVisitor                              : loaded 2 times (x 76B)
Class org.gradle.api.internal.classpath.EffectiveClassPath                            : loaded 2 times (x 90B)
Class org.gradle.api.internal.DefaultClassPathProvider                                : loaded 2 times (x 76B)
Class [Lorg.gradle.api.internal.ClassPathProvider;                                    : loaded 2 times (x 69B)
Class org.gradle.api.internal.ClassPathProvider                                       : loaded 2 times (x 70B)
Class org.gradle.internal.service.UnknownServiceException                             : loaded 2 times (x 83B)
Class org.gradle.internal.classpath.TransformedClassPath                              : loaded 2 times (x 96B)
Class org.gradle.internal.service.ServiceLocator                                      : loaded 2 times (x 70B)
Class org.gradle.internal.InternalTransformer                                         : loaded 2 times (x 70B)
Class org.gradle.internal.classloader.ClasspathUtil$1                                 : loaded 2 times (x 76B)
Class org.gradle.api.internal.classpath.DefaultModuleRegistry$DefaultModule           : loaded 2 times (x 86B)
Class org.gradle.api.internal.classpath.Module                                        : loaded 2 times (x 70B)
Class org.gradle.api.internal.classpath.UnknownModuleException                        : loaded 2 times (x 82B)
Class org.gradle.cache.GlobalCache                                                    : loaded 2 times (x 70B)
Class org.gradle.api.internal.DefaultClassPathRegistry                                : loaded 2 times (x 76B)
Class org.gradle.api.internal.ClassPathRegistry                                       : loaded 2 times (x 70B)
Class org.gradle.internal.classpath.DefaultClassPath$ImmutableUniqueList              : loaded 2 times (x 199B)
Class org.gradle.internal.classloader.FilteringClassLoader                            : loaded 2 times (x 105B)
Class Settings_gradle$1                                                               : loaded 2 times (x 75B)
Class org.gradle.internal.classpath.ClassPath                                         : loaded 2 times (x 70B)
Class org.gradle.api.UncheckedIOException                                             : loaded 2 times (x 82B)
Class ijJvmDebugger1_b2fc82qiwazzgw54nh4v9ulqe                                        : loaded 2 times (x 179B)
Class org.gradle.internal.installation.GradleInstallation$1                           : loaded 2 times (x 75B)
Class org.gradle.api.internal.classpath.ModuleRegistry                                : loaded 2 times (x 70B)
Class org.gradle.api.internal.classpath.DefaultModuleRegistry                         : loaded 2 times (x 86B)
Class org.gradle.internal.service.ServiceLookupException                              : loaded 2 times (x 82B)
Class org.gradle.internal.classloader.ClassLoaderFactory                              : loaded 2 times (x 70B)
Class org.gradle.internal.service.CachingServiceLocator                               : loaded 2 times (x 82B)
Class ijKotlinCoroutineJvmDebugInit1_amhdjzgra9k4ap0cci4y8bnpx                        : loaded 2 times (x 179B)
Class org.gradle.internal.classloader.ClasspathUtil                                   : loaded 2 times (x 71B)
Class ijJvmDebugger1_b2fc82qiwazzgw54nh4v9ulqe$_run_closure1                          : loaded 2 times (x 139B)
Class org.gradle.api.specs.Spec                                                       : loaded 2 times (x 70B)
Class org.gradle.internal.classloader.VisitableURLClassLoader$InstrumentingVisitableURLClassLoader: loaded 2 times (x 123B)
Class org.gradle.internal.classloader.VisitableURLClassLoader$Spec                    : loaded 2 times (x 74B)
Class org.gradle.internal.classpath.DefaultClassPath                                  : loaded 2 times (x 90B)
Class org.gradle.internal.classloader.ClassLoaderSpec                                 : loaded 2 times (x 71B)
Class Settings_gradle$1$1                                                             : loaded 2 times (x 75B)
Class org.gradle.internal.classloader.VisitableURLClassLoader                         : loaded 2 times (x 117B)
Class Settings_gradle                                                                 : loaded 2 times (x 128B)
Class org.gradle.internal.Cast                                                        : loaded 2 times (x 71B)
Class org.gradle.api.Action                                                           : loaded 2 times (x 70B)
Class org.gradle.internal.agents.InstrumentingClassLoader                             : loaded 2 times (x 70B)
Class org.gradle.internal.classpath.DefaultClassPath$ImmutableUniqueList$Builder      : loaded 2 times (x 75B)
Class org.gradle.api.GradleException                                                  : loaded 2 times (x 82B)
Class org.gradle.internal.IoActions                                                   : loaded 2 times (x 71B)
Class org.gradle.internal.classloader.SystemClassLoaderSpec                           : loaded 2 times (x 71B)
Class ijKotlinCoroutineJvmDebugInit1_amhdjzgra9k4ap0cci4y8bnpx$_run_closure1          : loaded 2 times (x 139B)
Class Settings_gradle$1$1$1                                                           : loaded 2 times (x 75B)
Class org.gradle.internal.installation.CurrentGradleInstallationLocator               : loaded 2 times (x 71B)
Class org.gradle.internal.service.DefaultServiceLocator                               : loaded 2 times (x 83B)
Class org.gradle.internal.installation.CurrentGradleInstallation                      : loaded 2 times (x 73B)
Class org.gradle.util.internal.GUtil                                                  : loaded 2 times (x 71B)
Class org.gradle.internal.installation.GradleInstallation                             : loaded 2 times (x 75B)

---------------  S Y S T E M  ---------------

OS:
 Windows 10 , 64 bit Build 19041 (10.0.19041.5915)
OS uptime: 0 days 19:59 hours
Hyper-V role detected

CPU: total 4 (initial active 4) (2 cores per cpu, 2 threads per core) family 6 model 60 stepping 3 microcode 0x27, cx8, cmov, fxsr, ht, mmx, sse, sse2, sse3, ssse3, sse4.1, sse4.2, popcnt, lzcnt, tsc, tscinvbit, avx, avx2, aes, erms, clmul, bmi1, bmi2, fma, vzeroupper, clflush, hv, rdtscp, f16c
Processor Information for the first 4 processors :
  Max Mhz: 2500, Current Mhz: 800, Mhz Limit: 2400

Memory: 4k page, system-wide physical 12196M (3992M free)
TotalPageFile size 27348M (AvailPageFile size 8M)
current process WorkingSet (physical memory assigned to process): 282M, peak: 287M
current process commit charge ("private bytes"): 312M, peak: 316M

vm_info: OpenJDK 64-Bit Server VM (21.0.9+-14787801-b1163.94) for windows-amd64 JRE (21.0.9+-14787801-b1163.94), built on 2026-01-27T21:15:44Z by "builder" with MS VC++ 16.10 / 16.11 (VS2019)

END.
